verdict: valid
executions: 136
--- execution 0 ---
E: 0=t-:I@ 1=t-:T@ 2=t-:T@ 3=t0:W@x 4=t0:W@y 5=t0:W@z 6=t0:R@x 7=t0:R@z 8=t0:W@x
po: (0,1) (0,2) (0,3) (0,4) (0,5) (0,6) (0,7) (0,8) (3,1) (3,2) (3,4) (3,5) (3,6) (3,7) (3,8) (4,1) (4,2) (4,5) (4,6) (4,7) (4,8) (5,1) (5,2) (5,6) (5,7) (5,8) (6,1) (7,2) (7,8) (8,2)
rf: (3,6) (5,7)
dp: 
ppo: (0,1) (0,2) (0,3) (0,4) (0,5) (0,6) (0,7) (0,8) (3,1) (3,2) (3,6) (3,8) (4,1) (4,2) (5,1) (5,2) (5,7) (6,1) (7,2) (8,2)
rmw: 
phi: (x != y) ; (x != z) ; (y != z) ; (α = 0) ; (β = 0) ; (γ = 0)
--- execution 1 ---
E: 0=t-:I@ 1=t-:T@ 2=t-:T@ 3=t0:W@x 4=t0:W@y 5=t0:W@z 6=t0:R@x 7=t0:R@z 8=t0:W@y 9=t0:W@x
po: (0,1) (0,2) (0,3) (0,4) (0,5) (0,6) (0,7) (0,8) (0,9) (3,1) (3,2) (3,4) (3,5) (3,6) (3,7) (3,8) (3,9) (4,1) (4,2) (4,5) (4,6) (4,7) (4,8) (4,9) (5,1) (5,2) (5,6) (5,7) (5,8) (5,9) (6,1) (7,2) (7,8) (7,9) (8,2) (8,9) (9,2)
rf: (3,6) (5,7)
dp: (7,8)
ppo: (0,1) (0,2) (0,3) (0,4) (0,5) (0,6) (0,7) (0,8) (0,9) (3,1) (3,2) (3,6) (3,9) (4,1) (4,2) (4,8) (5,1) (5,2) (5,7) (6,1) (7,2) (8,2) (9,2)
rmw: 
phi: (x != y) ; (x != z) ; (y != z) ; (α = 0) ; (β = 0) ; (γ = 0)
--- execution 2 ---
E: 0=t-:I@ 1=t-:T@ 2=t-:T@ 3=t0:W@x 4=t0:W@y 5=t0:W@z 6=t0:R@x 7=t0:W@x
po: (0,1) (0,2) (0,3) (0,4) (0,5) (0,6) (0,7) (3,1) (3,2) (3,4) (3,5) (3,6) (3,7) (4,1) (4,2) (4,5) (4,6) (4,7) (5,1) (5,2) (5,6) (5,7) (6,1) (7,2)
rf: (3,6)
dp: 
ppo: (0,1) (0,2) (0,3) (0,4) (0,5) (0,6) (0,7) (3,1) (3,2) (3,6) (3,7) (4,1) (4,2) (5,1) (5,2) (6,1) (7,2)
rmw: 
phi: (x != y) ; (x != z) ; (y != z) ; (α = 0) ; (β = 0) ; (γ = 0)
--- execution 3 ---
E: 0=t-:I@ 1=t-:T@ 2=t-:T@ 3=t0:W@x 4=t0:W@y 5=t0:W@z 6=t0:R@x 7=t0:W@y 8=t0:R@z 9=t0:W@x
po: (0,1) (0,2) (0,3) (0,4) (0,5) (0,6) (0,7) (0,8) (0,9) (3,1) (3,2) (3,4) (3,5) (3,6) (3,7) (3,8) (3,9) (4,1) (4,2) (4,5) (4,6) (4,7) (4,8) (4,9) (5,1) (5,2) (5,6) (5,7) (5,8) (5,9) (6,1) (6,7) (7,1) (8,2) (8,9) (9,2)
rf: (3,6) (5,8)
dp: (6,7)
ppo: (0,1) (0,2) (0,3) (0,4) (0,5) (0,6) (0,7) (0,8) (0,9) (3,1) (3,2) (3,6) (3,9) (4,1) (4,2) (4,7) (5,1) (5,2) (5,8) (6,1) (7,1) (8,2) (9,2)
rmw: 
phi: (x != y) ; (x != z) ; (y != z) ; (α = 0) ; (β = 0) ; (γ = 0)
--- execution 4 ---
E: 0=t-:I@ 1=t-:T@ 2=t-:T@ 3=t0:W@x 4=t0:W@y 5=t0:W@z 6=t0:R@x 7=t0:W@y 8=t0:R@z 9=t0:W@x
po: (0,1) (0,2) (0,3) (0,4) (0,5) (0,6) (0,7) (0,8) (0,9) (3,1) (3,2) (3,4) (3,5) (3,6) (3,7) (3,8) (3,9) (4,1) (4,2) (4,5) (4,6) (4,7) (4,8) (4,9) (5,1) (5,2) (5,6) (5,7) (5,8) (5,9) (6,1) (6,7) (7,1) (8,2) (8,9) (9,2)
rf: (5,8) (9,6)
dp: (6,7)
ppo: (0,1) (0,2) (0,3) (0,4) (0,5) (0,6) (0,7) (0,8) (0,9) (3,1) (3,2) (3,6) (3,9) (4,1) (4,2) (4,7) (5,1) (5,2) (5,8) (6,1) (7,1) (8,2) (9,2)
rmw: 
phi: (x != y) ; (x != z) ; (y != z) ; (α = 0) ; (β = 1) ; (γ = 0)
--- execution 5 ---
E: 0=t-:I@ 1=t-:T@ 2=t-:T@ 3=t0:W@x 4=t0:W@y 5=t0:W@z 6=t0:R@x 7=t0:W@y 8=t0:R@z 9=t0:W@y 10=t0:W@x
po: (0,1) (0,2) (0,3) (0,4) (0,5) (0,6) (0,7) (0,8) (0,9) (0,10) (3,1) (3,2) (3,4) (3,5) (3,6) (3,7) (3,8) (3,9) (3,10) (4,1) (4,2) (4,5) (4,6) (4,7) (4,8) (4,9) (4,10) (5,1) (5,2) (5,6) (5,7) (5,8) (5,9) (5,10) (6,1) (6,7) (7,1) (8,2) (8,9) (8,10) (9,2) (9,10) (10,2)
rf: (3,6) (5,8)
dp: (6,7) (8,9)
ppo: (0,1) (0,2) (0,3) (0,4) (0,5) (0,6) (0,7) (0,8) (0,9) (0,10) (3,1) (3,2) (3,6) (3,10) (4,1) (4,2) (4,7) (4,9) (5,1) (5,2) (5,8) (6,1) (7,1) (8,2) (9,2) (10,2)
rmw: 
phi: (x != y) ; (x != z) ; (y != z) ; (α = 0) ; (β = 0) ; (γ = 0)
--- execution 6 ---
E: 0=t-:I@ 1=t-:T@ 2=t-:T@ 3=t0:W@x 4=t0:W@y 5=t0:W@z 6=t0:R@x 7=t0:W@y 8=t0:R@z 9=t0:W@y 10=t0:W@x
po: (0,1) (0,2) (0,3) (0,4) (0,5) (0,6) (0,7) (0,8) (0,9) (0,10) (3,1) (3,2) (3,4) (3,5) (3,6) (3,7) (3,8) (3,9) (3,10) (4,1) (4,2) (4,5) (4,6) (4,7) (4,8) (4,9) (4,10) (5,1) (5,2) (5,6) (5,7) (5,8) (5,9) (5,10) (6,1) (6,7) (7,1) (8,2) (8,9) (8,10) (9,2) (9,10) (10,2)
rf: (5,8) (10,6)
dp: (6,7) (8,9)
ppo: (0,1) (0,2) (0,3) (0,4) (0,5) (0,6) (0,7) (0,8) (0,9) (0,10) (3,1) (3,2) (3,6) (3,10) (4,1) (4,2) (4,7) (4,9) (5,1) (5,2) (5,8) (6,1) (7,1) (8,2) (9,2) (10,2)
rmw: 
phi: (x != y) ; (x != z) ; (y != z) ; (α = 0) ; (β = 1) ; (γ = 0)
--- execution 7 ---
E: 0=t-:I@ 1=t-:T@ 2=t-:T@ 3=t0:W@x 4=t0:W@y 5=t0:W@z 6=t0:R@x 7=t0:W@y 8=t0:W@x
po: (0,1) (0,2) (0,3) (0,4) (0,5) (0,6) (0,7) (0,8) (3,1) (3,2) (3,4) (3,5) (3,6) (3,7) (3,8) (4,1) (4,2) (4,5) (4,6) (4,7) (4,8) (5,1) (5,2) (5,6) (5,7) (5,8) (6,1) (6,7) (7,1) (8,2)
rf: (3,6)
dp: (6,7)
ppo: (0,1) (0,2) (0,3) (0,4) (0,5) (0,6) (0,7) (0,8) (3,1) (3,2) (3,6) (3,8) (4,1) (4,2) (4,7) (5,1) (5,2) (6,1) (7,1) (8,2)
rmw: 
phi: (x != y) ; (x != z) ; (y != z) ; (α = 0) ; (β = 0) ; (γ = 0)
--- execution 8 ---
E: 0=t-:I@ 1=t-:T@ 2=t-:T@ 3=t0:W@x 4=t0:W@y 5=t0:W@z 6=t0:R@x 7=t0:W@y 8=t0:W@x
po: (0,1) (0,2) (0,3) (0,4) (0,5) (0,6) (0,7) (0,8) (3,1) (3,2) (3,4) (3,5) (3,6) (3,7) (3,8) (4,1) (4,2) (4,5) (4,6) (4,7) (4,8) (5,1) (5,2) (5,6) (5,7) (5,8) (6,1) (6,7) (7,1) (8,2)
rf: (8,6)
dp: (6,7)
ppo: (0,1) (0,2) (0,3) (0,4) (0,5) (0,6) (0,7) (0,8) (3,1) (3,2) (3,6) (3,8) (4,1) (4,2) (4,7) (5,1) (5,2) (6,1) (7,1) (8,2)
rmw: 
phi: (x != y) ; (x != z) ; (y != z) ; (α = 0) ; (β = 1) ; (γ = 0)
--- execution 9 ---
E: 0=t-:I@ 1=t-:T@ 2=t-:T@ 3=t0:W@x 4=t0:W@y 5=t0:W@z 6=t0:R@x 7=t0:W@y 8=t0:W@x
po: (0,1) (0,2) (0,3) (0,4) (0,5) (0,6) (0,7) (0,8) (3,1) (3,2) (3,4) (3,5) (3,6) (3,7) (3,8) (4,1) (4,2) (4,5) (4,6) (4,7) (4,8) (5,1) (5,2) (5,6) (5,7) (5,8) (6,1) (7,2) (7,8) (8,2)
rf: (3,6)
dp: 
ppo: (0,1) (0,2) (0,3) (0,4) (0,5) (0,6) (0,7) (0,8) (3,1) (3,2) (3,6) (3,8) (4,1) (4,2) (4,7) (5,1) (5,2) (6,1) (7,2) (8,2)
rmw: 
phi: (x != y) ; (x != z) ; (y != z) ; (α = 0) ; (β = 0) ; (γ = 0)
--- execution 10 ---
E: 0=t-:I@ 1=t-:T@ 2=t-:T@ 3=t0:W@x 4=t0:W@y 5=t0:W@z 6=t0:R@x 7=t0:W@y 8=t0:W@y 9=t0:W@x
po: (0,1) (0,2) (0,3) (0,4) (0,5) (0,6) (0,7) (0,8) (0,9) (3,1) (3,2) (3,4) (3,5) (3,6) (3,7) (3,8) (3,9) (4,1) (4,2) (4,5) (4,6) (4,7) (4,8) (4,9) (5,1) (5,2) (5,6) (5,7) (5,8) (5,9) (6,1) (6,7) (7,1) (8,2) (8,9) (9,2)
rf: (3,6)
dp: (6,7)
ppo: (0,1) (0,2) (0,3) (0,4) (0,5) (0,6) (0,7) (0,8) (0,9) (3,1) (3,2) (3,6) (3,9) (4,1) (4,2) (4,7) (4,8) (5,1) (5,2) (6,1) (7,1) (8,2) (9,2)
rmw: 
phi: (x != y) ; (x != z) ; (y != z) ; (α = 0) ; (β = 0) ; (γ = 0)
--- execution 11 ---
E: 0=t-:I@ 1=t-:T@ 2=t-:T@ 3=t0:W@x 4=t0:W@y 5=t0:W@z 6=t0:R@x 7=t0:W@y 8=t0:W@y 9=t0:W@x
po: (0,1) (0,2) (0,3) (0,4) (0,5) (0,6) (0,7) (0,8) (0,9) (3,1) (3,2) (3,4) (3,5) (3,6) (3,7) (3,8) (3,9) (4,1) (4,2) (4,5) (4,6) (4,7) (4,8) (4,9) (5,1) (5,2) (5,6) (5,7) (5,8) (5,9) (6,1) (6,7) (7,1) (8,2) (8,9) (9,2)
rf: (9,6)
dp: (6,7)
ppo: (0,1) (0,2) (0,3) (0,4) (0,5) (0,6) (0,7) (0,8) (0,9) (3,1) (3,2) (3,6) (3,9) (4,1) (4,2) (4,7) (4,8) (5,1) (5,2) (6,1) (7,1) (8,2) (9,2)
rmw: 
phi: (x != y) ; (x != z) ; (y != z) ; (α = 0) ; (β = 1) ; (γ = 0)
--- execution 12 ---
E: 0=t-:I@ 1=t-:T@ 2=t-:T@ 3=t0:W@x 4=t0:W@y 5=t0:W@z 6=t0:R@z 7=t0:R@x 8=t0:R@z 9=t0:W@x
po: (0,1) (0,2) (0,3) (0,4) (0,5) (0,6) (0,7) (0,8) (0,9) (3,1) (3,2) (3,4) (3,5) (3,6) (3,7) (3,8) (3,9) (4,1) (4,2) (4,5) (4,6) (4,7) (4,8) (4,9) (5,1) (5,2) (5,6) (5,7) (5,8) (5,9) (6,1) (6,7) (7,1) (8,2) (8,9) (9,2)
rf: (3,7) (5,6) (5,8)
dp: 
ppo: (0,1) (0,2) (0,3) (0,4) (0,5) (0,6) (0,7) (0,8) (0,9) (3,1) (3,2) (3,7) (3,9) (4,1) (4,2) (5,1) (5,2) (5,6) (5,8) (6,1) (7,1) (8,2) (9,2)
rmw: 
phi: (x != y) ; (x != z) ; (y != z) ; (α = 0) ; (β = 0) ; (γ = 0)
--- execution 13 ---
E: 0=t-:I@ 1=t-:T@ 2=t-:T@ 3=t0:W@x 4=t0:W@y 5=t0:W@z 6=t0:R@z 7=t0:R@x 8=t0:R@z 9=t0:W@y 10=t0:W@x
po: (0,1) (0,2) (0,3) (0,4) (0,5) (0,6) (0,7) (0,8) (0,9) (0,10) (3,1) (3,2) (3,4) (3,5) (3,6) (3,7) (3,8) (3,9) (3,10) (4,1) (4,2) (4,5) (4,6) (4,7) (4,8) (4,9) (4,10) (5,1) (5,2) (5,6) (5,7) (5,8) (5,9) (5,10) (6,1) (6,7) (7,1) (8,2) (8,9) (8,10) (9,2) (9,10) (10,2)
rf: (3,7) (5,6) (5,8)
dp: (8,9)
ppo: (0,1) (0,2) (0,3) (0,4) (0,5) (0,6) (0,7) (0,8) (0,9) (0,10) (3,1) (3,2) (3,7) (3,10) (4,1) (4,2) (4,9) (5,1) (5,2) (5,6) (5,8) (6,1) (7,1) (8,2) (9,2) (10,2)
rmw: 
phi: (x != y) ; (x != z) ; (y != z) ; (α = 0) ; (β = 0) ; (γ = 0)
--- execution 14 ---
E: 0=t-:I@ 1=t-:T@ 2=t-:T@ 3=t0:W@x 4=t0:W@y 5=t0:W@z 6=t0:R@z 7=t0:R@x 8=t0:W@x
po: (0,1) (0,2) (0,3) (0,4) (0,5) (0,6) (0,7) (0,8) (3,1) (3,2) (3,4) (3,5) (3,6) (3,7) (3,8) (4,1) (4,2) (4,5) (4,6) (4,7) (4,8) (5,1) (5,2) (5,6) (5,7) (5,8) (6,1) (6,7) (7,1) (8,2)
rf: (3,7) (5,6)
dp: 
ppo: (0,1) (0,2) (0,3) (0,4) (0,5) (0,6) (0,7) (0,8) (3,1) (3,2) (3,7) (3,8) (4,1) (4,2) (5,1) (5,2) (5,6) (6,1) (7,1) (8,2)
rmw: 
phi: (x != y) ; (x != z) ; (y != z) ; (α = 0) ; (β = 0) ; (γ = 0)
--- execution 15 ---
E: 0=t-:I@ 1=t-:T@ 2=t-:T@ 3=t0:W@x 4=t0:W@y 5=t0:W@z 6=t0:R@z 7=t0:R@x 8=t0:W@y 9=t0:R@z 10=t0:W@x
po: (0,1) (0,2) (0,3) (0,4) (0,5) (0,6) (0,7) (0,8) (0,9) (0,10) (3,1) (3,2) (3,4) (3,5) (3,6) (3,7) (3,8) (3,9) (3,10) (4,1) (4,2) (4,5) (4,6) (4,7) (4,8) (4,9) (4,10) (5,1) (5,2) (5,6) (5,7) (5,8) (5,9) (5,10) (6,1) (6,7) (6,8) (7,1) (7,8) (8,1) (9,2) (9,10) (10,2)
rf: (3,7) (5,6) (5,9)
dp: (7,8)
ppo: (0,1) (0,2) (0,3) (0,4) (0,5) (0,6) (0,7) (0,8) (0,9) (0,10) (3,1) (3,2) (3,7) (3,10) (4,1) (4,2) (4,8) (5,1) (5,2) (5,6) (5,9) (6,1) (7,1) (8,1) (9,2) (10,2)
rmw: 
phi: (x != y) ; (x != z) ; (y != z) ; (α = 0) ; (β = 0) ; (γ = 0)
--- execution 16 ---
E: 0=t-:I@ 1=t-:T@ 2=t-:T@ 3=t0:W@x 4=t0:W@y 5=t0:W@z 6=t0:R@z 7=t0:R@x 8=t0:W@y 9=t0:R@z 10=t0:W@x
po: (0,1) (0,2) (0,3) (0,4) (0,5) (0,6) (0,7) (0,8) (0,9) (0,10) (3,1) (3,2) (3,4) (3,5) (3,6) (3,7) (3,8) (3,9) (3,10) (4,1) (4,2) (4,5) (4,6) (4,7) (4,8) (4,9) (4,10) (5,1) (5,2) (5,6) (5,7) (5,8) (5,9) (5,10) (6,1) (6,7) (6,8) (7,1) (7,8) (8,1) (9,2) (9,10) (10,2)
rf: (5,6) (5,9) (10,7)
dp: (7,8)
ppo: (0,1) (0,2) (0,3) (0,4) (0,5) (0,6) (0,7) (0,8) (0,9) (0,10) (3,1) (3,2) (3,7) (3,10) (4,1) (4,2) (4,8) (5,1) (5,2) (5,6) (5,9) (6,1) (7,1) (8,1) (9,2) (10,2)
rmw: 
phi: (x != y) ; (x != z) ; (y != z) ; (α = 0) ; (β = 1) ; (γ = 0)
--- execution 17 ---
E: 0=t-:I@ 1=t-:T@ 2=t-:T@ 3=t0:W@x 4=t0:W@y 5=t0:W@z 6=t0:R@z 7=t0:R@x 8=t0:W@y 9=t0:R@z 10=t0:W@y 11=t0:W@x
po: (0,1) (0,2) (0,3) (0,4) (0,5) (0,6) (0,7) (0,8) (0,9) (0,10) (0,11) (3,1) (3,2) (3,4) (3,5) (3,6) (3,7) (3,8) (3,9) (3,10) (3,11) (4,1) (4,2) (4,5) (4,6) (4,7) (4,8) (4,9) (4,10) (4,11) (5,1) (5,2) (5,6) (5,7) (5,8) (5,9) (5,10) (5,11) (6,1) (6,7) (6,8) (7,1) (7,8) (8,1) (9,2) (9,10) (9,11) (10,2) (10,11) (11,2)
rf: (3,7) (5,6) (5,9)
dp: (7,8) (9,10)
ppo: (0,1) (0,2) (0,3) (0,4) (0,5) (0,6) (0,7) (0,8) (0,9) (0,10) (0,11) (3,1) (3,2) (3,7) (3,11) (4,1) (4,2) (4,8) (4,10) (5,1) (5,2) (5,6) (5,9) (6,1) (7,1) (8,1) (9,2) (10,2) (11,2)
rmw: 
phi: (x != y) ; (x != z) ; (y != z) ; (α = 0) ; (β = 0) ; (γ = 0)
--- execution 18 ---
E: 0=t-:I@ 1=t-:T@ 2=t-:T@ 3=t0:W@x 4=t0:W@y 5=t0:W@z 6=t0:R@z 7=t0:R@x 8=t0:W@y 9=t0:R@z 10=t0:W@y 11=t0:W@x
po: (0,1) (0,2) (0,3) (0,4) (0,5) (0,6) (0,7) (0,8) (0,9) (0,10) (0,11) (3,1) (3,2) (3,4) (3,5) (3,6) (3,7) (3,8) (3,9) (3,10) (3,11) (4,1) (4,2) (4,5) (4,6) (4,7) (4,8) (4,9) (4,10) (4,11) (5,1) (5,2) (5,6) (5,7) (5,8) (5,9) (5,10) (5,11) (6,1) (6,7) (6,8) (7,1) (7,8) (8,1) (9,2) (9,10) (9,11) (10,2) (10,11) (11,2)
rf: (5,6) (5,9) (11,7)
dp: (7,8) (9,10)
ppo: (0,1) (0,2) (0,3) (0,4) (0,5) (0,6) (0,7) (0,8) (0,9) (0,10) (0,11) (3,1) (3,2) (3,7) (3,11) (4,1) (4,2) (4,8) (4,10) (5,1) (5,2) (5,6) (5,9) (6,1) (7,1) (8,1) (9,2) (10,2) (11,2)
rmw: 
phi: (x != y) ; (x != z) ; (y != z) ; (α = 0) ; (β = 1) ; (γ = 0)
--- execution 19 ---
E: 0=t-:I@ 1=t-:T@ 2=t-:T@ 3=t0:W@x 4=t0:W@y 5=t0:W@z 6=t0:R@z 7=t0:R@x 8=t0:W@y 9=t0:W@x
po: (0,1) (0,2) (0,3) (0,4) (0,5) (0,6) (0,7) (0,8) (0,9) (3,1) (3,2) (3,4) (3,5) (3,6) (3,7) (3,8) (3,9) (4,1) (4,2) (4,5) (4,6) (4,7) (4,8) (4,9) (5,1) (5,2) (5,6) (5,7) (5,8) (5,9) (6,1) (6,7) (6,8) (7,1) (7,8) (8,1) (9,2)
rf: (3,7) (5,6)
dp: (7,8)
ppo: (0,1) (0,2) (0,3) (0,4) (0,5) (0,6) (0,7) (0,8) (0,9) (3,1) (3,2) (3,7) (3,9) (4,1) (4,2) (4,8) (5,1) (5,2) (5,6) (6,1) (7,1) (8,1) (9,2)
rmw: 
phi: (x != y) ; (x != z) ; (y != z) ; (α = 0) ; (β = 0) ; (γ = 0)
--- execution 20 ---
E: 0=t-:I@ 1=t-:T@ 2=t-:T@ 3=t0:W@x 4=t0:W@y 5=t0:W@z 6=t0:R@z 7=t0:R@x 8=t0:W@y 9=t0:W@x
po: (0,1) (0,2) (0,3) (0,4) (0,5) (0,6) (0,7) (0,8) (0,9) (3,1) (3,2) (3,4) (3,5) (3,6) (3,7) (3,8) (3,9) (4,1) (4,2) (4,5) (4,6) (4,7) (4,8) (4,9) (5,1) (5,2) (5,6) (5,7) (5,8) (5,9) (6,1) (6,7) (6,8) (7,1) (7,8) (8,1) (9,2)
rf: (5,6) (9,7)
dp: (7,8)
ppo: (0,1) (0,2) (0,3) (0,4) (0,5) (0,6) (0,7) (0,8) (0,9) (3,1) (3,2) (3,7) (3,9) (4,1) (4,2) (4,8) (5,1) (5,2) (5,6) (6,1) (7,1) (8,1) (9,2)
rmw: 
phi: (x != y) ; (x != z) ; (y != z) ; (α = 0) ; (β = 1) ; (γ = 0)
--- execution 21 ---
E: 0=t-:I@ 1=t-:T@ 2=t-:T@ 3=t0:W@x 4=t0:W@y 5=t0:W@z 6=t0:R@z 7=t0:R@x 8=t0:W@y 9=t0:W@x
po: (0,1) (0,2) (0,3) (0,4) (0,5) (0,6) (0,7) (0,8) (0,9) (3,1) (3,2) (3,4) (3,5) (3,6) (3,7) (3,8) (3,9) (4,1) (4,2) (4,5) (4,6) (4,7) (4,8) (4,9) (5,1) (5,2) (5,6) (5,7) (5,8) (5,9) (6,1) (6,7) (7,1) (8,2) (8,9) (9,2)
rf: (3,7) (5,6)
dp: 
ppo: (0,1) (0,2) (0,3) (0,4) (0,5) (0,6) (0,7) (0,8) (0,9) (3,1) (3,2) (3,7) (3,9) (4,1) (4,2) (4,8) (5,1) (5,2) (5,6) (6,1) (7,1) (8,2) (9,2)
rmw: 
phi: (x != y) ; (x != z) ; (y != z) ; (α = 0) ; (β = 0) ; (γ = 0)
--- execution 22 ---
E: 0=t-:I@ 1=t-:T@ 2=t-:T@ 3=t0:W@x 4=t0:W@y 5=t0:W@z 6=t0:R@z 7=t0:R@x 8=t0:W@y 9=t0:W@y 10=t0:W@x
po: (0,1) (0,2) (0,3) (0,4) (0,5) (0,6) (0,7) (0,8) (0,9) (0,10) (3,1) (3,2) (3,4) (3,5) (3,6) (3,7) (3,8) (3,9) (3,10) (4,1) (4,2) (4,5) (4,6) (4,7) (4,8) (4,9) (4,10) (5,1) (5,2) (5,6) (5,7) (5,8) (5,9) (5,10) (6,1) (6,7) (6,8) (7,1) (7,8) (8,1) (9,2) (9,10) (10,2)
rf: (3,7) (5,6)
dp: (7,8)
ppo: (0,1) (0,2) (0,3) (0,4) (0,5) (0,6) (0,7) (0,8) (0,9) (0,10) (3,1) (3,2) (3,7) (3,10) (4,1) (4,2) (4,8) (4,9) (5,1) (5,2) (5,6) (6,1) (7,1) (8,1) (9,2) (10,2)
rmw: 
phi: (x != y) ; (x != z) ; (y != z) ; (α = 0) ; (β = 0) ; (γ = 0)
--- execution 23 ---
E: 0=t-:I@ 1=t-:T@ 2=t-:T@ 3=t0:W@x 4=t0:W@y 5=t0:W@z 6=t0:R@z 7=t0:R@x 8=t0:W@y 9=t0:W@y 10=t0:W@x
po: (0,1) (0,2) (0,3) (0,4) (0,5) (0,6) (0,7) (0,8) (0,9) (0,10) (3,1) (3,2) (3,4) (3,5) (3,6) (3,7) (3,8) (3,9) (3,10) (4,1) (4,2) (4,5) (4,6) (4,7) (4,8) (4,9) (4,10) (5,1) (5,2) (5,6) (5,7) (5,8) (5,9) (5,10) (6,1) (6,7) (6,8) (7,1) (7,8) (8,1) (9,2) (9,10) (10,2)
rf: (5,6) (10,7)
dp: (7,8)
ppo: (0,1) (0,2) (0,3) (0,4) (0,5) (0,6) (0,7) (0,8) (0,9) (0,10) (3,1) (3,2) (3,7) (3,10) (4,1) (4,2) (4,8) (4,9) (5,1) (5,2) (5,6) (6,1) (7,1) (8,1) (9,2) (10,2)
rmw: 
phi: (x != y) ; (x != z) ; (y != z) ; (α = 0) ; (β = 1) ; (γ = 0)
--- execution 24 ---
E: 0=t-:I@ 1=t-:T@ 2=t-:T@ 3=t0:W@x 4=t0:W@y 5=t0:W@z 6=t0:R@z 7=t0:R@z 8=t0:W@x
po: (0,1) (0,2) (0,3) (0,4) (0,5) (0,6) (0,7) (0,8) (3,1) (3,2) (3,4) (3,5) (3,6) (3,7) (3,8) (4,1) (4,2) (4,5) (4,6) (4,7) (4,8) (5,1) (5,2) (5,6) (5,7) (5,8) (6,1) (7,2) (7,8) (8,2)
rf: (5,6) (5,7)
dp: 
ppo: (0,1) (0,2) (0,3) (0,4) (0,5) (0,6) (0,7) (0,8) (3,1) (3,2) (3,8) (4,1) (4,2) (5,1) (5,2) (5,6) (5,7) (6,1) (7,2) (8,2)
rmw: 
phi: (x != y) ; (x != z) ; (y != z) ; (α = 0) ; (β = 0) ; (γ = 0)
--- execution 25 ---
E: 0=t-:I@ 1=t-:T@ 2=t-:T@ 3=t0:W@x 4=t0:W@y 5=t0:W@z 6=t0:R@z 7=t0:R@z 8=t0:W@y 9=t0:W@x
po: (0,1) (0,2) (0,3) (0,4) (0,5) (0,6) (0,7) (0,8) (0,9) (3,1) (3,2) (3,4) (3,5) (3,6) (3,7) (3,8) (3,9) (4,1) (4,2) (4,5) (4,6) (4,7) (4,8) (4,9) (5,1) (5,2) (5,6) (5,7) (5,8) (5,9) (6,1) (7,2) (7,8) (7,9) (8,2) (8,9) (9,2)
rf: (5,6) (5,7)
dp: (7,8)
ppo: (0,1) (0,2) (0,3) (0,4) (0,5) (0,6) (0,7) (0,8) (0,9) (3,1) (3,2) (3,9) (4,1) (4,2) (4,8) (5,1) (5,2) (5,6) (5,7) (6,1) (7,2) (8,2) (9,2)
rmw: 
phi: (x != y) ; (x != z) ; (y != z) ; (α = 0) ; (β = 0) ; (γ = 0)
--- execution 26 ---
E: 0=t-:I@ 1=t-:T@ 2=t-:T@ 3=t0:W@x 4=t0:W@y 5=t0:W@z 6=t0:R@z 7=t0:W@x
po: (0,1) (0,2) (0,3) (0,4) (0,5) (0,6) (0,7) (3,1) (3,2) (3,4) (3,5) (3,6) (3,7) (4,1) (4,2) (4,5) (4,6) (4,7) (5,1) (5,2) (5,6) (5,7) (6,1) (7,2)
rf: (5,6)
dp: 
ppo: (0,1) (0,2) (0,3) (0,4) (0,5) (0,6) (0,7) (3,1) (3,2) (3,7) (4,1) (4,2) (5,1) (5,2) (5,6) (6,1) (7,2)
rmw: 
phi: (x != y) ; (x != z) ; (y != z) ; (α = 0) ; (β = 0) ; (γ = 0)
--- execution 27 ---
E: 0=t-:I@ 1=t-:T@ 2=t-:T@ 3=t0:W@x 4=t0:W@y 5=t0:W@z 6=t0:R@z 7=t0:W@x
po: (0,1) (0,2) (0,3) (0,4) (0,5) (0,6) (0,7) (3,1) (3,2) (3,4) (3,5) (3,6) (3,7) (4,1) (4,2) (4,5) (4,6) (4,7) (5,1) (5,2) (5,6) (5,7) (6,2) (6,7) (7,2)
rf: (5,6)
dp: 
ppo: (0,1) (0,2) (0,3) (0,4) (0,5) (0,6) (0,7) (3,1) (3,2) (3,7) (4,1) (4,2) (5,1) (5,2) (5,6) (6,2) (7,2)
rmw: 
phi: (x != y) ; (x != z) ; (y != z) ; (α = 0) ; (β = 0) ; (γ = 0)
--- execution 28 ---
E: 0=t-:I@ 1=t-:T@ 2=t-:T@ 3=t0:W@x 4=t0:W@y 5=t0:W@z 6=t0:R@z 7=t0:W@y 8=t0:R@z 9=t0:W@x
po: (0,1) (0,2) (0,3) (0,4) (0,5) (0,6) (0,7) (0,8) (0,9) (3,1) (3,2) (3,4) (3,5) (3,6) (3,7) (3,8) (3,9) (4,1) (4,2) (4,5) (4,6) (4,7) (4,8) (4,9) (5,1) (5,2) (5,6) (5,7) (5,8) (5,9) (6,1) (6,7) (7,1) (8,2) (8,9) (9,2)
rf: (5,6) (5,8)
dp: 
ppo: (0,1) (0,2) (0,3) (0,4) (0,5) (0,6) (0,7) (0,8) (0,9) (3,1) (3,2) (3,9) (4,1) (4,2) (4,7) (5,1) (5,2) (5,6) (5,8) (6,1) (7,1) (8,2) (9,2)
rmw: 
phi: (x != y) ; (x != z) ; (y != z) ; (α = 0) ; (β = 0) ; (γ = 0)
--- execution 29 ---
E: 0=t-:I@ 1=t-:T@ 2=t-:T@ 3=t0:W@x 4=t0:W@y 5=t0:W@z 6=t0:R@z 7=t0:W@y 8=t0:R@z 9=t0:W@y 10=t0:W@x
po: (0,1) (0,2) (0,3) (0,4) (0,5) (0,6) (0,7) (0,8) (0,9) (0,10) (3,1) (3,2) (3,4) (3,5) (3,6) (3,7) (3,8) (3,9) (3,10) (4,1) (4,2) (4,5) (4,6) (4,7) (4,8) (4,9) (4,10) (5,1) (5,2) (5,6) (5,7) (5,8) (5,9) (5,10) (6,1) (6,7) (7,1) (8,2) (8,9) (8,10) (9,2) (9,10) (10,2)
rf: (5,6) (5,8)
dp: (8,9)
ppo: (0,1) (0,2) (0,3) (0,4) (0,5) (0,6) (0,7) (0,8) (0,9) (0,10) (3,1) (3,2) (3,10) (4,1) (4,2) (4,7) (4,9) (5,1) (5,2) (5,6) (5,8) (6,1) (7,1) (8,2) (9,2) (10,2)
rmw: 
phi: (x != y) ; (x != z) ; (y != z) ; (α = 0) ; (β = 0) ; (γ = 0)
--- execution 30 ---
E: 0=t-:I@ 1=t-:T@ 2=t-:T@ 3=t0:W@x 4=t0:W@y 5=t0:W@z 6=t0:R@z 7=t0:W@y 8=t0:W@x
po: (0,1) (0,2) (0,3) (0,4) (0,5) (0,6) (0,7) (0,8) (3,1) (3,2) (3,4) (3,5) (3,6) (3,7) (3,8) (4,1) (4,2) (4,5) (4,6) (4,7) (4,8) (5,1) (5,2) (5,6) (5,7) (5,8) (6,1) (6,7) (7,1) (8,2)
rf: (5,6)
dp: 
ppo: (0,1) (0,2) (0,3) (0,4) (0,5) (0,6) (0,7) (0,8) (3,1) (3,2) (3,8) (4,1) (4,2) (4,7) (5,1) (5,2) (5,6) (6,1) (7,1) (8,2)
rmw: 
phi: (x != y) ; (x != z) ; (y != z) ; (α = 0) ; (β = 0) ; (γ = 0)
--- execution 31 ---
E: 0=t-:I@ 1=t-:T@ 2=t-:T@ 3=t0:W@x 4=t0:W@y 5=t0:W@z 6=t0:R@z 7=t0:W@y 8=t0:W@x
po: (0,1) (0,2) (0,3) (0,4) (0,5) (0,6) (0,7) (0,8) (3,1) (3,2) (3,4) (3,5) (3,6) (3,7) (3,8) (4,1) (4,2) (4,5) (4,6) (4,7) (4,8) (5,1) (5,2) (5,6) (5,7) (5,8) (6,1) (7,2) (7,8) (8,2)
rf: (5,6)
dp: 
ppo: (0,1) (0,2) (0,3) (0,4) (0,5) (0,6) (0,7) (0,8) (3,1) (3,2) (3,8) (4,1) (4,2) (4,7) (5,1) (5,2) (5,6) (6,1) (7,2) (8,2)
rmw: 
phi: (x != y) ; (x != z) ; (y != z) ; (α = 0) ; (β = 0) ; (γ = 0)
--- execution 32 ---
E: 0=t-:I@ 1=t-:T@ 2=t-:T@ 3=t0:W@x 4=t0:W@y 5=t0:W@z 6=t0:R@z 7=t0:W@y 8=t0:W@x
po: (0,1) (0,2) (0,3) (0,4) (0,5) (0,6) (0,7) (0,8) (3,1) (3,2) (3,4) (3,5) (3,6) (3,7) (3,8) (4,1) (4,2) (4,5) (4,6) (4,7) (4,8) (5,1) (5,2) (5,6) (5,7) (5,8) (6,2) (6,7) (6,8) (7,2) (7,8) (8,2)
rf: (5,6)
dp: (6,7)
ppo: (0,1) (0,2) (0,3) (0,4) (0,5) (0,6) (0,7) (0,8) (3,1) (3,2) (3,8) (4,1) (4,2) (4,7) (5,1) (5,2) (5,6) (6,2) (7,2) (8,2)
rmw: 
phi: (x != y) ; (x != z) ; (y != z) ; (α = 0) ; (β = 0) ; (γ = 0)
--- execution 33 ---
E: 0=t-:I@ 1=t-:T@ 2=t-:T@ 3=t0:W@x 4=t0:W@y 5=t0:W@z 6=t0:R@z 7=t0:W@y 8=t0:W@y 9=t0:W@x
po: (0,1) (0,2) (0,3) (0,4) (0,5) (0,6) (0,7) (0,8) (0,9) (3,1) (3,2) (3,4) (3,5) (3,6) (3,7) (3,8) (3,9) (4,1) (4,2) (4,5) (4,6) (4,7) (4,8) (4,9) (5,1) (5,2) (5,6) (5,7) (5,8) (5,9) (6,1) (6,7) (7,1) (8,2) (8,9) (9,2)
rf: (5,6)
dp: 
ppo: (0,1) (0,2) (0,3) (0,4) (0,5) (0,6) (0,7) (0,8) (0,9) (3,1) (3,2) (3,9) (4,1) (4,2) (4,7) (4,8) (5,1) (5,2) (5,6) (6,1) (7,1) (8,2) (9,2)
rmw: 
phi: (x != y) ; (x != z) ; (y != z) ; (α = 0) ; (β = 0) ; (γ = 0)
--- execution 34 ---
E: 0=t-:I@ 1=t-:T@ 2=t-:T@ 3=t0:W@x 4=t0:W@y 5=t0:W@z 6=t0:W@x
po: (0,1) (0,2) (0,3) (0,4) (0,5) (0,6) (3,1) (3,2) (3,4) (3,5) (3,6) (4,1) (4,2) (4,5) (4,6) (5,1) (5,2) (5,6) (6,2)
rf: 
dp: 
ppo: (0,1) (0,2) (0,3) (0,4) (0,5) (0,6) (3,1) (3,2) (3,6) (4,1) (4,2) (5,1) (5,2) (6,2)
rmw: 
phi: (x != y) ; (x != z) ; (y != z) ; (α = 0) ; (β = 0) ; (γ = 0)
--- execution 35 ---
E: 0=t-:I@ 1=t-:T@ 2=t-:T@ 3=t0:W@x 4=t0:W@y 5=t0:W@z 6=t0:W@y 7=t0:R@z 8=t0:W@x
po: (0,1) (0,2) (0,3) (0,4) (0,5) (0,6) (0,7) (0,8) (3,1) (3,2) (3,4) (3,5) (3,6) (3,7) (3,8) (4,1) (4,2) (4,5) (4,6) (4,7) (4,8) (5,1) (5,2) (5,6) (5,7) (5,8) (6,1) (7,2) (7,8) (8,2)
rf: (5,7)
dp: 
ppo: (0,1) (0,2) (0,3) (0,4) (0,5) (0,6) (0,7) (0,8) (3,1) (3,2) (3,8) (4,1) (4,2) (4,6) (5,1) (5,2) (5,7) (6,1) (7,2) (8,2)
rmw: 
phi: (x != y) ; (x != z) ; (y != z) ; (α = 0) ; (β = 0) ; (γ = 0)
--- execution 36 ---
E: 0=t-:I@ 1=t-:T@ 2=t-:T@ 3=t0:W@x 4=t0:W@y 5=t0:W@z 6=t0:W@y 7=t0:R@z 8=t0:W@y 9=t0:W@x
po: (0,1) (0,2) (0,3) (0,4) (0,5) (0,6) (0,7) (0,8) (0,9) (3,1) (3,2) (3,4) (3,5) (3,6) (3,7) (3,8) (3,9) (4,1) (4,2) (4,5) (4,6) (4,7) (4,8) (4,9) (5,1) (5,2) (5,6) (5,7) (5,8) (5,9) (6,1) (7,2) (7,8) (7,9) (8,2) (8,9) (9,2)
rf: (5,7)
dp: (7,8)
ppo: (0,1) (0,2) (0,3) (0,4) (0,5) (0,6) (0,7) (0,8) (0,9) (3,1) (3,2) (3,9) (4,1) (4,2) (4,6) (4,8) (5,1) (5,2) (5,7) (6,1) (7,2) (8,2) (9,2)
rmw: 
phi: (x != y) ; (x != z) ; (y != z) ; (α = 0) ; (β = 0) ; (γ = 0)
--- execution 37 ---
E: 0=t-:I@ 1=t-:T@ 2=t-:T@ 3=t0:W@x 4=t0:W@y 5=t0:W@z 6=t0:W@y 7=t0:W@x
po: (0,1) (0,2) (0,3) (0,4) (0,5) (0,6) (0,7) (3,1) (3,2) (3,4) (3,5) (3,6) (3,7) (4,1) (4,2) (4,5) (4,6) (4,7) (5,1) (5,2) (5,6) (5,7) (6,1) (7,2)
rf: 
dp: 
ppo: (0,1) (0,2) (0,3) (0,4) (0,5) (0,6) (0,7) (3,1) (3,2) (3,7) (4,1) (4,2) (4,6) (5,1) (5,2) (6,1) (7,2)
rmw: 
phi: (x != y) ; (x != z) ; (y != z) ; (α = 0) ; (β = 0) ; (γ = 0)
--- execution 38 ---
E: 0=t-:I@ 1=t-:T@ 2=t-:T@ 3=t0:W@x 4=t0:W@y 5=t0:W@z 6=t0:W@y 7=t0:W@x
po: (0,1) (0,2) (0,3) (0,4) (0,5) (0,6) (0,7) (3,1) (3,2) (3,4) (3,5) (3,6) (3,7) (4,1) (4,2) (4,5) (4,6) (4,7) (5,1) (5,2) (5,6) (5,7) (6,2) (6,7) (7,2)
rf: 
dp: 
ppo: (0,1) (0,2) (0,3) (0,4) (0,5) (0,6) (0,7) (3,1) (3,2) (3,7) (4,1) (4,2) (4,6) (5,1) (5,2) (6,2) (7,2)
rmw: 
phi: (x != y) ; (x != z) ; (y != z) ; (α = 0) ; (β = 0) ; (γ = 0)
--- execution 39 ---
E: 0=t-:I@ 1=t-:T@ 2=t-:T@ 3=t0:W@x 4=t0:W@y 5=t0:W@z 6=t0:W@y 7=t0:W@y 8=t0:W@x
po: (0,1) (0,2) (0,3) (0,4) (0,5) (0,6) (0,7) (0,8) (3,1) (3,2) (3,4) (3,5) (3,6) (3,7) (3,8) (4,1) (4,2) (4,5) (4,6) (4,7) (4,8) (5,1) (5,2) (5,6) (5,7) (5,8) (6,1) (7,2) (7,8) (8,2)
rf: 
dp: 
ppo: (0,1) (0,2) (0,3) (0,4) (0,5) (0,6) (0,7) (0,8) (3,1) (3,2) (3,8) (4,1) (4,2) (4,6) (4,7) (5,1) (5,2) (6,1) (7,2) (8,2)
rmw: 
phi: (x != y) ; (x != z) ; (y != z) ; (α = 0) ; (β = 0) ; (γ = 0)
--- execution 40 ---
E: 0=t-:I@ 1=t-:T@ 2=t-:T@ 3=t0:W@x 4=t0:W@z 5=t0:R@x 6=t0:R@z 7=t0:W@y 8=t0:W@x
po: (0,1) (0,2) (0,3) (0,4) (0,5) (0,6) (0,7) (0,8) (3,1) (3,2) (3,4) (3,5) (3,6) (3,7) (3,8) (4,1) (4,2) (4,5) (4,6) (4,7) (4,8) (5,1) (6,2) (6,7) (6,8) (7,2) (7,8) (8,2)
rf: (3,5) (4,6)
dp: (6,7)
ppo: (0,1) (0,2) (0,3) (0,4) (0,5) (0,6) (0,7) (0,8) (3,1) (3,2) (3,5) (3,8) (4,1) (4,2) (4,6) (5,1) (6,2) (7,2) (8,2)
rmw: 
phi: (x != y) ; (x != z) ; (y != z) ; (α = 0) ; (β = 0) ; (γ = 0)
--- execution 41 ---
E: 0=t-:I@ 1=t-:T@ 2=t-:T@ 3=t0:W@x 4=t0:W@z 5=t0:R@x 6=t0:W@y 7=t0:R@z 8=t0:W@x
po: (0,1) (0,2) (0,3) (0,4) (0,5) (0,6) (0,7) (0,8) (3,1) (3,2) (3,4) (3,5) (3,6) (3,7) (3,8) (4,1) (4,2) (4,5) (4,6) (4,7) (4,8) (5,1) (5,6) (6,1) (7,2) (7,8) (8,2)
rf: (3,5) (4,7)
dp: (5,6)
ppo: (0,1) (0,2) (0,3) (0,4) (0,5) (0,6) (0,7) (0,8) (3,1) (3,2) (3,5) (3,8) (4,1) (4,2) (4,7) (5,1) (6,1) (7,2) (8,2)
rmw: 
phi: (x != y) ; (x != z) ; (y != z) ; (α = 0) ; (β = 0) ; (γ = 0)
--- execution 42 ---
E: 0=t-:I@ 1=t-:T@ 2=t-:T@ 3=t0:W@x 4=t0:W@z 5=t0:R@x 6=t0:W@y 7=t0:R@z 8=t0:W@x
po: (0,1) (0,2) (0,3) (0,4) (0,5) (0,6) (0,7) (0,8) (3,1) (3,2) (3,4) (3,5) (3,6) (3,7) (3,8) (4,1) (4,2) (4,5) (4,6) (4,7) (4,8) (5,1) (5,6) (6,1) (7,2) (7,8) (8,2)
rf: (4,7) (8,5)
dp: (5,6)
ppo: (0,1) (0,2) (0,3) (0,4) (0,5) (0,6) (0,7) (0,8) (3,1) (3,2) (3,5) (3,8) (4,1) (4,2) (4,7) (5,1) (6,1) (7,2) (8,2)
rmw: 
phi: (x != y) ; (x != z) ; (y != z) ; (α = 0) ; (β = 1) ; (γ = 0)
--- execution 43 ---
E: 0=t-:I@ 1=t-:T@ 2=t-:T@ 3=t0:W@x 4=t0:W@z 5=t0:R@x 6=t0:W@y 7=t0:R@z 8=t0:W@y 9=t0:W@x
po: (0,1) (0,2) (0,3) (0,4) (0,5) (0,6) (0,7) (0,8) (0,9) (3,1) (3,2) (3,4) (3,5) (3,6) (3,7) (3,8) (3,9) (4,1) (4,2) (4,5) (4,6) (4,7) (4,8) (4,9) (5,1) (5,6) (6,1) (7,2) (7,8) (7,9) (8,2) (8,9) (9,2)
rf: (3,5) (4,7)
dp: (5,6) (7,8)
ppo: (0,1) (0,2) (0,3) (0,4) (0,5) (0,6) (0,7) (0,8) (0,9) (3,1) (3,2) (3,5) (3,9) (4,1) (4,2) (4,7) (5,1) (6,1) (6,2) (6,8) (7,2) (8,2) (9,2)
rmw: 
phi: (x != y) ; (x != z) ; (y != z) ; (α = 0) ; (β = 0) ; (γ = 0)
--- execution 44 ---
E: 0=t-:I@ 1=t-:T@ 2=t-:T@ 3=t0:W@x 4=t0:W@z 5=t0:R@x 6=t0:W@y 7=t0:R@z 8=t0:W@y 9=t0:W@x
po: (0,1) (0,2) (0,3) (0,4) (0,5) (0,6) (0,7) (0,8) (0,9) (3,1) (3,2) (3,4) (3,5) (3,6) (3,7) (3,8) (3,9) (4,1) (4,2) (4,5) (4,6) (4,7) (4,8) (4,9) (5,1) (5,6) (6,1) (7,2) (7,8) (7,9) (8,2) (8,9) (9,2)
rf: (3,5) (4,7)
dp: (5,6) (7,8)
ppo: (0,1) (0,2) (0,3) (0,4) (0,5) (0,6) (0,7) (0,8) (0,9) (3,1) (3,2) (3,5) (3,9) (4,1) (4,2) (4,7) (5,1) (6,1) (7,2) (8,1) (8,2) (8,6) (9,2)
rmw: 
phi: (x != y) ; (x != z) ; (y != z) ; (α = 0) ; (β = 0) ; (γ = 0)
--- execution 45 ---
E: 0=t-:I@ 1=t-:T@ 2=t-:T@ 3=t0:W@x 4=t0:W@z 5=t0:R@x 6=t0:W@y 7=t0:R@z 8=t0:W@y 9=t0:W@x
po: (0,1) (0,2) (0,3) (0,4) (0,5) (0,6) (0,7) (0,8) (0,9) (3,1) (3,2) (3,4) (3,5) (3,6) (3,7) (3,8) (3,9) (4,1) (4,2) (4,5) (4,6) (4,7) (4,8) (4,9) (5,1) (5,6) (6,1) (7,2) (7,8) (7,9) (8,2) (8,9) (9,2)
rf: (4,7) (9,5)
dp: (5,6) (7,8)
ppo: (0,1) (0,2) (0,3) (0,4) (0,5) (0,6) (0,7) (0,8) (0,9) (3,1) (3,2) (3,5) (3,9) (4,1) (4,2) (4,7) (5,1) (6,1) (6,2) (6,8) (7,2) (8,2) (9,2)
rmw: 
phi: (x != y) ; (x != z) ; (y != z) ; (α = 0) ; (β = 1) ; (γ = 0)
--- execution 46 ---
E: 0=t-:I@ 1=t-:T@ 2=t-:T@ 3=t0:W@x 4=t0:W@z 5=t0:R@x 6=t0:W@y 7=t0:R@z 8=t0:W@y 9=t0:W@x
po: (0,1) (0,2) (0,3) (0,4) (0,5) (0,6) (0,7) (0,8) (0,9) (3,1) (3,2) (3,4) (3,5) (3,6) (3,7) (3,8) (3,9) (4,1) (4,2) (4,5) (4,6) (4,7) (4,8) (4,9) (5,1) (5,6) (6,1) (7,2) (7,8) (7,9) (8,2) (8,9) (9,2)
rf: (4,7) (9,5)
dp: (5,6) (7,8)
ppo: (0,1) (0,2) (0,3) (0,4) (0,5) (0,6) (0,7) (0,8) (0,9) (3,1) (3,2) (3,5) (3,9) (4,1) (4,2) (4,7) (5,1) (6,1) (7,2) (8,1) (8,2) (8,6) (9,2)
rmw: 
phi: (x != y) ; (x != z) ; (y != z) ; (α = 0) ; (β = 1) ; (γ = 0)
--- execution 47 ---
E: 0=t-:I@ 1=t-:T@ 2=t-:T@ 3=t0:W@x 4=t0:W@z 5=t0:R@x 6=t0:W@y 7=t0:W@x
po: (0,1) (0,2) (0,3) (0,4) (0,5) (0,6) (0,7) (3,1) (3,2) (3,4) (3,5) (3,6) (3,7) (4,1) (4,2) (4,5) (4,6) (4,7) (5,1) (5,6) (6,1) (7,2)
rf: (3,5)
dp: (5,6)
ppo: (0,1) (0,2) (0,3) (0,4) (0,5) (0,6) (0,7) (3,1) (3,2) (3,5) (3,7) (4,1) (4,2) (5,1) (6,1) (7,2)
rmw: 
phi: (x != y) ; (x != z) ; (y != z) ; (α = 0) ; (β = 0) ; (γ = 0)
--- execution 48 ---
E: 0=t-:I@ 1=t-:T@ 2=t-:T@ 3=t0:W@x 4=t0:W@z 5=t0:R@x 6=t0:W@y 7=t0:W@x
po: (0,1) (0,2) (0,3) (0,4) (0,5) (0,6) (0,7) (3,1) (3,2) (3,4) (3,5) (3,6) (3,7) (4,1) (4,2) (4,5) (4,6) (4,7) (5,1) (5,6) (6,1) (7,2)
rf: (7,5)
dp: (5,6)
ppo: (0,1) (0,2) (0,3) (0,4) (0,5) (0,6) (0,7) (3,1) (3,2) (3,5) (3,7) (4,1) (4,2) (5,1) (6,1) (7,2)
rmw: 
phi: (x != y) ; (x != z) ; (y != z) ; (α = 0) ; (β = 1) ; (γ = 0)
--- execution 49 ---
E: 0=t-:I@ 1=t-:T@ 2=t-:T@ 3=t0:W@x 4=t0:W@z 5=t0:R@x 6=t0:W@y 7=t0:W@x
po: (0,1) (0,2) (0,3) (0,4) (0,5) (0,6) (0,7) (3,1) (3,2) (3,4) (3,5) (3,6) (3,7) (4,1) (4,2) (4,5) (4,6) (4,7) (5,1) (6,2) (6,7) (7,2)
rf: (3,5)
dp: 
ppo: (0,1) (0,2) (0,3) (0,4) (0,5) (0,6) (0,7) (3,1) (3,2) (3,5) (3,7) (4,1) (4,2) (5,1) (6,2) (7,2)
rmw: 
phi: (x != y) ; (x != z) ; (y != z) ; (α = 0) ; (β = 0) ; (γ = 0)
--- execution 50 ---
E: 0=t-:I@ 1=t-:T@ 2=t-:T@ 3=t0:W@x 4=t0:W@z 5=t0:R@x 6=t0:W@y 7=t0:W@y 8=t0:W@x
po: (0,1) (0,2) (0,3) (0,4) (0,5) (0,6) (0,7) (0,8) (3,1) (3,2) (3,4) (3,5) (3,6) (3,7) (3,8) (4,1) (4,2) (4,5) (4,6) (4,7) (4,8) (5,1) (5,6) (6,1) (7,2) (7,8) (8,2)
rf: (3,5)
dp: (5,6)
ppo: (0,1) (0,2) (0,3) (0,4) (0,5) (0,6) (0,7) (0,8) (3,1) (3,2) (3,5) (3,8) (4,1) (4,2) (5,1) (6,1) (6,2) (6,7) (7,2) (8,2)
rmw: 
phi: (x != y) ; (x != z) ; (y != z) ; (α = 0) ; (β = 0) ; (γ = 0)
--- execution 51 ---
E: 0=t-:I@ 1=t-:T@ 2=t-:T@ 3=t0:W@x 4=t0:W@z 5=t0:R@x 6=t0:W@y 7=t0:W@y 8=t0:W@x
po: (0,1) (0,2) (0,3) (0,4) (0,5) (0,6) (0,7) (0,8) (3,1) (3,2) (3,4) (3,5) (3,6) (3,7) (3,8) (4,1) (4,2) (4,5) (4,6) (4,7) (4,8) (5,1) (5,6) (6,1) (7,2) (7,8) (8,2)
rf: (3,5)
dp: (5,6)
ppo: (0,1) (0,2) (0,3) (0,4) (0,5) (0,6) (0,7) (0,8) (3,1) (3,2) (3,5) (3,8) (4,1) (4,2) (5,1) (6,1) (7,1) (7,2) (7,6) (8,2)
rmw: 
phi: (x != y) ; (x != z) ; (y != z) ; (α = 0) ; (β = 0) ; (γ = 0)
--- execution 52 ---
E: 0=t-:I@ 1=t-:T@ 2=t-:T@ 3=t0:W@x 4=t0:W@z 5=t0:R@x 6=t0:W@y 7=t0:W@y 8=t0:W@x
po: (0,1) (0,2) (0,3) (0,4) (0,5) (0,6) (0,7) (0,8) (3,1) (3,2) (3,4) (3,5) (3,6) (3,7) (3,8) (4,1) (4,2) (4,5) (4,6) (4,7) (4,8) (5,1) (5,6) (6,1) (7,2) (7,8) (8,2)
rf: (8,5)
dp: (5,6)
ppo: (0,1) (0,2) (0,3) (0,4) (0,5) (0,6) (0,7) (0,8) (3,1) (3,2) (3,5) (3,8) (4,1) (4,2) (5,1) (6,1) (6,2) (6,7) (7,2) (8,2)
rmw: 
phi: (x != y) ; (x != z) ; (y != z) ; (α = 0) ; (β = 1) ; (γ = 0)
--- execution 53 ---
E: 0=t-:I@ 1=t-:T@ 2=t-:T@ 3=t0:W@x 4=t0:W@z 5=t0:R@x 6=t0:W@y 7=t0:W@y 8=t0:W@x
po: (0,1) (0,2) (0,3) (0,4) (0,5) (0,6) (0,7) (0,8) (3,1) (3,2) (3,4) (3,5) (3,6) (3,7) (3,8) (4,1) (4,2) (4,5) (4,6) (4,7) (4,8) (5,1) (5,6) (6,1) (7,2) (7,8) (8,2)
rf: (8,5)
dp: (5,6)
ppo: (0,1) (0,2) (0,3) (0,4) (0,5) (0,6) (0,7) (0,8) (3,1) (3,2) (3,5) (3,8) (4,1) (4,2) (5,1) (6,1) (7,1) (7,2) (7,6) (8,2)
rmw: 
phi: (x != y) ; (x != z) ; (y != z) ; (α = 0) ; (β = 1) ; (γ = 0)
--- execution 54 ---
E: 0=t-:I@ 1=t-:T@ 2=t-:T@ 3=t0:W@x 4=t0:W@z 5=t0:R@z 6=t0:R@x 7=t0:R@z 8=t0:W@y 9=t0:W@x
po: (0,1) (0,2) (0,3) (0,4) (0,5) (0,6) (0,7) (0,8) (0,9) (3,1) (3,2) (3,4) (3,5) (3,6) (3,7) (3,8) (3,9) (4,1) (4,2) (4,5) (4,6) (4,7) (4,8) (4,9) (5,1) (5,6) (6,1) (7,2) (7,8) (7,9) (8,2) (8,9) (9,2)
rf: (3,6) (4,5) (4,7)
dp: (7,8)
ppo: (0,1) (0,2) (0,3) (0,4) (0,5) (0,6) (0,7) (0,8) (0,9) (3,1) (3,2) (3,6) (3,9) (4,1) (4,2) (4,5) (4,7) (5,1) (6,1) (7,2) (8,2) (9,2)
rmw: 
phi: (x != y) ; (x != z) ; (y != z) ; (α = 0) ; (β = 0) ; (γ = 0)
--- execution 55 ---
E: 0=t-:I@ 1=t-:T@ 2=t-:T@ 3=t0:W@x 4=t0:W@z 5=t0:R@z 6=t0:R@x 7=t0:W@y 8=t0:R@z 9=t0:W@x
po: (0,1) (0,2) (0,3) (0,4) (0,5) (0,6) (0,7) (0,8) (0,9) (3,1) (3,2) (3,4) (3,5) (3,6) (3,7) (3,8) (3,9) (4,1) (4,2) (4,5) (4,6) (4,7) (4,8) (4,9) (5,1) (5,6) (5,7) (6,1) (6,7) (7,1) (8,2) (8,9) (9,2)
rf: (3,6) (4,5) (4,8)
dp: (6,7)
ppo: (0,1) (0,2) (0,3) (0,4) (0,5) (0,6) (0,7) (0,8) (0,9) (3,1) (3,2) (3,6) (3,9) (4,1) (4,2) (4,5) (4,8) (5,1) (6,1) (7,1) (8,2) (9,2)
rmw: 
phi: (x != y) ; (x != z) ; (y != z) ; (α = 0) ; (β = 0) ; (γ = 0)
--- execution 56 ---
E: 0=t-:I@ 1=t-:T@ 2=t-:T@ 3=t0:W@x 4=t0:W@z 5=t0:R@z 6=t0:R@x 7=t0:W@y 8=t0:R@z 9=t0:W@x
po: (0,1) (0,2) (0,3) (0,4) (0,5) (0,6) (0,7) (0,8) (0,9) (3,1) (3,2) (3,4) (3,5) (3,6) (3,7) (3,8) (3,9) (4,1) (4,2) (4,5) (4,6) (4,7) (4,8) (4,9) (5,1) (5,6) (5,7) (6,1) (6,7) (7,1) (8,2) (8,9) (9,2)
rf: (4,5) (4,8) (9,6)
dp: (6,7)
ppo: (0,1) (0,2) (0,3) (0,4) (0,5) (0,6) (0,7) (0,8) (0,9) (3,1) (3,2) (3,6) (3,9) (4,1) (4,2) (4,5) (4,8) (5,1) (6,1) (7,1) (8,2) (9,2)
rmw: 
phi: (x != y) ; (x != z) ; (y != z) ; (α = 0) ; (β = 1) ; (γ = 0)
--- execution 57 ---
E: 0=t-:I@ 1=t-:T@ 2=t-:T@ 3=t0:W@x 4=t0:W@z 5=t0:R@z 6=t0:R@x 7=t0:W@y 8=t0:R@z 9=t0:W@y 10=t0:W@x
po: (0,1) (0,2) (0,3) (0,4) (0,5) (0,6) (0,7) (0,8) (0,9) (0,10) (3,1) (3,2) (3,4) (3,5) (3,6) (3,7) (3,8) (3,9) (3,10) (4,1) (4,2) (4,5) (4,6) (4,7) (4,8) (4,9) (4,10) (5,1) (5,6) (5,7) (6,1) (6,7) (7,1) (8,2) (8,9) (8,10) (9,2) (9,10) (10,2)
rf: (3,6) (4,5) (4,8)
dp: (6,7) (8,9)
ppo: (0,1) (0,2) (0,3) (0,4) (0,5) (0,6) (0,7) (0,8) (0,9) (0,10) (3,1) (3,2) (3,6) (3,10) (4,1) (4,2) (4,5) (4,8) (5,1) (6,1) (7,1) (7,2) (7,9) (8,2) (9,2) (10,2)
rmw: 
phi: (x != y) ; (x != z) ; (y != z) ; (α = 0) ; (β = 0) ; (γ = 0)
--- execution 58 ---
E: 0=t-:I@ 1=t-:T@ 2=t-:T@ 3=t0:W@x 4=t0:W@z 5=t0:R@z 6=t0:R@x 7=t0:W@y 8=t0:R@z 9=t0:W@y 10=t0:W@x
po: (0,1) (0,2) (0,3) (0,4) (0,5) (0,6) (0,7) (0,8) (0,9) (0,10) (3,1) (3,2) (3,4) (3,5) (3,6) (3,7) (3,8) (3,9) (3,10) (4,1) (4,2) (4,5) (4,6) (4,7) (4,8) (4,9) (4,10) (5,1) (5,6) (5,7) (6,1) (6,7) (7,1) (8,2) (8,9) (8,10) (9,2) (9,10) (10,2)
rf: (3,6) (4,5) (4,8)
dp: (6,7) (8,9)
ppo: (0,1) (0,2) (0,3) (0,4) (0,5) (0,6) (0,7) (0,8) (0,9) (0,10) (3,1) (3,2) (3,6) (3,10) (4,1) (4,2) (4,5) (4,8) (5,1) (6,1) (7,1) (8,2) (9,1) (9,2) (9,7) (10,2)
rmw: 
phi: (x != y) ; (x != z) ; (y != z) ; (α = 0) ; (β = 0) ; (γ = 0)
--- execution 59 ---
E: 0=t-:I@ 1=t-:T@ 2=t-:T@ 3=t0:W@x 4=t0:W@z 5=t0:R@z 6=t0:R@x 7=t0:W@y 8=t0:R@z 9=t0:W@y 10=t0:W@x
po: (0,1) (0,2) (0,3) (0,4) (0,5) (0,6) (0,7) (0,8) (0,9) (0,10) (3,1) (3,2) (3,4) (3,5) (3,6) (3,7) (3,8) (3,9) (3,10) (4,1) (4,2) (4,5) (4,6) (4,7) (4,8) (4,9) (4,10) (5,1) (5,6) (5,7) (6,1) (6,7) (7,1) (8,2) (8,9) (8,10) (9,2) (9,10) (10,2)
rf: (4,5) (4,8) (10,6)
dp: (6,7) (8,9)
ppo: (0,1) (0,2) (0,3) (0,4) (0,5) (0,6) (0,7) (0,8) (0,9) (0,10) (3,1) (3,2) (3,6) (3,10) (4,1) (4,2) (4,5) (4,8) (5,1) (6,1) (7,1) (7,2) (7,9) (8,2) (9,2) (10,2)
rmw: 
phi: (x != y) ; (x != z) ; (y != z) ; (α = 0) ; (β = 1) ; (γ = 0)
--- execution 60 ---
E: 0=t-:I@ 1=t-:T@ 2=t-:T@ 3=t0:W@x 4=t0:W@z 5=t0:R@z 6=t0:R@x 7=t0:W@y 8=t0:R@z 9=t0:W@y 10=t0:W@x
po: (0,1) (0,2) (0,3) (0,4) (0,5) (0,6) (0,7) (0,8) (0,9) (0,10) (3,1) (3,2) (3,4) (3,5) (3,6) (3,7) (3,8) (3,9) (3,10) (4,1) (4,2) (4,5) (4,6) (4,7) (4,8) (4,9) (4,10) (5,1) (5,6) (5,7) (6,1) (6,7) (7,1) (8,2) (8,9) (8,10) (9,2) (9,10) (10,2)
rf: (4,5) (4,8) (10,6)
dp: (6,7) (8,9)
ppo: (0,1) (0,2) (0,3) (0,4) (0,5) (0,6) (0,7) (0,8) (0,9) (0,10) (3,1) (3,2) (3,6) (3,10) (4,1) (4,2) (4,5) (4,8) (5,1) (6,1) (7,1) (8,2) (9,1) (9,2) (9,7) (10,2)
rmw: 
phi: (x != y) ; (x != z) ; (y != z) ; (α = 0) ; (β = 1) ; (γ = 0)
--- execution 61 ---
E: 0=t-:I@ 1=t-:T@ 2=t-:T@ 3=t0:W@x 4=t0:W@z 5=t0:R@z 6=t0:R@x 7=t0:W@y 8=t0:W@x
po: (0,1) (0,2) (0,3) (0,4) (0,5) (0,6) (0,7) (0,8) (3,1) (3,2) (3,4) (3,5) (3,6) (3,7) (3,8) (4,1) (4,2) (4,5) (4,6) (4,7) (4,8) (5,1) (5,6) (5,7) (6,1) (6,7) (7,1) (8,2)
rf: (3,6) (4,5)
dp: (6,7)
ppo: (0,1) (0,2) (0,3) (0,4) (0,5) (0,6) (0,7) (0,8) (3,1) (3,2) (3,6) (3,8) (4,1) (4,2) (4,5) (5,1) (6,1) (7,1) (8,2)
rmw: 
phi: (x != y) ; (x != z) ; (y != z) ; (α = 0) ; (β = 0) ; (γ = 0)
--- execution 62 ---
E: 0=t-:I@ 1=t-:T@ 2=t-:T@ 3=t0:W@x 4=t0:W@z 5=t0:R@z 6=t0:R@x 7=t0:W@y 8=t0:W@x
po: (0,1) (0,2) (0,3) (0,4) (0,5) (0,6) (0,7) (0,8) (3,1) (3,2) (3,4) (3,5) (3,6) (3,7) (3,8) (4,1) (4,2) (4,5) (4,6) (4,7) (4,8) (5,1) (5,6) (5,7) (6,1) (6,7) (7,1) (8,2)
rf: (4,5) (8,6)
dp: (6,7)
ppo: (0,1) (0,2) (0,3) (0,4) (0,5) (0,6) (0,7) (0,8) (3,1) (3,2) (3,6) (3,8) (4,1) (4,2) (4,5) (5,1) (6,1) (7,1) (8,2)
rmw: 
phi: (x != y) ; (x != z) ; (y != z) ; (α = 0) ; (β = 1) ; (γ = 0)
--- execution 63 ---
E: 0=t-:I@ 1=t-:T@ 2=t-:T@ 3=t0:W@x 4=t0:W@z 5=t0:R@z 6=t0:R@x 7=t0:W@y 8=t0:W@x
po: (0,1) (0,2) (0,3) (0,4) (0,5) (0,6) (0,7) (0,8) (3,1) (3,2) (3,4) (3,5) (3,6) (3,7) (3,8) (4,1) (4,2) (4,5) (4,6) (4,7) (4,8) (5,1) (5,6) (6,1) (7,2) (7,8) (8,2)
rf: (3,6) (4,5)
dp: 
ppo: (0,1) (0,2) (0,3) (0,4) (0,5) (0,6) (0,7) (0,8) (3,1) (3,2) (3,6) (3,8) (4,1) (4,2) (4,5) (5,1) (6,1) (7,2) (8,2)
rmw: 
phi: (x != y) ; (x != z) ; (y != z) ; (α = 0) ; (β = 0) ; (γ = 0)
--- execution 64 ---
E: 0=t-:I@ 1=t-:T@ 2=t-:T@ 3=t0:W@x 4=t0:W@z 5=t0:R@z 6=t0:R@x 7=t0:W@y 8=t0:W@y 9=t0:W@x
po: (0,1) (0,2) (0,3) (0,4) (0,5) (0,6) (0,7) (0,8) (0,9) (3,1) (3,2) (3,4) (3,5) (3,6) (3,7) (3,8) (3,9) (4,1) (4,2) (4,5) (4,6) (4,7) (4,8) (4,9) (5,1) (5,6) (5,7) (6,1) (6,7) (7,1) (8,2) (8,9) (9,2)
rf: (3,6) (4,5)
dp: (6,7)
ppo: (0,1) (0,2) (0,3) (0,4) (0,5) (0,6) (0,7) (0,8) (0,9) (3,1) (3,2) (3,6) (3,9) (4,1) (4,2) (4,5) (5,1) (6,1) (7,1) (7,2) (7,8) (8,2) (9,2)
rmw: 
phi: (x != y) ; (x != z) ; (y != z) ; (α = 0) ; (β = 0) ; (γ = 0)
--- execution 65 ---
E: 0=t-:I@ 1=t-:T@ 2=t-:T@ 3=t0:W@x 4=t0:W@z 5=t0:R@z 6=t0:R@x 7=t0:W@y 8=t0:W@y 9=t0:W@x
po: (0,1) (0,2) (0,3) (0,4) (0,5) (0,6) (0,7) (0,8) (0,9) (3,1) (3,2) (3,4) (3,5) (3,6) (3,7) (3,8) (3,9) (4,1) (4,2) (4,5) (4,6) (4,7) (4,8) (4,9) (5,1) (5,6) (5,7) (6,1) (6,7) (7,1) (8,2) (8,9) (9,2)
rf: (3,6) (4,5)
dp: (6,7)
ppo: (0,1) (0,2) (0,3) (0,4) (0,5) (0,6) (0,7) (0,8) (0,9) (3,1) (3,2) (3,6) (3,9) (4,1) (4,2) (4,5) (5,1) (6,1) (7,1) (8,1) (8,2) (8,7) (9,2)
rmw: 
phi: (x != y) ; (x != z) ; (y != z) ; (α = 0) ; (β = 0) ; (γ = 0)
--- execution 66 ---
E: 0=t-:I@ 1=t-:T@ 2=t-:T@ 3=t0:W@x 4=t0:W@z 5=t0:R@z 6=t0:R@x 7=t0:W@y 8=t0:W@y 9=t0:W@x
po: (0,1) (0,2) (0,3) (0,4) (0,5) (0,6) (0,7) (0,8) (0,9) (3,1) (3,2) (3,4) (3,5) (3,6) (3,7) (3,8) (3,9) (4,1) (4,2) (4,5) (4,6) (4,7) (4,8) (4,9) (5,1) (5,6) (5,7) (6,1) (6,7) (7,1) (8,2) (8,9) (9,2)
rf: (4,5) (9,6)
dp: (6,7)
ppo: (0,1) (0,2) (0,3) (0,4) (0,5) (0,6) (0,7) (0,8) (0,9) (3,1) (3,2) (3,6) (3,9) (4,1) (4,2) (4,5) (5,1) (6,1) (7,1) (7,2) (7,8) (8,2) (9,2)
rmw: 
phi: (x != y) ; (x != z) ; (y != z) ; (α = 0) ; (β = 1) ; (γ = 0)
--- execution 67 ---
E: 0=t-:I@ 1=t-:T@ 2=t-:T@ 3=t0:W@x 4=t0:W@z 5=t0:R@z 6=t0:R@x 7=t0:W@y 8=t0:W@y 9=t0:W@x
po: (0,1) (0,2) (0,3) (0,4) (0,5) (0,6) (0,7) (0,8) (0,9) (3,1) (3,2) (3,4) (3,5) (3,6) (3,7) (3,8) (3,9) (4,1) (4,2) (4,5) (4,6) (4,7) (4,8) (4,9) (5,1) (5,6) (5,7) (6,1) (6,7) (7,1) (8,2) (8,9) (9,2)
rf: (4,5) (9,6)
dp: (6,7)
ppo: (0,1) (0,2) (0,3) (0,4) (0,5) (0,6) (0,7) (0,8) (0,9) (3,1) (3,2) (3,6) (3,9) (4,1) (4,2) (4,5) (5,1) (6,1) (7,1) (8,1) (8,2) (8,7) (9,2)
rmw: 
phi: (x != y) ; (x != z) ; (y != z) ; (α = 0) ; (β = 1) ; (γ = 0)
--- execution 68 ---
E: 0=t-:I@ 1=t-:T@ 2=t-:T@ 3=t0:W@x 4=t0:W@z 5=t0:R@z 6=t0:R@z 7=t0:W@y 8=t0:W@x
po: (0,1) (0,2) (0,3) (0,4) (0,5) (0,6) (0,7) (0,8) (3,1) (3,2) (3,4) (3,5) (3,6) (3,7) (3,8) (4,1) (4,2) (4,5) (4,6) (4,7) (4,8) (5,1) (6,2) (6,7) (6,8) (7,2) (7,8) (8,2)
rf: (4,5) (4,6)
dp: (6,7)
ppo: (0,1) (0,2) (0,3) (0,4) (0,5) (0,6) (0,7) (0,8) (3,1) (3,2) (3,8) (4,1) (4,2) (4,5) (4,6) (5,1) (6,2) (7,2) (8,2)
rmw: 
phi: (x != y) ; (x != z) ; (y != z) ; (α = 0) ; (β = 0) ; (γ = 0)
--- execution 69 ---
E: 0=t-:I@ 1=t-:T@ 2=t-:T@ 3=t0:W@x 4=t0:W@z 5=t0:R@z 6=t0:W@y 7=t0:R@z 8=t0:W@x
po: (0,1) (0,2) (0,3) (0,4) (0,5) (0,6) (0,7) (0,8) (3,1) (3,2) (3,4) (3,5) (3,6) (3,7) (3,8) (4,1) (4,2) (4,5) (4,6) (4,7) (4,8) (5,1) (5,6) (6,1) (7,2) (7,8) (8,2)
rf: (4,5) (4,7)
dp: 
ppo: (0,1) (0,2) (0,3) (0,4) (0,5) (0,6) (0,7) (0,8) (3,1) (3,2) (3,8) (4,1) (4,2) (4,5) (4,7) (5,1) (6,1) (7,2) (8,2)
rmw: 
phi: (x != y) ; (x != z) ; (y != z) ; (α = 0) ; (β = 0) ; (γ = 0)
--- execution 70 ---
E: 0=t-:I@ 1=t-:T@ 2=t-:T@ 3=t0:W@x 4=t0:W@z 5=t0:R@z 6=t0:W@y 7=t0:R@z 8=t0:W@y 9=t0:W@x
po: (0,1) (0,2) (0,3) (0,4) (0,5) (0,6) (0,7) (0,8) (0,9) (3,1) (3,2) (3,4) (3,5) (3,6) (3,7) (3,8) (3,9) (4,1) (4,2) (4,5) (4,6) (4,7) (4,8) (4,9) (5,1) (5,6) (6,1) (7,2) (7,8) (7,9) (8,2) (8,9) (9,2)
rf: (4,5) (4,7)
dp: (7,8)
ppo: (0,1) (0,2) (0,3) (0,4) (0,5) (0,6) (0,7) (0,8) (0,9) (3,1) (3,2) (3,9) (4,1) (4,2) (4,5) (4,7) (5,1) (6,1) (6,2) (6,8) (7,2) (8,2) (9,2)
rmw: 
phi: (x != y) ; (x != z) ; (y != z) ; (α = 0) ; (β = 0) ; (γ = 0)
--- execution 71 ---
E: 0=t-:I@ 1=t-:T@ 2=t-:T@ 3=t0:W@x 4=t0:W@z 5=t0:R@z 6=t0:W@y 7=t0:R@z 8=t0:W@y 9=t0:W@x
po: (0,1) (0,2) (0,3) (0,4) (0,5) (0,6) (0,7) (0,8) (0,9) (3,1) (3,2) (3,4) (3,5) (3,6) (3,7) (3,8) (3,9) (4,1) (4,2) (4,5) (4,6) (4,7) (4,8) (4,9) (5,1) (5,6) (6,1) (7,2) (7,8) (7,9) (8,2) (8,9) (9,2)
rf: (4,5) (4,7)
dp: (7,8)
ppo: (0,1) (0,2) (0,3) (0,4) (0,5) (0,6) (0,7) (0,8) (0,9) (3,1) (3,2) (3,9) (4,1) (4,2) (4,5) (4,7) (5,1) (6,1) (7,2) (8,1) (8,2) (8,6) (9,2)
rmw: 
phi: (x != y) ; (x != z) ; (y != z) ; (α = 0) ; (β = 0) ; (γ = 0)
--- execution 72 ---
E: 0=t-:I@ 1=t-:T@ 2=t-:T@ 3=t0:W@x 4=t0:W@z 5=t0:R@z 6=t0:W@y 7=t0:W@x
po: (0,1) (0,2) (0,3) (0,4) (0,5) (0,6) (0,7) (3,1) (3,2) (3,4) (3,5) (3,6) (3,7) (4,1) (4,2) (4,5) (4,6) (4,7) (5,1) (5,6) (6,1) (7,2)
rf: (4,5)
dp: 
ppo: (0,1) (0,2) (0,3) (0,4) (0,5) (0,6) (0,7) (3,1) (3,2) (3,7) (4,1) (4,2) (4,5) (5,1) (6,1) (7,2)
rmw: 
phi: (x != y) ; (x != z) ; (y != z) ; (α = 0) ; (β = 0) ; (γ = 0)
--- execution 73 ---
E: 0=t-:I@ 1=t-:T@ 2=t-:T@ 3=t0:W@x 4=t0:W@z 5=t0:R@z 6=t0:W@y 7=t0:W@x
po: (0,1) (0,2) (0,3) (0,4) (0,5) (0,6) (0,7) (3,1) (3,2) (3,4) (3,5) (3,6) (3,7) (4,1) (4,2) (4,5) (4,6) (4,7) (5,1) (6,2) (6,7) (7,2)
rf: (4,5)
dp: 
ppo: (0,1) (0,2) (0,3) (0,4) (0,5) (0,6) (0,7) (3,1) (3,2) (3,7) (4,1) (4,2) (4,5) (5,1) (6,2) (7,2)
rmw: 
phi: (x != y) ; (x != z) ; (y != z) ; (α = 0) ; (β = 0) ; (γ = 0)
--- execution 74 ---
E: 0=t-:I@ 1=t-:T@ 2=t-:T@ 3=t0:W@x 4=t0:W@z 5=t0:R@z 6=t0:W@y 7=t0:W@x
po: (0,1) (0,2) (0,3) (0,4) (0,5) (0,6) (0,7) (3,1) (3,2) (3,4) (3,5) (3,6) (3,7) (4,1) (4,2) (4,5) (4,6) (4,7) (5,2) (5,6) (5,7) (6,2) (6,7) (7,2)
rf: (4,5)
dp: (5,6)
ppo: (0,1) (0,2) (0,3) (0,4) (0,5) (0,6) (0,7) (3,1) (3,2) (3,7) (4,1) (4,2) (4,5) (5,2) (6,2) (7,2)
rmw: 
phi: (x != y) ; (x != z) ; (y != z) ; (α = 0) ; (β = 0) ; (γ = 0)
--- execution 75 ---
E: 0=t-:I@ 1=t-:T@ 2=t-:T@ 3=t0:W@x 4=t0:W@z 5=t0:R@z 6=t0:W@y 7=t0:W@y 8=t0:W@x
po: (0,1) (0,2) (0,3) (0,4) (0,5) (0,6) (0,7) (0,8) (3,1) (3,2) (3,4) (3,5) (3,6) (3,7) (3,8) (4,1) (4,2) (4,5) (4,6) (4,7) (4,8) (5,1) (5,6) (6,1) (7,2) (7,8) (8,2)
rf: (4,5)
dp: 
ppo: (0,1) (0,2) (0,3) (0,4) (0,5) (0,6) (0,7) (0,8) (3,1) (3,2) (3,8) (4,1) (4,2) (4,5) (5,1) (6,1) (6,2) (6,7) (7,2) (8,2)
rmw: 
phi: (x != y) ; (x != z) ; (y != z) ; (α = 0) ; (β = 0) ; (γ = 0)
--- execution 76 ---
E: 0=t-:I@ 1=t-:T@ 2=t-:T@ 3=t0:W@x 4=t0:W@z 5=t0:R@z 6=t0:W@y 7=t0:W@y 8=t0:W@x
po: (0,1) (0,2) (0,3) (0,4) (0,5) (0,6) (0,7) (0,8) (3,1) (3,2) (3,4) (3,5) (3,6) (3,7) (3,8) (4,1) (4,2) (4,5) (4,6) (4,7) (4,8) (5,1) (5,6) (6,1) (7,2) (7,8) (8,2)
rf: (4,5)
dp: 
ppo: (0,1) (0,2) (0,3) (0,4) (0,5) (0,6) (0,7) (0,8) (3,1) (3,2) (3,8) (4,1) (4,2) (4,5) (5,1) (6,1) (7,1) (7,2) (7,6) (8,2)
rmw: 
phi: (x != y) ; (x != z) ; (y != z) ; (α = 0) ; (β = 0) ; (γ = 0)
--- execution 77 ---
E: 0=t-:I@ 1=t-:T@ 2=t-:T@ 3=t0:W@x 4=t0:W@z 5=t0:W@y 6=t0:R@z 7=t0:W@x
po: (0,1) (0,2) (0,3) (0,4) (0,5) (0,6) (0,7) (3,1) (3,2) (3,4) (3,5) (3,6) (3,7) (4,1) (4,2) (4,5) (4,6) (4,7) (5,1) (6,2) (6,7) (7,2)
rf: (4,6)
dp: 
ppo: (0,1) (0,2) (0,3) (0,4) (0,5) (0,6) (0,7) (3,1) (3,2) (3,7) (4,1) (4,2) (4,6) (5,1) (6,2) (7,2)
rmw: 
phi: (x != y) ; (x != z) ; (y != z) ; (α = 0) ; (β = 0) ; (γ = 0)
--- execution 78 ---
E: 0=t-:I@ 1=t-:T@ 2=t-:T@ 3=t0:W@x 4=t0:W@z 5=t0:W@y 6=t0:R@z 7=t0:W@y 8=t0:W@x
po: (0,1) (0,2) (0,3) (0,4) (0,5) (0,6) (0,7) (0,8) (3,1) (3,2) (3,4) (3,5) (3,6) (3,7) (3,8) (4,1) (4,2) (4,5) (4,6) (4,7) (4,8) (5,1) (6,2) (6,7) (6,8) (7,2) (7,8) (8,2)
rf: (4,6)
dp: (6,7)
ppo: (0,1) (0,2) (0,3) (0,4) (0,5) (0,6) (0,7) (0,8) (3,1) (3,2) (3,8) (4,1) (4,2) (4,6) (5,1) (5,2) (5,7) (6,2) (7,2) (8,2)
rmw: 
phi: (x != y) ; (x != z) ; (y != z) ; (α = 0) ; (β = 0) ; (γ = 0)
--- execution 79 ---
E: 0=t-:I@ 1=t-:T@ 2=t-:T@ 3=t0:W@x 4=t0:W@z 5=t0:W@y 6=t0:R@z 7=t0:W@y 8=t0:W@x
po: (0,1) (0,2) (0,3) (0,4) (0,5) (0,6) (0,7) (0,8) (3,1) (3,2) (3,4) (3,5) (3,6) (3,7) (3,8) (4,1) (4,2) (4,5) (4,6) (4,7) (4,8) (5,1) (6,2) (6,7) (6,8) (7,2) (7,8) (8,2)
rf: (4,6)
dp: (6,7)
ppo: (0,1) (0,2) (0,3) (0,4) (0,5) (0,6) (0,7) (0,8) (3,1) (3,2) (3,8) (4,1) (4,2) (4,6) (5,1) (6,2) (7,1) (7,2) (7,5) (8,2)
rmw: 
phi: (x != y) ; (x != z) ; (y != z) ; (α = 0) ; (β = 0) ; (γ = 0)
--- execution 80 ---
E: 0=t-:I@ 1=t-:T@ 2=t-:T@ 3=t0:W@x 4=t0:W@z 5=t0:W@y 6=t0:W@x
po: (0,1) (0,2) (0,3) (0,4) (0,5) (0,6) (3,1) (3,2) (3,4) (3,5) (3,6) (4,1) (4,2) (4,5) (4,6) (5,1) (6,2)
rf: 
dp: 
ppo: (0,1) (0,2) (0,3) (0,4) (0,5) (0,6) (3,1) (3,2) (3,6) (4,1) (4,2) (5,1) (6,2)
rmw: 
phi: (x != y) ; (x != z) ; (y != z) ; (α = 0) ; (β = 0) ; (γ = 0)
--- execution 81 ---
E: 0=t-:I@ 1=t-:T@ 2=t-:T@ 3=t0:W@x 4=t0:W@z 5=t0:W@y 6=t0:W@x
po: (0,1) (0,2) (0,3) (0,4) (0,5) (0,6) (3,1) (3,2) (3,4) (3,5) (3,6) (4,1) (4,2) (4,5) (4,6) (5,2) (5,6) (6,2)
rf: 
dp: 
ppo: (0,1) (0,2) (0,3) (0,4) (0,5) (0,6) (3,1) (3,2) (3,6) (4,1) (4,2) (5,2) (6,2)
rmw: 
phi: (x != y) ; (x != z) ; (y != z) ; (α = 0) ; (β = 0) ; (γ = 0)
--- execution 82 ---
E: 0=t-:I@ 1=t-:T@ 2=t-:T@ 3=t0:W@x 4=t0:W@z 5=t0:W@y 6=t0:W@y 7=t0:W@x
po: (0,1) (0,2) (0,3) (0,4) (0,5) (0,6) (0,7) (3,1) (3,2) (3,4) (3,5) (3,6) (3,7) (4,1) (4,2) (4,5) (4,6) (4,7) (5,1) (6,2) (6,7) (7,2)
rf: 
dp: 
ppo: (0,1) (0,2) (0,3) (0,4) (0,5) (0,6) (0,7) (3,1) (3,2) (3,7) (4,1) (4,2) (5,1) (5,2) (5,6) (6,2) (7,2)
rmw: 
phi: (x != y) ; (x != z) ; (y != z) ; (α = 0) ; (β = 0) ; (γ = 0)
--- execution 83 ---
E: 0=t-:I@ 1=t-:T@ 2=t-:T@ 3=t0:W@x 4=t0:W@z 5=t0:W@y 6=t0:W@y 7=t0:W@x
po: (0,1) (0,2) (0,3) (0,4) (0,5) (0,6) (0,7) (3,1) (3,2) (3,4) (3,5) (3,6) (3,7) (4,1) (4,2) (4,5) (4,6) (4,7) (5,1) (6,2) (6,7) (7,2)
rf: 
dp: 
ppo: (0,1) (0,2) (0,3) (0,4) (0,5) (0,6) (0,7) (3,1) (3,2) (3,7) (4,1) (4,2) (5,1) (6,1) (6,2) (6,5) (7,2)
rmw: 
phi: (x != y) ; (x != z) ; (y != z) ; (α = 0) ; (β = 0) ; (γ = 0)
--- execution 84 ---
E: 0=t-:I@ 1=t-:T@ 2=t-:T@ 3=t0:W@y 4=t0:W@z 5=t0:R@x 6=t0:W@y 7=t0:R@z 8=t0:W@x
po: (0,1) (0,2) (0,3) (0,4) (0,5) (0,6) (0,7) (0,8) (3,1) (3,2) (3,4) (3,5) (3,6) (3,7) (3,8) (4,1) (4,2) (4,5) (4,6) (4,7) (4,8) (5,1) (5,6) (6,1) (7,2) (7,8) (8,2)
rf: (4,7) (8,5)
dp: (5,6)
ppo: (0,1) (0,2) (0,3) (0,4) (0,5) (0,6) (0,7) (0,8) (3,1) (3,2) (3,6) (4,1) (4,2) (4,7) (5,1) (6,1) (7,2) (8,1) (8,2) (8,5)
rmw: 
phi: (x != y) ; (x != z) ; (y != z) ; (α = 0) ; (β = 1) ; (γ = 0)
--- execution 85 ---
E: 0=t-:I@ 1=t-:T@ 2=t-:T@ 3=t0:W@y 4=t0:W@z 5=t0:R@x 6=t0:W@y 7=t0:R@z 8=t0:W@y 9=t0:W@x
po: (0,1) (0,2) (0,3) (0,4) (0,5) (0,6) (0,7) (0,8) (0,9) (3,1) (3,2) (3,4) (3,5) (3,6) (3,7) (3,8) (3,9) (4,1) (4,2) (4,5) (4,6) (4,7) (4,8) (4,9) (5,1) (5,6) (6,1) (7,2) (7,8) (7,9) (8,2) (8,9) (9,2)
rf: (4,7) (9,5)
dp: (5,6) (7,8)
ppo: (0,1) (0,2) (0,3) (0,4) (0,5) (0,6) (0,7) (0,8) (0,9) (3,1) (3,2) (3,6) (3,8) (4,1) (4,2) (4,7) (5,1) (6,1) (7,2) (8,2) (9,1) (9,2) (9,5)
rmw: 
phi: (x != y) ; (x != z) ; (y != z) ; (α = 0) ; (β = 1) ; (γ = 0)
--- execution 86 ---
E: 0=t-:I@ 1=t-:T@ 2=t-:T@ 3=t0:W@y 4=t0:W@z 5=t0:R@x 6=t0:W@y 7=t0:W@x
po: (0,1) (0,2) (0,3) (0,4) (0,5) (0,6) (0,7) (3,1) (3,2) (3,4) (3,5) (3,6) (3,7) (4,1) (4,2) (4,5) (4,6) (4,7) (5,1) (5,6) (6,1) (7,2)
rf: (7,5)
dp: (5,6)
ppo: (0,1) (0,2) (0,3) (0,4) (0,5) (0,6) (0,7) (3,1) (3,2) (3,6) (4,1) (4,2) (5,1) (6,1) (7,1) (7,2) (7,5)
rmw: 
phi: (x != y) ; (x != z) ; (y != z) ; (α = 0) ; (β = 1) ; (γ = 0)
--- execution 87 ---
E: 0=t-:I@ 1=t-:T@ 2=t-:T@ 3=t0:W@y 4=t0:W@z 5=t0:R@x 6=t0:W@y 7=t0:W@y 8=t0:W@x
po: (0,1) (0,2) (0,3) (0,4) (0,5) (0,6) (0,7) (0,8) (3,1) (3,2) (3,4) (3,5) (3,6) (3,7) (3,8) (4,1) (4,2) (4,5) (4,6) (4,7) (4,8) (5,1) (5,6) (6,1) (7,2) (7,8) (8,2)
rf: (8,5)
dp: (5,6)
ppo: (0,1) (0,2) (0,3) (0,4) (0,5) (0,6) (0,7) (0,8) (3,1) (3,2) (3,6) (3,7) (4,1) (4,2) (5,1) (6,1) (7,2) (8,1) (8,2) (8,5)
rmw: 
phi: (x != y) ; (x != z) ; (y != z) ; (α = 0) ; (β = 1) ; (γ = 0)
--- execution 88 ---
E: 0=t-:I@ 1=t-:T@ 2=t-:T@ 3=t0:W@y 4=t0:W@z 5=t0:R@z 6=t0:R@x 7=t0:W@y 8=t0:R@z 9=t0:W@x
po: (0,1) (0,2) (0,3) (0,4) (0,5) (0,6) (0,7) (0,8) (0,9) (3,1) (3,2) (3,4) (3,5) (3,6) (3,7) (3,8) (3,9) (4,1) (4,2) (4,5) (4,6) (4,7) (4,8) (4,9) (5,1) (5,6) (5,7) (6,1) (6,7) (7,1) (8,2) (8,9) (9,2)
rf: (4,5) (4,8) (9,6)
dp: (6,7)
ppo: (0,1) (0,2) (0,3) (0,4) (0,5) (0,6) (0,7) (0,8) (0,9) (3,1) (3,2) (3,7) (4,1) (4,2) (4,5) (4,8) (5,1) (6,1) (7,1) (8,2) (9,1) (9,2) (9,6)
rmw: 
phi: (x != y) ; (x != z) ; (y != z) ; (α = 0) ; (β = 1) ; (γ = 0)
--- execution 89 ---
E: 0=t-:I@ 1=t-:T@ 2=t-:T@ 3=t0:W@y 4=t0:W@z 5=t0:R@z 6=t0:R@x 7=t0:W@y 8=t0:R@z 9=t0:W@y 10=t0:W@x
po: (0,1) (0,2) (0,3) (0,4) (0,5) (0,6) (0,7) (0,8) (0,9) (0,10) (3,1) (3,2) (3,4) (3,5) (3,6) (3,7) (3,8) (3,9) (3,10) (4,1) (4,2) (4,5) (4,6) (4,7) (4,8) (4,9) (4,10) (5,1) (5,6) (5,7) (6,1) (6,7) (7,1) (8,2) (8,9) (8,10) (9,2) (9,10) (10,2)
rf: (4,5) (4,8) (10,6)
dp: (6,7) (8,9)
ppo: (0,1) (0,2) (0,3) (0,4) (0,5) (0,6) (0,7) (0,8) (0,9) (0,10) (3,1) (3,2) (3,7) (3,9) (4,1) (4,2) (4,5) (4,8) (5,1) (6,1) (7,1) (8,2) (9,2) (10,1) (10,2) (10,6)
rmw: 
phi: (x != y) ; (x != z) ; (y != z) ; (α = 0) ; (β = 1) ; (γ = 0)
--- execution 90 ---
E: 0=t-:I@ 1=t-:T@ 2=t-:T@ 3=t0:W@y 4=t0:W@z 5=t0:R@z 6=t0:R@x 7=t0:W@y 8=t0:W@x
po: (0,1) (0,2) (0,3) (0,4) (0,5) (0,6) (0,7) (0,8) (3,1) (3,2) (3,4) (3,5) (3,6) (3,7) (3,8) (4,1) (4,2) (4,5) (4,6) (4,7) (4,8) (5,1) (5,6) (5,7) (6,1) (6,7) (7,1) (8,2)
rf: (4,5) (8,6)
dp: (6,7)
ppo: (0,1) (0,2) (0,3) (0,4) (0,5) (0,6) (0,7) (0,8) (3,1) (3,2) (3,7) (4,1) (4,2) (4,5) (5,1) (6,1) (7,1) (8,1) (8,2) (8,6)
rmw: 
phi: (x != y) ; (x != z) ; (y != z) ; (α = 0) ; (β = 1) ; (γ = 0)
--- execution 91 ---
E: 0=t-:I@ 1=t-:T@ 2=t-:T@ 3=t0:W@y 4=t0:W@z 5=t0:R@z 6=t0:R@x 7=t0:W@y 8=t0:W@y 9=t0:W@x
po: (0,1) (0,2) (0,3) (0,4) (0,5) (0,6) (0,7) (0,8) (0,9) (3,1) (3,2) (3,4) (3,5) (3,6) (3,7) (3,8) (3,9) (4,1) (4,2) (4,5) (4,6) (4,7) (4,8) (4,9) (5,1) (5,6) (5,7) (6,1) (6,7) (7,1) (8,2) (8,9) (9,2)
rf: (4,5) (9,6)
dp: (6,7)
ppo: (0,1) (0,2) (0,3) (0,4) (0,5) (0,6) (0,7) (0,8) (0,9) (3,1) (3,2) (3,7) (3,8) (4,1) (4,2) (4,5) (5,1) (6,1) (7,1) (8,2) (9,1) (9,2) (9,6)
rmw: 
phi: (x != y) ; (x != z) ; (y != z) ; (α = 0) ; (β = 1) ; (γ = 0)
--- execution 92 ---
E: 0=t-:I@ 1=t-:T@ 2=t-:T@ 3=t0:W@y 4=t0:W@z 5=t0:R@z 6=t0:R@z 7=t0:W@x
po: (0,1) (0,2) (0,3) (0,4) (0,5) (0,6) (0,7) (3,1) (3,2) (3,4) (3,5) (3,6) (3,7) (4,1) (4,2) (4,5) (4,6) (4,7) (5,1) (6,2) (6,7) (7,2)
rf: (4,5) (4,6)
dp: 
ppo: (0,1) (0,2) (0,3) (0,4) (0,5) (0,6) (0,7) (3,1) (3,2) (4,1) (4,2) (4,5) (4,6) (5,1) (6,2) (7,2)
rmw: 
phi: (x != y) ; (x != z) ; (y != z) ; (α = 0) ; (β = 0) ; (γ = 0)
--- execution 93 ---
E: 0=t-:I@ 1=t-:T@ 2=t-:T@ 3=t0:W@y 4=t0:W@z 5=t0:R@z 6=t0:R@z 7=t0:W@y 8=t0:W@x
po: (0,1) (0,2) (0,3) (0,4) (0,5) (0,6) (0,7) (0,8) (3,1) (3,2) (3,4) (3,5) (3,6) (3,7) (3,8) (4,1) (4,2) (4,5) (4,6) (4,7) (4,8) (5,1) (6,2) (6,7) (6,8) (7,2) (7,8) (8,2)
rf: (4,5) (4,6)
dp: (6,7)
ppo: (0,1) (0,2) (0,3) (0,4) (0,5) (0,6) (0,7) (0,8) (3,1) (3,2) (3,7) (4,1) (4,2) (4,5) (4,6) (5,1) (6,2) (7,2) (8,2)
rmw: 
phi: (x != y) ; (x != z) ; (y != z) ; (α = 0) ; (β = 0) ; (γ = 0)
--- execution 94 ---
E: 0=t-:I@ 1=t-:T@ 2=t-:T@ 3=t0:W@y 4=t0:W@z 5=t0:R@z 6=t0:W@x
po: (0,1) (0,2) (0,3) (0,4) (0,5) (0,6) (3,1) (3,2) (3,4) (3,5) (3,6) (4,1) (4,2) (4,5) (4,6) (5,1) (6,2)
rf: (4,5)
dp: 
ppo: (0,1) (0,2) (0,3) (0,4) (0,5) (0,6) (3,1) (3,2) (4,1) (4,2) (4,5) (5,1) (6,2)
rmw: 
phi: (x != y) ; (x != z) ; (y != z) ; (α = 0) ; (β = 0) ; (γ = 0)
--- execution 95 ---
E: 0=t-:I@ 1=t-:T@ 2=t-:T@ 3=t0:W@y 4=t0:W@z 5=t0:R@z 6=t0:W@x
po: (0,1) (0,2) (0,3) (0,4) (0,5) (0,6) (3,1) (3,2) (3,4) (3,5) (3,6) (4,1) (4,2) (4,5) (4,6) (5,2) (5,6) (6,2)
rf: (4,5)
dp: 
ppo: (0,1) (0,2) (0,3) (0,4) (0,5) (0,6) (3,1) (3,2) (4,1) (4,2) (4,5) (5,2) (6,2)
rmw: 
phi: (x != y) ; (x != z) ; (y != z) ; (α = 0) ; (β = 0) ; (γ = 0)
--- execution 96 ---
E: 0=t-:I@ 1=t-:T@ 2=t-:T@ 3=t0:W@y 4=t0:W@z 5=t0:R@z 6=t0:W@y 7=t0:R@z 8=t0:W@x
po: (0,1) (0,2) (0,3) (0,4) (0,5) (0,6) (0,7) (0,8) (3,1) (3,2) (3,4) (3,5) (3,6) (3,7) (3,8) (4,1) (4,2) (4,5) (4,6) (4,7) (4,8) (5,1) (5,6) (6,1) (7,2) (7,8) (8,2)
rf: (4,5) (4,7)
dp: 
ppo: (0,1) (0,2) (0,3) (0,4) (0,5) (0,6) (0,7) (0,8) (3,1) (3,2) (3,6) (4,1) (4,2) (4,5) (4,7) (5,1) (6,1) (7,2) (8,2)
rmw: 
phi: (x != y) ; (x != z) ; (y != z) ; (α = 0) ; (β = 0) ; (γ = 0)
--- execution 97 ---
E: 0=t-:I@ 1=t-:T@ 2=t-:T@ 3=t0:W@y 4=t0:W@z 5=t0:R@z 6=t0:W@y 7=t0:R@z 8=t0:W@y 9=t0:W@x
po: (0,1) (0,2) (0,3) (0,4) (0,5) (0,6) (0,7) (0,8) (0,9) (3,1) (3,2) (3,4) (3,5) (3,6) (3,7) (3,8) (3,9) (4,1) (4,2) (4,5) (4,6) (4,7) (4,8) (4,9) (5,1) (5,6) (6,1) (7,2) (7,8) (7,9) (8,2) (8,9) (9,2)
rf: (4,5) (4,7)
dp: (7,8)
ppo: (0,1) (0,2) (0,3) (0,4) (0,5) (0,6) (0,7) (0,8) (0,9) (3,1) (3,2) (3,6) (3,8) (4,1) (4,2) (4,5) (4,7) (5,1) (6,1) (7,2) (8,2) (9,2)
rmw: 
phi: (x != y) ; (x != z) ; (y != z) ; (α = 0) ; (β = 0) ; (γ = 0)
--- execution 98 ---
E: 0=t-:I@ 1=t-:T@ 2=t-:T@ 3=t0:W@y 4=t0:W@z 5=t0:R@z 6=t0:W@y 7=t0:W@x
po: (0,1) (0,2) (0,3) (0,4) (0,5) (0,6) (0,7) (3,1) (3,2) (3,4) (3,5) (3,6) (3,7) (4,1) (4,2) (4,5) (4,6) (4,7) (5,1) (5,6) (6,1) (7,2)
rf: (4,5)
dp: 
ppo: (0,1) (0,2) (0,3) (0,4) (0,5) (0,6) (0,7) (3,1) (3,2) (3,6) (4,1) (4,2) (4,5) (5,1) (6,1) (7,2)
rmw: 
phi: (x != y) ; (x != z) ; (y != z) ; (α = 0) ; (β = 0) ; (γ = 0)
--- execution 99 ---
E: 0=t-:I@ 1=t-:T@ 2=t-:T@ 3=t0:W@y 4=t0:W@z 5=t0:R@z 6=t0:W@y 7=t0:W@x
po: (0,1) (0,2) (0,3) (0,4) (0,5) (0,6) (0,7) (3,1) (3,2) (3,4) (3,5) (3,6) (3,7) (4,1) (4,2) (4,5) (4,6) (4,7) (5,1) (6,2) (6,7) (7,2)
rf: (4,5)
dp: 
ppo: (0,1) (0,2) (0,3) (0,4) (0,5) (0,6) (0,7) (3,1) (3,2) (3,6) (4,1) (4,2) (4,5) (5,1) (6,2) (7,2)
rmw: 
phi: (x != y) ; (x != z) ; (y != z) ; (α = 0) ; (β = 0) ; (γ = 0)
--- execution 100 ---
E: 0=t-:I@ 1=t-:T@ 2=t-:T@ 3=t0:W@y 4=t0:W@z 5=t0:R@z 6=t0:W@y 7=t0:W@x
po: (0,1) (0,2) (0,3) (0,4) (0,5) (0,6) (0,7) (3,1) (3,2) (3,4) (3,5) (3,6) (3,7) (4,1) (4,2) (4,5) (4,6) (4,7) (5,2) (5,6) (5,7) (6,2) (6,7) (7,2)
rf: (4,5)
dp: (5,6)
ppo: (0,1) (0,2) (0,3) (0,4) (0,5) (0,6) (0,7) (3,1) (3,2) (3,6) (4,1) (4,2) (4,5) (5,2) (6,2) (7,2)
rmw: 
phi: (x != y) ; (x != z) ; (y != z) ; (α = 0) ; (β = 0) ; (γ = 0)
--- execution 101 ---
E: 0=t-:I@ 1=t-:T@ 2=t-:T@ 3=t0:W@y 4=t0:W@z 5=t0:R@z 6=t0:W@y 7=t0:W@y 8=t0:W@x
po: (0,1) (0,2) (0,3) (0,4) (0,5) (0,6) (0,7) (0,8) (3,1) (3,2) (3,4) (3,5) (3,6) (3,7) (3,8) (4,1) (4,2) (4,5) (4,6) (4,7) (4,8) (5,1) (5,6) (6,1) (7,2) (7,8) (8,2)
rf: (4,5)
dp: 
ppo: (0,1) (0,2) (0,3) (0,4) (0,5) (0,6) (0,7) (0,8) (3,1) (3,2) (3,6) (3,7) (4,1) (4,2) (4,5) (5,1) (6,1) (7,2) (8,2)
rmw: 
phi: (x != y) ; (x != z) ; (y != z) ; (α = 0) ; (β = 0) ; (γ = 0)
--- execution 102 ---
E: 0=t-:I@ 1=t-:T@ 2=t-:T@ 3=t0:W@y 4=t0:W@z 5=t0:W@x
po: (0,1) (0,2) (0,3) (0,4) (0,5) (3,1) (3,2) (3,4) (3,5) (4,1) (4,2) (4,5) (5,2)
rf: 
dp: 
ppo: (0,1) (0,2) (0,3) (0,4) (0,5) (3,1) (3,2) (4,1) (4,2) (5,2)
rmw: 
phi: (x != y) ; (x != z) ; (y != z) ; (α = 0) ; (β = 0) ; (γ = 0)
--- execution 103 ---
E: 0=t-:I@ 1=t-:T@ 2=t-:T@ 3=t0:W@y 4=t0:W@z 5=t0:W@y 6=t0:R@z 7=t0:W@x
po: (0,1) (0,2) (0,3) (0,4) (0,5) (0,6) (0,7) (3,1) (3,2) (3,4) (3,5) (3,6) (3,7) (4,1) (4,2) (4,5) (4,6) (4,7) (5,1) (6,2) (6,7) (7,2)
rf: (4,6)
dp: 
ppo: (0,1) (0,2) (0,3) (0,4) (0,5) (0,6) (0,7) (3,1) (3,2) (3,5) (4,1) (4,2) (4,6) (5,1) (6,2) (7,2)
rmw: 
phi: (x != y) ; (x != z) ; (y != z) ; (α = 0) ; (β = 0) ; (γ = 0)
--- execution 104 ---
E: 0=t-:I@ 1=t-:T@ 2=t-:T@ 3=t0:W@y 4=t0:W@z 5=t0:W@y 6=t0:R@z 7=t0:W@y 8=t0:W@x
po: (0,1) (0,2) (0,3) (0,4) (0,5) (0,6) (0,7) (0,8) (3,1) (3,2) (3,4) (3,5) (3,6) (3,7) (3,8) (4,1) (4,2) (4,5) (4,6) (4,7) (4,8) (5,1) (6,2) (6,7) (6,8) (7,2) (7,8) (8,2)
rf: (4,6)
dp: (6,7)
ppo: (0,1) (0,2) (0,3) (0,4) (0,5) (0,6) (0,7) (0,8) (3,1) (3,2) (3,5) (3,7) (4,1) (4,2) (4,6) (5,1) (6,2) (7,2) (8,2)
rmw: 
phi: (x != y) ; (x != z) ; (y != z) ; (α = 0) ; (β = 0) ; (γ = 0)
--- execution 105 ---
E: 0=t-:I@ 1=t-:T@ 2=t-:T@ 3=t0:W@y 4=t0:W@z 5=t0:W@y 6=t0:W@x
po: (0,1) (0,2) (0,3) (0,4) (0,5) (0,6) (3,1) (3,2) (3,4) (3,5) (3,6) (4,1) (4,2) (4,5) (4,6) (5,1) (6,2)
rf: 
dp: 
ppo: (0,1) (0,2) (0,3) (0,4) (0,5) (0,6) (3,1) (3,2) (3,5) (4,1) (4,2) (5,1) (6,2)
rmw: 
phi: (x != y) ; (x != z) ; (y != z) ; (α = 0) ; (β = 0) ; (γ = 0)
--- execution 106 ---
E: 0=t-:I@ 1=t-:T@ 2=t-:T@ 3=t0:W@y 4=t0:W@z 5=t0:W@y 6=t0:W@x
po: (0,1) (0,2) (0,3) (0,4) (0,5) (0,6) (3,1) (3,2) (3,4) (3,5) (3,6) (4,1) (4,2) (4,5) (4,6) (5,2) (5,6) (6,2)
rf: 
dp: 
ppo: (0,1) (0,2) (0,3) (0,4) (0,5) (0,6) (3,1) (3,2) (3,5) (4,1) (4,2) (5,2) (6,2)
rmw: 
phi: (x != y) ; (x != z) ; (y != z) ; (α = 0) ; (β = 0) ; (γ = 0)
--- execution 107 ---
E: 0=t-:I@ 1=t-:T@ 2=t-:T@ 3=t0:W@y 4=t0:W@z 5=t0:W@y 6=t0:W@y 7=t0:W@x
po: (0,1) (0,2) (0,3) (0,4) (0,5) (0,6) (0,7) (3,1) (3,2) (3,4) (3,5) (3,6) (3,7) (4,1) (4,2) (4,5) (4,6) (4,7) (5,1) (6,2) (6,7) (7,2)
rf: 
dp: 
ppo: (0,1) (0,2) (0,3) (0,4) (0,5) (0,6) (0,7) (3,1) (3,2) (3,5) (3,6) (4,1) (4,2) (5,1) (6,2) (7,2)
rmw: 
phi: (x != y) ; (x != z) ; (y != z) ; (α = 0) ; (β = 0) ; (γ = 0)
--- execution 108 ---
E: 0=t-:I@ 1=t-:T@ 2=t-:T@ 3=t0:W@z 4=t0:R@x 5=t0:W@y 6=t0:R@z 7=t0:W@x
po: (0,1) (0,2) (0,3) (0,4) (0,5) (0,6) (0,7) (3,1) (3,2) (3,4) (3,5) (3,6) (3,7) (4,1) (4,5) (5,1) (6,2) (6,7) (7,2)
rf: (3,6) (7,4)
dp: (4,5)
ppo: (0,1) (0,2) (0,3) (0,4) (0,5) (0,6) (0,7) (3,1) (3,2) (3,6) (4,1) (5,1) (6,2) (7,1) (7,2) (7,4)
rmw: 
phi: (x != y) ; (x != z) ; (y != z) ; (α = 0) ; (β = 1) ; (γ = 0)
--- execution 109 ---
E: 0=t-:I@ 1=t-:T@ 2=t-:T@ 3=t0:W@z 4=t0:R@x 5=t0:W@y 6=t0:R@z 7=t0:W@y 8=t0:W@x
po: (0,1) (0,2) (0,3) (0,4) (0,5) (0,6) (0,7) (0,8) (3,1) (3,2) (3,4) (3,5) (3,6) (3,7) (3,8) (4,1) (4,5) (5,1) (6,2) (6,7) (6,8) (7,2) (7,8) (8,2)
rf: (3,6) (8,4)
dp: (4,5) (6,7)
ppo: (0,1) (0,2) (0,3) (0,4) (0,5) (0,6) (0,7) (0,8) (3,1) (3,2) (3,6) (4,1) (5,1) (5,2) (5,7) (6,2) (7,2) (8,1) (8,2) (8,4)
rmw: 
phi: (x != y) ; (x != z) ; (y != z) ; (α = 0) ; (β = 1) ; (γ = 0)
--- execution 110 ---
E: 0=t-:I@ 1=t-:T@ 2=t-:T@ 3=t0:W@z 4=t0:R@x 5=t0:W@y 6=t0:R@z 7=t0:W@y 8=t0:W@x
po: (0,1) (0,2) (0,3) (0,4) (0,5) (0,6) (0,7) (0,8) (3,1) (3,2) (3,4) (3,5) (3,6) (3,7) (3,8) (4,1) (4,5) (5,1) (6,2) (6,7) (6,8) (7,2) (7,8) (8,2)
rf: (3,6) (8,4)
dp: (4,5) (6,7)
ppo: (0,1) (0,2) (0,3) (0,4) (0,5) (0,6) (0,7) (0,8) (3,1) (3,2) (3,6) (4,1) (5,1) (6,2) (7,1) (7,2) (7,5) (8,1) (8,2) (8,4)
rmw: 
phi: (x != y) ; (x != z) ; (y != z) ; (α = 0) ; (β = 1) ; (γ = 0)
--- execution 111 ---
E: 0=t-:I@ 1=t-:T@ 2=t-:T@ 3=t0:W@z 4=t0:R@x 5=t0:W@y 6=t0:W@x
po: (0,1) (0,2) (0,3) (0,4) (0,5) (0,6) (3,1) (3,2) (3,4) (3,5) (3,6) (4,1) (4,5) (5,1) (6,2)
rf: (6,4)
dp: (4,5)
ppo: (0,1) (0,2) (0,3) (0,4) (0,5) (0,6) (3,1) (3,2) (4,1) (5,1) (6,1) (6,2) (6,4)
rmw: 
phi: (x != y) ; (x != z) ; (y != z) ; (α = 0) ; (β = 1) ; (γ = 0)
--- execution 112 ---
E: 0=t-:I@ 1=t-:T@ 2=t-:T@ 3=t0:W@z 4=t0:R@x 5=t0:W@y 6=t0:W@y 7=t0:W@x
po: (0,1) (0,2) (0,3) (0,4) (0,5) (0,6) (0,7) (3,1) (3,2) (3,4) (3,5) (3,6) (3,7) (4,1) (4,5) (5,1) (6,2) (6,7) (7,2)
rf: (7,4)
dp: (4,5)
ppo: (0,1) (0,2) (0,3) (0,4) (0,5) (0,6) (0,7) (3,1) (3,2) (4,1) (5,1) (5,2) (5,6) (6,2) (7,1) (7,2) (7,4)
rmw: 
phi: (x != y) ; (x != z) ; (y != z) ; (α = 0) ; (β = 1) ; (γ = 0)
--- execution 113 ---
E: 0=t-:I@ 1=t-:T@ 2=t-:T@ 3=t0:W@z 4=t0:R@x 5=t0:W@y 6=t0:W@y 7=t0:W@x
po: (0,1) (0,2) (0,3) (0,4) (0,5) (0,6) (0,7) (3,1) (3,2) (3,4) (3,5) (3,6) (3,7) (4,1) (4,5) (5,1) (6,2) (6,7) (7,2)
rf: (7,4)
dp: (4,5)
ppo: (0,1) (0,2) (0,3) (0,4) (0,5) (0,6) (0,7) (3,1) (3,2) (4,1) (5,1) (6,1) (6,2) (6,5) (7,1) (7,2) (7,4)
rmw: 
phi: (x != y) ; (x != z) ; (y != z) ; (α = 0) ; (β = 1) ; (γ = 0)
--- execution 114 ---
E: 0=t-:I@ 1=t-:T@ 2=t-:T@ 3=t0:W@z 4=t0:R@z 5=t0:R@x 6=t0:W@y 7=t0:R@z 8=t0:W@x
po: (0,1) (0,2) (0,3) (0,4) (0,5) (0,6) (0,7) (0,8) (3,1) (3,2) (3,4) (3,5) (3,6) (3,7) (3,8) (4,1) (4,5) (4,6) (5,1) (5,6) (6,1) (7,2) (7,8) (8,2)
rf: (3,4) (3,7) (8,5)
dp: (5,6)
ppo: (0,1) (0,2) (0,3) (0,4) (0,5) (0,6) (0,7) (0,8) (3,1) (3,2) (3,4) (3,7) (4,1) (5,1) (6,1) (7,2) (8,1) (8,2) (8,5)
rmw: 
phi: (x != y) ; (x != z) ; (y != z) ; (α = 0) ; (β = 1) ; (γ = 0)
--- execution 115 ---
E: 0=t-:I@ 1=t-:T@ 2=t-:T@ 3=t0:W@z 4=t0:R@z 5=t0:R@x 6=t0:W@y 7=t0:R@z 8=t0:W@y 9=t0:W@x
po: (0,1) (0,2) (0,3) (0,4) (0,5) (0,6) (0,7) (0,8) (0,9) (3,1) (3,2) (3,4) (3,5) (3,6) (3,7) (3,8) (3,9) (4,1) (4,5) (4,6) (5,1) (5,6) (6,1) (7,2) (7,8) (7,9) (8,2) (8,9) (9,2)
rf: (3,4) (3,7) (9,5)
dp: (5,6) (7,8)
ppo: (0,1) (0,2) (0,3) (0,4) (0,5) (0,6) (0,7) (0,8) (0,9) (3,1) (3,2) (3,4) (3,7) (4,1) (5,1) (6,1) (6,2) (6,8) (7,2) (8,2) (9,1) (9,2) (9,5)
rmw: 
phi: (x != y) ; (x != z) ; (y != z) ; (α = 0) ; (β = 1) ; (γ = 0)
--- execution 116 ---
E: 0=t-:I@ 1=t-:T@ 2=t-:T@ 3=t0:W@z 4=t0:R@z 5=t0:R@x 6=t0:W@y 7=t0:R@z 8=t0:W@y 9=t0:W@x
po: (0,1) (0,2) (0,3) (0,4) (0,5) (0,6) (0,7) (0,8) (0,9) (3,1) (3,2) (3,4) (3,5) (3,6) (3,7) (3,8) (3,9) (4,1) (4,5) (4,6) (5,1) (5,6) (6,1) (7,2) (7,8) (7,9) (8,2) (8,9) (9,2)
rf: (3,4) (3,7) (9,5)
dp: (5,6) (7,8)
ppo: (0,1) (0,2) (0,3) (0,4) (0,5) (0,6) (0,7) (0,8) (0,9) (3,1) (3,2) (3,4) (3,7) (4,1) (5,1) (6,1) (7,2) (8,1) (8,2) (8,6) (9,1) (9,2) (9,5)
rmw: 
phi: (x != y) ; (x != z) ; (y != z) ; (α = 0) ; (β = 1) ; (γ = 0)
--- execution 117 ---
E: 0=t-:I@ 1=t-:T@ 2=t-:T@ 3=t0:W@z 4=t0:R@z 5=t0:R@x 6=t0:W@y 7=t0:W@x
po: (0,1) (0,2) (0,3) (0,4) (0,5) (0,6) (0,7) (3,1) (3,2) (3,4) (3,5) (3,6) (3,7) (4,1) (4,5) (4,6) (5,1) (5,6) (6,1) (7,2)
rf: (3,4) (7,5)
dp: (5,6)
ppo: (0,1) (0,2) (0,3) (0,4) (0,5) (0,6) (0,7) (3,1) (3,2) (3,4) (4,1) (5,1) (6,1) (7,1) (7,2) (7,5)
rmw: 
phi: (x != y) ; (x != z) ; (y != z) ; (α = 0) ; (β = 1) ; (γ = 0)
--- execution 118 ---
E: 0=t-:I@ 1=t-:T@ 2=t-:T@ 3=t0:W@z 4=t0:R@z 5=t0:R@x 6=t0:W@y 7=t0:W@y 8=t0:W@x
po: (0,1) (0,2) (0,3) (0,4) (0,5) (0,6) (0,7) (0,8) (3,1) (3,2) (3,4) (3,5) (3,6) (3,7) (3,8) (4,1) (4,5) (4,6) (5,1) (5,6) (6,1) (7,2) (7,8) (8,2)
rf: (3,4) (8,5)
dp: (5,6)
ppo: (0,1) (0,2) (0,3) (0,4) (0,5) (0,6) (0,7) (0,8) (3,1) (3,2) (3,4) (4,1) (5,1) (6,1) (6,2) (6,7) (7,2) (8,1) (8,2) (8,5)
rmw: 
phi: (x != y) ; (x != z) ; (y != z) ; (α = 0) ; (β = 1) ; (γ = 0)
--- execution 119 ---
E: 0=t-:I@ 1=t-:T@ 2=t-:T@ 3=t0:W@z 4=t0:R@z 5=t0:R@x 6=t0:W@y 7=t0:W@y 8=t0:W@x
po: (0,1) (0,2) (0,3) (0,4) (0,5) (0,6) (0,7) (0,8) (3,1) (3,2) (3,4) (3,5) (3,6) (3,7) (3,8) (4,1) (4,5) (4,6) (5,1) (5,6) (6,1) (7,2) (7,8) (8,2)
rf: (3,4) (8,5)
dp: (5,6)
ppo: (0,1) (0,2) (0,3) (0,4) (0,5) (0,6) (0,7) (0,8) (3,1) (3,2) (3,4) (4,1) (5,1) (6,1) (7,1) (7,2) (7,6) (8,1) (8,2) (8,5)
rmw: 
phi: (x != y) ; (x != z) ; (y != z) ; (α = 0) ; (β = 1) ; (γ = 0)
--- execution 120 ---
E: 0=t-:I@ 1=t-:T@ 2=t-:T@ 3=t0:W@z 4=t0:R@z 5=t0:R@z 6=t0:W@y 7=t0:W@x
po: (0,1) (0,2) (0,3) (0,4) (0,5) (0,6) (0,7) (3,1) (3,2) (3,4) (3,5) (3,6) (3,7) (4,1) (5,2) (5,6) (5,7) (6,2) (6,7) (7,2)
rf: (3,4) (3,5)
dp: (5,6)
ppo: (0,1) (0,2) (0,3) (0,4) (0,5) (0,6) (0,7) (3,1) (3,2) (3,4) (3,5) (4,1) (5,2) (6,2) (7,2)
rmw: 
phi: (x != y) ; (x != z) ; (y != z) ; (α = 0) ; (β = 0) ; (γ = 0)
--- execution 121 ---
E: 0=t-:I@ 1=t-:T@ 2=t-:T@ 3=t0:W@z 4=t0:R@z 5=t0:W@y 6=t0:R@z 7=t0:W@x
po: (0,1) (0,2) (0,3) (0,4) (0,5) (0,6) (0,7) (3,1) (3,2) (3,4) (3,5) (3,6) (3,7) (4,1) (4,5) (5,1) (6,2) (6,7) (7,2)
rf: (3,4) (3,6)
dp: 
ppo: (0,1) (0,2) (0,3) (0,4) (0,5) (0,6) (0,7) (3,1) (3,2) (3,4) (3,6) (4,1) (5,1) (6,2) (7,2)
rmw: 
phi: (x != y) ; (x != z) ; (y != z) ; (α = 0) ; (β = 0) ; (γ = 0)
--- execution 122 ---
E: 0=t-:I@ 1=t-:T@ 2=t-:T@ 3=t0:W@z 4=t0:R@z 5=t0:W@y 6=t0:R@z 7=t0:W@y 8=t0:W@x
po: (0,1) (0,2) (0,3) (0,4) (0,5) (0,6) (0,7) (0,8) (3,1) (3,2) (3,4) (3,5) (3,6) (3,7) (3,8) (4,1) (4,5) (5,1) (6,2) (6,7) (6,8) (7,2) (7,8) (8,2)
rf: (3,4) (3,6)
dp: (6,7)
ppo: (0,1) (0,2) (0,3) (0,4) (0,5) (0,6) (0,7) (0,8) (3,1) (3,2) (3,4) (3,6) (4,1) (5,1) (5,2) (5,7) (6,2) (7,2) (8,2)
rmw: 
phi: (x != y) ; (x != z) ; (y != z) ; (α = 0) ; (β = 0) ; (γ = 0)
--- execution 123 ---
E: 0=t-:I@ 1=t-:T@ 2=t-:T@ 3=t0:W@z 4=t0:R@z 5=t0:W@y 6=t0:R@z 7=t0:W@y 8=t0:W@x
po: (0,1) (0,2) (0,3) (0,4) (0,5) (0,6) (0,7) (0,8) (3,1) (3,2) (3,4) (3,5) (3,6) (3,7) (3,8) (4,1) (4,5) (5,1) (6,2) (6,7) (6,8) (7,2) (7,8) (8,2)
rf: (3,4) (3,6)
dp: (6,7)
ppo: (0,1) (0,2) (0,3) (0,4) (0,5) (0,6) (0,7) (0,8) (3,1) (3,2) (3,4) (3,6) (4,1) (5,1) (6,2) (7,1) (7,2) (7,5) (8,2)
rmw: 
phi: (x != y) ; (x != z) ; (y != z) ; (α = 0) ; (β = 0) ; (γ = 0)
--- execution 124 ---
E: 0=t-:I@ 1=t-:T@ 2=t-:T@ 3=t0:W@z 4=t0:R@z 5=t0:W@y 6=t0:W@x
po: (0,1) (0,2) (0,3) (0,4) (0,5) (0,6) (3,1) (3,2) (3,4) (3,5) (3,6) (4,1) (4,5) (5,1) (6,2)
rf: (3,4)
dp: 
ppo: (0,1) (0,2) (0,3) (0,4) (0,5) (0,6) (3,1) (3,2) (3,4) (4,1) (5,1) (6,2)
rmw: 
phi: (x != y) ; (x != z) ; (y != z) ; (α = 0) ; (β = 0) ; (γ = 0)
--- execution 125 ---
E: 0=t-:I@ 1=t-:T@ 2=t-:T@ 3=t0:W@z 4=t0:R@z 5=t0:W@y 6=t0:W@x
po: (0,1) (0,2) (0,3) (0,4) (0,5) (0,6) (3,1) (3,2) (3,4) (3,5) (3,6) (4,1) (5,2) (5,6) (6,2)
rf: (3,4)
dp: 
ppo: (0,1) (0,2) (0,3) (0,4) (0,5) (0,6) (3,1) (3,2) (3,4) (4,1) (5,2) (6,2)
rmw: 
phi: (x != y) ; (x != z) ; (y != z) ; (α = 0) ; (β = 0) ; (γ = 0)
--- execution 126 ---
E: 0=t-:I@ 1=t-:T@ 2=t-:T@ 3=t0:W@z 4=t0:R@z 5=t0:W@y 6=t0:W@x
po: (0,1) (0,2) (0,3) (0,4) (0,5) (0,6) (3,1) (3,2) (3,4) (3,5) (3,6) (4,2) (4,5) (4,6) (5,2) (5,6) (6,2)
rf: (3,4)
dp: (4,5)
ppo: (0,1) (0,2) (0,3) (0,4) (0,5) (0,6) (3,1) (3,2) (3,4) (4,2) (5,2) (6,2)
rmw: 
phi: (x != y) ; (x != z) ; (y != z) ; (α = 0) ; (β = 0) ; (γ = 0)
--- execution 127 ---
E: 0=t-:I@ 1=t-:T@ 2=t-:T@ 3=t0:W@z 4=t0:R@z 5=t0:W@y 6=t0:W@y 7=t0:W@x
po: (0,1) (0,2) (0,3) (0,4) (0,5) (0,6) (0,7) (3,1) (3,2) (3,4) (3,5) (3,6) (3,7) (4,1) (4,5) (5,1) (6,2) (6,7) (7,2)
rf: (3,4)
dp: 
ppo: (0,1) (0,2) (0,3) (0,4) (0,5) (0,6) (0,7) (3,1) (3,2) (3,4) (4,1) (5,1) (5,2) (5,6) (6,2) (7,2)
rmw: 
phi: (x != y) ; (x != z) ; (y != z) ; (α = 0) ; (β = 0) ; (γ = 0)
--- execution 128 ---
E: 0=t-:I@ 1=t-:T@ 2=t-:T@ 3=t0:W@z 4=t0:R@z 5=t0:W@y 6=t0:W@y 7=t0:W@x
po: (0,1) (0,2) (0,3) (0,4) (0,5) (0,6) (0,7) (3,1) (3,2) (3,4) (3,5) (3,6) (3,7) (4,1) (4,5) (5,1) (6,2) (6,7) (7,2)
rf: (3,4)
dp: 
ppo: (0,1) (0,2) (0,3) (0,4) (0,5) (0,6) (0,7) (3,1) (3,2) (3,4) (4,1) (5,1) (6,1) (6,2) (6,5) (7,2)
rmw: 
phi: (x != y) ; (x != z) ; (y != z) ; (α = 0) ; (β = 0) ; (γ = 0)
--- execution 129 ---
E: 0=t-:I@ 1=t-:T@ 2=t-:T@ 3=t0:W@z 4=t0:W@y 5=t0:R@z 6=t0:W@x
po: (0,1) (0,2) (0,3) (0,4) (0,5) (0,6) (3,1) (3,2) (3,4) (3,5) (3,6) (4,1) (5,2) (5,6) (6,2)
rf: (3,5)
dp: 
ppo: (0,1) (0,2) (0,3) (0,4) (0,5) (0,6) (3,1) (3,2) (3,5) (4,1) (5,2) (6,2)
rmw: 
phi: (x != y) ; (x != z) ; (y != z) ; (α = 0) ; (β = 0) ; (γ = 0)
--- execution 130 ---
E: 0=t-:I@ 1=t-:T@ 2=t-:T@ 3=t0:W@z 4=t0:W@y 5=t0:R@z 6=t0:W@y 7=t0:W@x
po: (0,1) (0,2) (0,3) (0,4) (0,5) (0,6) (0,7) (3,1) (3,2) (3,4) (3,5) (3,6) (3,7) (4,1) (5,2) (5,6) (5,7) (6,2) (6,7) (7,2)
rf: (3,5)
dp: (5,6)
ppo: (0,1) (0,2) (0,3) (0,4) (0,5) (0,6) (0,7) (3,1) (3,2) (3,5) (4,1) (4,2) (4,6) (5,2) (6,2) (7,2)
rmw: 
phi: (x != y) ; (x != z) ; (y != z) ; (α = 0) ; (β = 0) ; (γ = 0)
--- execution 131 ---
E: 0=t-:I@ 1=t-:T@ 2=t-:T@ 3=t0:W@z 4=t0:W@y 5=t0:R@z 6=t0:W@y 7=t0:W@x
po: (0,1) (0,2) (0,3) (0,4) (0,5) (0,6) (0,7) (3,1) (3,2) (3,4) (3,5) (3,6) (3,7) (4,1) (5,2) (5,6) (5,7) (6,2) (6,7) (7,2)
rf: (3,5)
dp: (5,6)
ppo: (0,1) (0,2) (0,3) (0,4) (0,5) (0,6) (0,7) (3,1) (3,2) (3,5) (4,1) (5,2) (6,1) (6,2) (6,4) (7,2)
rmw: 
phi: (x != y) ; (x != z) ; (y != z) ; (α = 0) ; (β = 0) ; (γ = 0)
--- execution 132 ---
E: 0=t-:I@ 1=t-:T@ 2=t-:T@ 3=t0:W@z 4=t0:W@y 5=t0:W@x
po: (0,1) (0,2) (0,3) (0,4) (0,5) (3,1) (3,2) (3,4) (3,5) (4,1) (5,2)
rf: 
dp: 
ppo: (0,1) (0,2) (0,3) (0,4) (0,5) (3,1) (3,2) (4,1) (5,2)
rmw: 
phi: (x != y) ; (x != z) ; (y != z) ; (α = 0) ; (β = 0) ; (γ = 0)
--- execution 133 ---
E: 0=t-:I@ 1=t-:T@ 2=t-:T@ 3=t0:W@z 4=t0:W@y 5=t0:W@x
po: (0,1) (0,2) (0,3) (0,4) (0,5) (3,1) (3,2) (3,4) (3,5) (4,2) (4,5) (5,2)
rf: 
dp: 
ppo: (0,1) (0,2) (0,3) (0,4) (0,5) (3,1) (3,2) (4,2) (5,2)
rmw: 
phi: (x != y) ; (x != z) ; (y != z) ; (α = 0) ; (β = 0) ; (γ = 0)
--- execution 134 ---
E: 0=t-:I@ 1=t-:T@ 2=t-:T@ 3=t0:W@z 4=t0:W@y 5=t0:W@y 6=t0:W@x
po: (0,1) (0,2) (0,3) (0,4) (0,5) (0,6) (3,1) (3,2) (3,4) (3,5) (3,6) (4,1) (5,2) (5,6) (6,2)
rf: 
dp: 
ppo: (0,1) (0,2) (0,3) (0,4) (0,5) (0,6) (3,1) (3,2) (4,1) (4,2) (4,5) (5,2) (6,2)
rmw: 
phi: (x != y) ; (x != z) ; (y != z) ; (α = 0) ; (β = 0) ; (γ = 0)
--- execution 135 ---
E: 0=t-:I@ 1=t-:T@ 2=t-:T@ 3=t0:W@z 4=t0:W@y 5=t0:W@y 6=t0:W@x
po: (0,1) (0,2) (0,3) (0,4) (0,5) (0,6) (3,1) (3,2) (3,4) (3,5) (3,6) (4,1) (5,2) (5,6) (6,2)
rf: 
dp: 
ppo: (0,1) (0,2) (0,3) (0,4) (0,5) (0,6) (3,1) (3,2) (4,1) (5,1) (5,2) (5,4) (6,2)
rmw: 
phi: (x != y) ; (x != z) ; (y != z) ; (α = 0) ; (β = 0) ; (γ = 0)
