verdict: valid
executions: 84
--- execution 0 ---
E: 0=t-:I@ 1=t-:T@ 2=t-:T@ 3=t0:R@a 4=t0:W@y 5=t0:W@x 6=t0:R@x 7=t0:R@y 8=t0:R@z 9=t0:W@a
po: (0,1) (0,2) (0,3) (0,4) (0,5) (0,6) (0,7) (0,8) (0,9) (3,1) (3,4) (4,1) (5,2) (5,6) (5,7) (5,8) (5,9) (6,2) (6,7) (6,8) (6,9) (7,2) (7,8) (7,9) (8,2) (8,9) (9,2)
rf: (0,8) (4,7) (5,6) (9,3)
dp: (6,9)
ppo: (0,1) (0,2) (0,3) (0,4) (0,5) (0,6) (0,7) (0,8) (0,9) (3,1) (4,1) (4,2) (4,7) (5,2) (5,6) (6,2) (7,2) (8,2) (9,1) (9,2) (9,3)
rmw: 
phi: (a != x) ; (a != y) ; (a != z) ; (x != y) ; (x != z) ; (y != z) ; (α = 1) ; (α = β) ; (β = 1) ; (γ = 2) ; (δ < 10)
--- execution 1 ---
E: 0=t-:I@ 1=t-:T@ 2=t-:T@ 3=t0:R@a 4=t0:W@y 5=t0:W@x 6=t0:R@x 7=t0:R@z 8=t0:W@a
po: (0,1) (0,2) (0,3) (0,4) (0,5) (0,6) (0,7) (0,8) (3,1) (3,4) (4,1) (5,2) (5,6) (5,7) (5,8) (6,2) (6,7) (6,8) (7,2) (7,8) (8,2)
rf: (0,7) (5,6) (8,3)
dp: 
ppo: (0,1) (0,2) (0,3) (0,4) (0,5) (0,6) (0,7) (0,8) (3,1) (4,1) (5,2) (5,6) (6,2) (7,2) (8,1) (8,2) (8,3)
rmw: 
phi: (a != x) ; (a != y) ; (a != z) ; (x != y) ; (x != z) ; (y != z) ; (α = 1) ; (α = ε) ; (β = 1) ; (γ != 2) ; (γ = 0) ; (ε < 10)
--- execution 2 ---
E: 0=t-:I@ 1=t-:T@ 2=t-:T@ 3=t0:R@a 4=t0:W@y 5=t0:W@x 6=t0:R@y 7=t0:R@z 8=t0:W@a
po: (0,1) (0,2) (0,3) (0,4) (0,5) (0,6) (0,7) (0,8) (3,1) (3,4) (4,1) (5,2) (5,6) (5,7) (5,8) (6,2) (6,7) (6,8) (7,2) (7,8) (8,2)
rf: (0,7) (4,6) (8,3)
dp: 
ppo: (0,1) (0,2) (0,3) (0,4) (0,5) (0,6) (0,7) (0,8) (3,1) (4,1) (4,2) (4,6) (5,2) (6,2) (7,2) (8,1) (8,2) (8,3)
rmw: 
phi: (a != x) ; (a != y) ; (a != z) ; (x != y) ; (x != z) ; (y != z) ; (α = 1) ; (α = β) ; (β = 1) ; (γ = 2) ; (δ < 10)
--- execution 3 ---
E: 0=t-:I@ 1=t-:T@ 2=t-:T@ 3=t0:R@a 4=t0:W@y 5=t0:W@x 6=t0:R@z 7=t0:W@a
po: (0,1) (0,2) (0,3) (0,4) (0,5) (0,6) (0,7) (3,1) (3,4) (4,1) (5,2) (5,6) (5,7) (6,2) (6,7) (7,2)
rf: (0,6) (7,3)
dp: 
ppo: (0,1) (0,2) (0,3) (0,4) (0,5) (0,6) (0,7) (3,1) (4,1) (5,2) (6,2) (7,1) (7,2) (7,3)
rmw: 
phi: (a != x) ; (a != y) ; (a != z) ; (x != y) ; (x != z) ; (y != z) ; (α = 1) ; (α = ε) ; (β = 1) ; (γ != 2) ; (γ = 0) ; (ε < 10)
--- execution 4 ---
E: 0=t-:I@ 1=t-:T@ 2=t-:T@ 3=t0:W@a 4=t0:R@a 5=t0:W@x 6=t0:R@x 7=t0:R@z 8=t0:W@y
po: (0,1) (0,2) (0,3) (0,4) (0,5) (0,6) (0,7) (0,8) (3,1) (3,2) (3,4) (3,5) (3,6) (3,7) (3,8) (4,1) (5,2) (5,6) (5,7) (5,8) (6,2) (6,7) (6,8) (7,2) (7,8) (8,2)
rf: (0,7) (3,4) (5,6)
dp: 
ppo: (0,1) (0,2) (0,3) (0,4) (0,5) (0,6) (0,7) (0,8) (3,1) (3,2) (3,4) (4,1) (5,2) (5,6) (6,2) (7,2) (8,2)
rmw: 
phi: (a != x) ; (a != y) ; (a != z) ; (x != y) ; (x != z) ; (y != z) ; (α != 1) ; (α = 0) ; (β = 1) ; (γ != 2) ; (γ = 0) ; (ε >= 10)
--- execution 5 ---
E: 0=t-:I@ 1=t-:T@ 2=t-:T@ 3=t0:W@a 4=t0:R@a 5=t0:W@x 6=t0:R@z 7=t0:W@y
po: (0,1) (0,2) (0,3) (0,4) (0,5) (0,6) (0,7) (3,1) (3,2) (3,4) (3,5) (3,6) (3,7) (4,1) (5,2) (5,6) (5,7) (6,2) (6,7) (7,2)
rf: (0,6) (3,4)
dp: 
ppo: (0,1) (0,2) (0,3) (0,4) (0,5) (0,6) (0,7) (3,1) (3,2) (3,4) (4,1) (5,2) (6,2) (7,2)
rmw: 
phi: (a != x) ; (a != y) ; (a != z) ; (x != y) ; (x != z) ; (y != z) ; (α != 1) ; (α = 0) ; (β = 1) ; (γ != 2) ; (γ = 0) ; (ε >= 10)
--- execution 6 ---
E: 0=t-:I@ 1=t-:T@ 2=t-:T@ 3=t0:W@a 4=t0:R@a 5=t0:W@y 6=t0:W@x 7=t0:R@x 8=t0:R@y 9=t0:R@z 10=t0:W@a
po: (0,1) (0,2) (0,3) (0,4) (0,5) (0,6) (0,7) (0,8) (0,9) (0,10) (3,1) (3,2) (3,4) (3,5) (3,6) (3,7) (3,8) (3,9) (3,10) (4,1) (4,5) (5,1) (6,2) (6,7) (6,8) (6,9) (6,10) (7,2) (7,8) (7,9) (7,10) (8,2) (8,9) (8,10) (9,2) (9,10) (10,2)
rf: (0,9) (5,8) (6,7) (10,4)
dp: (7,10)
ppo: (0,1) (0,2) (0,3) (0,4) (0,5) (0,6) (0,7) (0,8) (0,9) (0,10) (3,1) (3,2) (3,4) (3,10) (4,1) (5,1) (5,2) (5,8) (6,2) (6,7) (7,2) (8,2) (9,2) (10,2)
rmw: 
phi: (a != x) ; (a != y) ; (a != z) ; (x != y) ; (x != z) ; (y != z) ; (α = 1) ; (α = β) ; (β = 1) ; (γ = 2) ; (δ < 10)
--- execution 7 ---
E: 0=t-:I@ 1=t-:T@ 2=t-:T@ 3=t0:W@a 4=t0:R@a 5=t0:W@y 6=t0:W@x 7=t0:R@x 8=t0:R@z 9=t0:W@a
po: (0,1) (0,2) (0,3) (0,4) (0,5) (0,6) (0,7) (0,8) (0,9) (3,1) (3,2) (3,4) (3,5) (3,6) (3,7) (3,8) (3,9) (4,1) (4,5) (5,1) (6,2) (6,7) (6,8) (6,9) (7,2) (7,8) (7,9) (8,2) (8,9) (9,2)
rf: (0,8) (6,7) (9,4)
dp: 
ppo: (0,1) (0,2) (0,3) (0,4) (0,5) (0,6) (0,7) (0,8) (0,9) (3,1) (3,2) (3,4) (3,9) (4,1) (5,1) (6,2) (6,7) (7,2) (8,2) (9,2)
rmw: 
phi: (a != x) ; (a != y) ; (a != z) ; (x != y) ; (x != z) ; (y != z) ; (α = 1) ; (α = ε) ; (β = 1) ; (γ != 2) ; (γ = 0) ; (ε < 10)
--- execution 8 ---
E: 0=t-:I@ 1=t-:T@ 2=t-:T@ 3=t0:W@a 4=t0:R@a 5=t0:W@y 6=t0:W@x 7=t0:R@y 8=t0:R@z 9=t0:W@a
po: (0,1) (0,2) (0,3) (0,4) (0,5) (0,6) (0,7) (0,8) (0,9) (3,1) (3,2) (3,4) (3,5) (3,6) (3,7) (3,8) (3,9) (4,1) (4,5) (5,1) (6,2) (6,7) (6,8) (6,9) (7,2) (7,8) (7,9) (8,2) (8,9) (9,2)
rf: (0,8) (5,7) (9,4)
dp: 
ppo: (0,1) (0,2) (0,3) (0,4) (0,5) (0,6) (0,7) (0,8) (0,9) (3,1) (3,2) (3,4) (3,9) (4,1) (5,1) (5,2) (5,7) (6,2) (7,2) (8,2) (9,2)
rmw: 
phi: (a != x) ; (a != y) ; (a != z) ; (x != y) ; (x != z) ; (y != z) ; (α = 1) ; (α = β) ; (β = 1) ; (γ = 2) ; (δ < 10)
--- execution 9 ---
E: 0=t-:I@ 1=t-:T@ 2=t-:T@ 3=t0:W@a 4=t0:R@a 5=t0:W@y 6=t0:W@x 7=t0:R@z 8=t0:W@a
po: (0,1) (0,2) (0,3) (0,4) (0,5) (0,6) (0,7) (0,8) (3,1) (3,2) (3,4) (3,5) (3,6) (3,7) (3,8) (4,1) (4,5) (5,1) (6,2) (6,7) (6,8) (7,2) (7,8) (8,2)
rf: (0,7) (8,4)
dp: 
ppo: (0,1) (0,2) (0,3) (0,4) (0,5) (0,6) (0,7) (0,8) (3,1) (3,2) (3,4) (3,8) (4,1) (5,1) (6,2) (7,2) (8,2)
rmw: 
phi: (a != x) ; (a != y) ; (a != z) ; (x != y) ; (x != z) ; (y != z) ; (α = 1) ; (α = ε) ; (β = 1) ; (γ != 2) ; (γ = 0) ; (ε < 10)
--- execution 10 ---
E: 0=t-:I@ 1=t-:T@ 2=t-:T@ 3=t0:W@a 4=t0:W@x 5=t0:R@a 6=t0:W@x 7=t0:R@x 8=t0:R@z 9=t0:W@y
po: (0,1) (0,2) (0,3) (0,4) (0,5) (0,6) (0,7) (0,8) (0,9) (3,1) (3,2) (3,4) (3,5) (3,6) (3,7) (3,8) (3,9) (4,1) (4,2) (4,5) (4,6) (4,7) (4,8) (4,9) (5,1) (6,2) (6,7) (6,8) (6,9) (7,2) (7,8) (7,9) (8,2) (8,9) (9,2)
rf: (0,8) (3,5) (6,7)
dp: 
ppo: (0,1) (0,2) (0,3) (0,4) (0,5) (0,6) (0,7) (0,8) (0,9) (3,1) (3,2) (3,5) (4,1) (4,2) (4,6) (4,7) (5,1) (6,2) (6,7) (7,2) (8,2) (9,2)
rmw: 
phi: (a != x) ; (a != y) ; (a != z) ; (x != y) ; (x != z) ; (y != z) ; (α != 1) ; (α = 0) ; (β = 1) ; (γ != 2) ; (γ = 0) ; (ε >= 10)
--- execution 11 ---
E: 0=t-:I@ 1=t-:T@ 2=t-:T@ 3=t0:W@a 4=t0:W@x 5=t0:R@a 6=t0:W@x 7=t0:R@z 8=t0:W@y
po: (0,1) (0,2) (0,3) (0,4) (0,5) (0,6) (0,7) (0,8) (3,1) (3,2) (3,4) (3,5) (3,6) (3,7) (3,8) (4,1) (4,2) (4,5) (4,6) (4,7) (4,8) (5,1) (6,2) (6,7) (6,8) (7,2) (7,8) (8,2)
rf: (0,7) (3,5)
dp: 
ppo: (0,1) (0,2) (0,3) (0,4) (0,5) (0,6) (0,7) (0,8) (3,1) (3,2) (3,5) (4,1) (4,2) (4,6) (5,1) (6,2) (7,2) (8,2)
rmw: 
phi: (a != x) ; (a != y) ; (a != z) ; (x != y) ; (x != z) ; (y != z) ; (α != 1) ; (α = 0) ; (β = 1) ; (γ != 2) ; (γ = 0) ; (ε >= 10)
--- execution 12 ---
E: 0=t-:I@ 1=t-:T@ 2=t-:T@ 3=t0:W@a 4=t0:W@x 5=t0:R@a 6=t0:W@y 7=t0:W@x 8=t0:R@x 9=t0:R@y 10=t0:R@z 11=t0:W@a
po: (0,1) (0,2) (0,3) (0,4) (0,5) (0,6) (0,7) (0,8) (0,9) (0,10) (0,11) (3,1) (3,2) (3,4) (3,5) (3,6) (3,7) (3,8) (3,9) (3,10) (3,11) (4,1) (4,2) (4,5) (4,6) (4,7) (4,8) (4,9) (4,10) (4,11) (5,1) (5,6) (6,1) (7,2) (7,8) (7,9) (7,10) (7,11) (8,2) (8,9) (8,10) (8,11) (9,2) (9,10) (9,11) (10,2) (10,11) (11,2)
rf: (0,10) (6,9) (7,8) (11,5)
dp: (8,11)
ppo: (0,1) (0,2) (0,3) (0,4) (0,5) (0,6) (0,7) (0,8) (0,9) (0,10) (0,11) (3,1) (3,2) (3,5) (3,11) (4,1) (4,2) (4,7) (4,8) (5,1) (6,1) (6,2) (6,9) (7,2) (7,8) (8,2) (9,2) (10,2) (11,2)
rmw: 
phi: (a != x) ; (a != y) ; (a != z) ; (x != y) ; (x != z) ; (y != z) ; (α = 1) ; (α = β) ; (β = 1) ; (γ = 2) ; (δ < 10)
--- execution 13 ---
E: 0=t-:I@ 1=t-:T@ 2=t-:T@ 3=t0:W@a 4=t0:W@x 5=t0:R@a 6=t0:W@y 7=t0:W@x 8=t0:R@x 9=t0:R@z 10=t0:W@a
po: (0,1) (0,2) (0,3) (0,4) (0,5) (0,6) (0,7) (0,8) (0,9) (0,10) (3,1) (3,2) (3,4) (3,5) (3,6) (3,7) (3,8) (3,9) (3,10) (4,1) (4,2) (4,5) (4,6) (4,7) (4,8) (4,9) (4,10) (5,1) (5,6) (6,1) (7,2) (7,8) (7,9) (7,10) (8,2) (8,9) (8,10) (9,2) (9,10) (10,2)
rf: (0,9) (7,8) (10,5)
dp: 
ppo: (0,1) (0,2) (0,3) (0,4) (0,5) (0,6) (0,7) (0,8) (0,9) (0,10) (3,1) (3,2) (3,5) (3,10) (4,1) (4,2) (4,7) (4,8) (5,1) (6,1) (7,2) (7,8) (8,2) (9,2) (10,2)
rmw: 
phi: (a != x) ; (a != y) ; (a != z) ; (x != y) ; (x != z) ; (y != z) ; (α = 1) ; (α = ε) ; (β = 1) ; (γ != 2) ; (γ = 0) ; (ε < 10)
--- execution 14 ---
E: 0=t-:I@ 1=t-:T@ 2=t-:T@ 3=t0:W@a 4=t0:W@x 5=t0:R@a 6=t0:W@y 7=t0:W@x 8=t0:R@y 9=t0:R@z 10=t0:W@a
po: (0,1) (0,2) (0,3) (0,4) (0,5) (0,6) (0,7) (0,8) (0,9) (0,10) (3,1) (3,2) (3,4) (3,5) (3,6) (3,7) (3,8) (3,9) (3,10) (4,1) (4,2) (4,5) (4,6) (4,7) (4,8) (4,9) (4,10) (5,1) (5,6) (6,1) (7,2) (7,8) (7,9) (7,10) (8,2) (8,9) (8,10) (9,2) (9,10) (10,2)
rf: (0,9) (6,8) (10,5)
dp: 
ppo: (0,1) (0,2) (0,3) (0,4) (0,5) (0,6) (0,7) (0,8) (0,9) (0,10) (3,1) (3,2) (3,5) (3,10) (4,1) (4,2) (4,7) (5,1) (6,1) (6,2) (6,8) (7,2) (8,2) (9,2) (10,2)
rmw: 
phi: (a != x) ; (a != y) ; (a != z) ; (x != y) ; (x != z) ; (y != z) ; (α = 1) ; (α = β) ; (β = 1) ; (γ = 2) ; (δ < 10)
--- execution 15 ---
E: 0=t-:I@ 1=t-:T@ 2=t-:T@ 3=t0:W@a 4=t0:W@x 5=t0:R@a 6=t0:W@y 7=t0:W@x 8=t0:R@z 9=t0:W@a
po: (0,1) (0,2) (0,3) (0,4) (0,5) (0,6) (0,7) (0,8) (0,9) (3,1) (3,2) (3,4) (3,5) (3,6) (3,7) (3,8) (3,9) (4,1) (4,2) (4,5) (4,6) (4,7) (4,8) (4,9) (5,1) (5,6) (6,1) (7,2) (7,8) (7,9) (8,2) (8,9) (9,2)
rf: (0,8) (9,5)
dp: 
ppo: (0,1) (0,2) (0,3) (0,4) (0,5) (0,6) (0,7) (0,8) (0,9) (3,1) (3,2) (3,5) (3,9) (4,1) (4,2) (4,7) (5,1) (6,1) (7,2) (8,2) (9,2)
rmw: 
phi: (a != x) ; (a != y) ; (a != z) ; (x != y) ; (x != z) ; (y != z) ; (α = 1) ; (α = ε) ; (β = 1) ; (γ != 2) ; (γ = 0) ; (ε < 10)
--- execution 16 ---
E: 0=t-:I@ 1=t-:T@ 2=t-:T@ 3=t0:W@a 4=t0:W@x 5=t0:W@y 6=t0:R@a 7=t0:W@x 8=t0:R@x 9=t0:R@y 10=t0:R@z
po: (0,1) (0,2) (0,3) (0,4) (0,5) (0,6) (0,7) (0,8) (0,9) (0,10) (3,1) (3,2) (3,4) (3,5) (3,6) (3,7) (3,8) (3,9) (3,10) (4,1) (4,2) (4,5) (4,6) (4,7) (4,8) (4,9) (4,10) (5,1) (5,2) (5,6) (5,7) (5,8) (5,9) (5,10) (6,1) (7,2) (7,8) (7,9) (7,10) (8,2) (8,9) (8,10) (9,2) (9,10) (10,2)
rf: (0,10) (3,6) (5,9) (7,8)
dp: 
ppo: (0,1) (0,2) (0,3) (0,4) (0,5) (0,6) (0,7) (0,8) (0,9) (0,10) (3,1) (3,2) (3,6) (4,1) (4,2) (4,7) (4,8) (5,1) (5,2) (5,9) (6,1) (7,2) (7,8) (8,2) (9,2) (10,2)
rmw: 
phi: (a != x) ; (a != y) ; (a != z) ; (x != y) ; (x != z) ; (y != z) ; (α != 1) ; (α = 0) ; (β = 1) ; (γ != 2) ; (γ = 0) ; (ε < 10) ; (ε = 0)
--- execution 17 ---
E: 0=t-:I@ 1=t-:T@ 2=t-:T@ 3=t0:W@a 4=t0:W@x 5=t0:W@y 6=t0:R@a 7=t0:W@x 8=t0:R@x 9=t0:R@y 10=t0:R@z 11=t0:W@a
po: (0,1) (0,2) (0,3) (0,4) (0,5) (0,6) (0,7) (0,8) (0,9) (0,10) (0,11) (3,1) (3,2) (3,4) (3,5) (3,6) (3,7) (3,8) (3,9) (3,10) (3,11) (4,1) (4,2) (4,5) (4,6) (4,7) (4,8) (4,9) (4,10) (4,11) (5,1) (5,2) (5,6) (5,7) (5,8) (5,9) (5,10) (5,11) (6,1) (7,2) (7,8) (7,9) (7,10) (7,11) (8,2) (8,9) (8,10) (8,11) (9,2) (9,10) (9,11) (10,2) (10,11) (11,2)
rf: (0,10) (3,6) (5,9) (7,8)
dp: 
ppo: (0,1) (0,2) (0,3) (0,4) (0,5) (0,6) (0,7) (0,8) (0,9) (0,10) (0,11) (3,1) (3,2) (3,6) (3,11) (4,1) (4,2) (4,7) (4,8) (5,1) (5,2) (5,9) (6,1) (7,2) (7,8) (8,2) (9,2) (10,2) (11,2)
rmw: 
phi: (a != x) ; (a != y) ; (a != z) ; (x != y) ; (x != z) ; (y != z) ; (α != 1) ; (α = 0) ; (β = 1) ; (γ != 2) ; (γ = 0) ; (ε < 10)
--- execution 18 ---
E: 0=t-:I@ 1=t-:T@ 2=t-:T@ 3=t0:W@a 4=t0:W@x 5=t0:W@y 6=t0:R@a 7=t0:W@x 8=t0:R@x 9=t0:R@y 10=t0:R@z 11=t0:W@a
po: (0,1) (0,2) (0,3) (0,4) (0,5) (0,6) (0,7) (0,8) (0,9) (0,10) (0,11) (3,1) (3,2) (3,4) (3,5) (3,6) (3,7) (3,8) (3,9) (3,10) (3,11) (4,1) (4,2) (4,5) (4,6) (4,7) (4,8) (4,9) (4,10) (4,11) (5,1) (5,2) (5,6) (5,7) (5,8) (5,9) (5,10) (5,11) (6,1) (7,2) (7,8) (7,9) (7,10) (7,11) (8,2) (8,9) (8,10) (8,11) (9,2) (9,10) (9,11) (10,2) (10,11) (11,2)
rf: (0,10) (5,9) (7,8) (11,6)
dp: 
ppo: (0,1) (0,2) (0,3) (0,4) (0,5) (0,6) (0,7) (0,8) (0,9) (0,10) (0,11) (3,1) (3,2) (3,6) (3,11) (4,1) (4,2) (4,7) (4,8) (5,1) (5,2) (5,9) (6,1) (7,2) (7,8) (8,2) (9,2) (10,2) (11,2)
rmw: 
phi: (a != x) ; (a != y) ; (a != z) ; (x != y) ; (x != z) ; (y != z) ; (α != 1) ; (α = ε) ; (β = 1) ; (γ != 2) ; (γ = 0) ; (ε < 10)
--- execution 19 ---
E: 0=t-:I@ 1=t-:T@ 2=t-:T@ 3=t0:W@a 4=t0:W@x 5=t0:W@y 6=t0:R@a 7=t0:W@x 8=t0:R@x 9=t0:R@y 10=t0:R@z 11=t0:W@y
po: (0,1) (0,2) (0,3) (0,4) (0,5) (0,6) (0,7) (0,8) (0,9) (0,10) (0,11) (3,1) (3,2) (3,4) (3,5) (3,6) (3,7) (3,8) (3,9) (3,10) (3,11) (4,1) (4,2) (4,5) (4,6) (4,7) (4,8) (4,9) (4,10) (4,11) (5,1) (5,2) (5,6) (5,7) (5,8) (5,9) (5,10) (5,11) (6,1) (7,2) (7,8) (7,9) (7,10) (7,11) (8,2) (8,9) (8,10) (8,11) (9,2) (9,10) (9,11) (10,2) (10,11) (11,2)
rf: (0,10) (3,6) (5,9) (7,8)
dp: 
ppo: (0,1) (0,2) (0,3) (0,4) (0,5) (0,6) (0,7) (0,8) (0,9) (0,10) (0,11) (3,1) (3,2) (3,6) (4,1) (4,2) (4,7) (4,8) (5,1) (5,2) (5,9) (5,11) (6,1) (7,2) (7,8) (8,2) (9,2) (9,11) (10,2) (11,2)
rmw: 
phi: (a != x) ; (a != y) ; (a != z) ; (x != y) ; (x != z) ; (y != z) ; (α != 1) ; (α = 0) ; (β = 1) ; (γ != 2) ; (γ = 0) ; (ε >= 10)
--- execution 20 ---
E: 0=t-:I@ 1=t-:T@ 2=t-:T@ 3=t0:W@a 4=t0:W@x 5=t0:W@y 6=t0:R@a 7=t0:W@x 8=t0:R@x 9=t0:R@z
po: (0,1) (0,2) (0,3) (0,4) (0,5) (0,6) (0,7) (0,8) (0,9) (3,1) (3,2) (3,4) (3,5) (3,6) (3,7) (3,8) (3,9) (4,1) (4,2) (4,5) (4,6) (4,7) (4,8) (4,9) (5,1) (5,2) (5,6) (5,7) (5,8) (5,9) (6,1) (7,2) (7,8) (7,9) (8,2) (8,9) (9,2)
rf: (0,9) (3,6) (7,8)
dp: 
ppo: (0,1) (0,2) (0,3) (0,4) (0,5) (0,6) (0,7) (0,8) (0,9) (3,1) (3,2) (3,6) (4,1) (4,2) (4,7) (4,8) (5,1) (5,2) (6,1) (7,2) (7,8) (8,2) (9,2)
rmw: 
phi: (a != x) ; (a != y) ; (a != z) ; (x != y) ; (x != z) ; (y != z) ; (α != 1) ; (α = 0) ; (β = 1) ; (γ != 2) ; (γ = 0) ; (ε < 10) ; (ε = 0)
--- execution 21 ---
E: 0=t-:I@ 1=t-:T@ 2=t-:T@ 3=t0:W@a 4=t0:W@x 5=t0:W@y 6=t0:R@a 7=t0:W@x 8=t0:R@x 9=t0:R@z 10=t0:W@a
po: (0,1) (0,2) (0,3) (0,4) (0,5) (0,6) (0,7) (0,8) (0,9) (0,10) (3,1) (3,2) (3,4) (3,5) (3,6) (3,7) (3,8) (3,9) (3,10) (4,1) (4,2) (4,5) (4,6) (4,7) (4,8) (4,9) (4,10) (5,1) (5,2) (5,6) (5,7) (5,8) (5,9) (5,10) (6,1) (7,2) (7,8) (7,9) (7,10) (8,2) (8,9) (8,10) (9,2) (9,10) (10,2)
rf: (0,9) (3,6) (7,8)
dp: 
ppo: (0,1) (0,2) (0,3) (0,4) (0,5) (0,6) (0,7) (0,8) (0,9) (0,10) (3,1) (3,2) (3,6) (3,10) (4,1) (4,2) (4,7) (4,8) (5,1) (5,2) (6,1) (7,2) (7,8) (8,2) (9,2) (10,2)
rmw: 
phi: (a != x) ; (a != y) ; (a != z) ; (x != y) ; (x != z) ; (y != z) ; (α != 1) ; (α = 0) ; (β = 1) ; (γ != 2) ; (γ = 0) ; (ε < 10)
--- execution 22 ---
E: 0=t-:I@ 1=t-:T@ 2=t-:T@ 3=t0:W@a 4=t0:W@x 5=t0:W@y 6=t0:R@a 7=t0:W@x 8=t0:R@x 9=t0:R@z 10=t0:W@a
po: (0,1) (0,2) (0,3) (0,4) (0,5) (0,6) (0,7) (0,8) (0,9) (0,10) (3,1) (3,2) (3,4) (3,5) (3,6) (3,7) (3,8) (3,9) (3,10) (4,1) (4,2) (4,5) (4,6) (4,7) (4,8) (4,9) (4,10) (5,1) (5,2) (5,6) (5,7) (5,8) (5,9) (5,10) (6,1) (7,2) (7,8) (7,9) (7,10) (8,2) (8,9) (8,10) (9,2) (9,10) (10,2)
rf: (0,9) (7,8) (10,6)
dp: 
ppo: (0,1) (0,2) (0,3) (0,4) (0,5) (0,6) (0,7) (0,8) (0,9) (0,10) (3,1) (3,2) (3,6) (3,10) (4,1) (4,2) (4,7) (4,8) (5,1) (5,2) (6,1) (7,2) (7,8) (8,2) (9,2) (10,2)
rmw: 
phi: (a != x) ; (a != y) ; (a != z) ; (x != y) ; (x != z) ; (y != z) ; (α != 1) ; (α = ε) ; (β = 1) ; (γ != 2) ; (γ = 0) ; (ε < 10)
--- execution 23 ---
E: 0=t-:I@ 1=t-:T@ 2=t-:T@ 3=t0:W@a 4=t0:W@x 5=t0:W@y 6=t0:R@a 7=t0:W@x 8=t0:R@x 9=t0:R@z 10=t0:W@y
po: (0,1) (0,2) (0,3) (0,4) (0,5) (0,6) (0,7) (0,8) (0,9) (0,10) (3,1) (3,2) (3,4) (3,5) (3,6) (3,7) (3,8) (3,9) (3,10) (4,1) (4,2) (4,5) (4,6) (4,7) (4,8) (4,9) (4,10) (5,1) (5,2) (5,6) (5,7) (5,8) (5,9) (5,10) (6,1) (7,2) (7,8) (7,9) (7,10) (8,2) (8,9) (8,10) (9,2) (9,10) (10,2)
rf: (0,9) (3,6) (7,8)
dp: 
ppo: (0,1) (0,2) (0,3) (0,4) (0,5) (0,6) (0,7) (0,8) (0,9) (0,10) (3,1) (3,2) (3,6) (4,1) (4,2) (4,7) (4,8) (5,1) (5,2) (5,10) (6,1) (7,2) (7,8) (8,2) (9,2) (10,2)
rmw: 
phi: (a != x) ; (a != y) ; (a != z) ; (x != y) ; (x != z) ; (y != z) ; (α != 1) ; (α = 0) ; (β = 1) ; (γ != 2) ; (γ = 0) ; (ε >= 10)
--- execution 24 ---
E: 0=t-:I@ 1=t-:T@ 2=t-:T@ 3=t0:W@a 4=t0:W@x 5=t0:W@y 6=t0:R@a 7=t0:W@x 8=t0:R@y 9=t0:R@z
po: (0,1) (0,2) (0,3) (0,4) (0,5) (0,6) (0,7) (0,8) (0,9) (3,1) (3,2) (3,4) (3,5) (3,6) (3,7) (3,8) (3,9) (4,1) (4,2) (4,5) (4,6) (4,7) (4,8) (4,9) (5,1) (5,2) (5,6) (5,7) (5,8) (5,9) (6,1) (7,2) (7,8) (7,9) (8,2) (8,9) (9,2)
rf: (0,9) (3,6) (5,8)
dp: 
ppo: (0,1) (0,2) (0,3) (0,4) (0,5) (0,6) (0,7) (0,8) (0,9) (3,1) (3,2) (3,6) (4,1) (4,2) (4,7) (5,1) (5,2) (5,8) (6,1) (7,2) (8,2) (9,2)
rmw: 
phi: (a != x) ; (a != y) ; (a != z) ; (x != y) ; (x != z) ; (y != z) ; (α != 1) ; (α = 0) ; (β = 1) ; (γ != 2) ; (γ = 0) ; (ε < 10) ; (ε = 0)
--- execution 25 ---
E: 0=t-:I@ 1=t-:T@ 2=t-:T@ 3=t0:W@a 4=t0:W@x 5=t0:W@y 6=t0:R@a 7=t0:W@x 8=t0:R@y 9=t0:R@z 10=t0:W@a
po: (0,1) (0,2) (0,3) (0,4) (0,5) (0,6) (0,7) (0,8) (0,9) (0,10) (3,1) (3,2) (3,4) (3,5) (3,6) (3,7) (3,8) (3,9) (3,10) (4,1) (4,2) (4,5) (4,6) (4,7) (4,8) (4,9) (4,10) (5,1) (5,2) (5,6) (5,7) (5,8) (5,9) (5,10) (6,1) (7,2) (7,8) (7,9) (7,10) (8,2) (8,9) (8,10) (9,2) (9,10) (10,2)
rf: (0,9) (3,6) (5,8)
dp: 
ppo: (0,1) (0,2) (0,3) (0,4) (0,5) (0,6) (0,7) (0,8) (0,9) (0,10) (3,1) (3,2) (3,6) (3,10) (4,1) (4,2) (4,7) (5,1) (5,2) (5,8) (6,1) (7,2) (8,2) (9,2) (10,2)
rmw: 
phi: (a != x) ; (a != y) ; (a != z) ; (x != y) ; (x != z) ; (y != z) ; (α != 1) ; (α = 0) ; (β = 1) ; (γ != 2) ; (γ = 0) ; (ε < 10)
--- execution 26 ---
E: 0=t-:I@ 1=t-:T@ 2=t-:T@ 3=t0:W@a 4=t0:W@x 5=t0:W@y 6=t0:R@a 7=t0:W@x 8=t0:R@y 9=t0:R@z 10=t0:W@a
po: (0,1) (0,2) (0,3) (0,4) (0,5) (0,6) (0,7) (0,8) (0,9) (0,10) (3,1) (3,2) (3,4) (3,5) (3,6) (3,7) (3,8) (3,9) (3,10) (4,1) (4,2) (4,5) (4,6) (4,7) (4,8) (4,9) (4,10) (5,1) (5,2) (5,6) (5,7) (5,8) (5,9) (5,10) (6,1) (7,2) (7,8) (7,9) (7,10) (8,2) (8,9) (8,10) (9,2) (9,10) (10,2)
rf: (0,9) (5,8) (10,6)
dp: 
ppo: (0,1) (0,2) (0,3) (0,4) (0,5) (0,6) (0,7) (0,8) (0,9) (0,10) (3,1) (3,2) (3,6) (3,10) (4,1) (4,2) (4,7) (5,1) (5,2) (5,8) (6,1) (7,2) (8,2) (9,2) (10,2)
rmw: 
phi: (a != x) ; (a != y) ; (a != z) ; (x != y) ; (x != z) ; (y != z) ; (α != 1) ; (α = ε) ; (β = 1) ; (γ != 2) ; (γ = 0) ; (ε < 10)
--- execution 27 ---
E: 0=t-:I@ 1=t-:T@ 2=t-:T@ 3=t0:W@a 4=t0:W@x 5=t0:W@y 6=t0:R@a 7=t0:W@x 8=t0:R@y 9=t0:R@z 10=t0:W@y
po: (0,1) (0,2) (0,3) (0,4) (0,5) (0,6) (0,7) (0,8) (0,9) (0,10) (3,1) (3,2) (3,4) (3,5) (3,6) (3,7) (3,8) (3,9) (3,10) (4,1) (4,2) (4,5) (4,6) (4,7) (4,8) (4,9) (4,10) (5,1) (5,2) (5,6) (5,7) (5,8) (5,9) (5,10) (6,1) (7,2) (7,8) (7,9) (7,10) (8,2) (8,9) (8,10) (9,2) (9,10) (10,2)
rf: (0,9) (3,6) (5,8)
dp: 
ppo: (0,1) (0,2) (0,3) (0,4) (0,5) (0,6) (0,7) (0,8) (0,9) (0,10) (3,1) (3,2) (3,6) (4,1) (4,2) (4,7) (5,1) (5,2) (5,8) (5,10) (6,1) (7,2) (8,2) (8,10) (9,2) (10,2)
rmw: 
phi: (a != x) ; (a != y) ; (a != z) ; (x != y) ; (x != z) ; (y != z) ; (α != 1) ; (α = 0) ; (β = 1) ; (γ != 2) ; (γ = 0) ; (ε >= 10)
--- execution 28 ---
E: 0=t-:I@ 1=t-:T@ 2=t-:T@ 3=t0:W@a 4=t0:W@x 5=t0:W@y 6=t0:R@a 7=t0:W@x 8=t0:R@z
po: (0,1) (0,2) (0,3) (0,4) (0,5) (0,6) (0,7) (0,8) (3,1) (3,2) (3,4) (3,5) (3,6) (3,7) (3,8) (4,1) (4,2) (4,5) (4,6) (4,7) (4,8) (5,1) (5,2) (5,6) (5,7) (5,8) (6,1) (7,2) (7,8) (8,2)
rf: (0,8) (3,6)
dp: 
ppo: (0,1) (0,2) (0,3) (0,4) (0,5) (0,6) (0,7) (0,8) (3,1) (3,2) (3,6) (4,1) (4,2) (4,7) (5,1) (5,2) (6,1) (7,2) (8,2)
rmw: 
phi: (a != x) ; (a != y) ; (a != z) ; (x != y) ; (x != z) ; (y != z) ; (α != 1) ; (α = 0) ; (β = 1) ; (γ != 2) ; (γ = 0) ; (ε < 10) ; (ε = 0)
--- execution 29 ---
E: 0=t-:I@ 1=t-:T@ 2=t-:T@ 3=t0:W@a 4=t0:W@x 5=t0:W@y 6=t0:R@a 7=t0:W@x 8=t0:R@z 9=t0:W@a
po: (0,1) (0,2) (0,3) (0,4) (0,5) (0,6) (0,7) (0,8) (0,9) (3,1) (3,2) (3,4) (3,5) (3,6) (3,7) (3,8) (3,9) (4,1) (4,2) (4,5) (4,6) (4,7) (4,8) (4,9) (5,1) (5,2) (5,6) (5,7) (5,8) (5,9) (6,1) (7,2) (7,8) (7,9) (8,2) (8,9) (9,2)
rf: (0,8) (3,6)
dp: 
ppo: (0,1) (0,2) (0,3) (0,4) (0,5) (0,6) (0,7) (0,8) (0,9) (3,1) (3,2) (3,6) (3,9) (4,1) (4,2) (4,7) (5,1) (5,2) (6,1) (7,2) (8,2) (9,2)
rmw: 
phi: (a != x) ; (a != y) ; (a != z) ; (x != y) ; (x != z) ; (y != z) ; (α != 1) ; (α = 0) ; (β = 1) ; (γ != 2) ; (γ = 0) ; (ε < 10)
--- execution 30 ---
E: 0=t-:I@ 1=t-:T@ 2=t-:T@ 3=t0:W@a 4=t0:W@x 5=t0:W@y 6=t0:R@a 7=t0:W@x 8=t0:R@z 9=t0:W@a
po: (0,1) (0,2) (0,3) (0,4) (0,5) (0,6) (0,7) (0,8) (0,9) (3,1) (3,2) (3,4) (3,5) (3,6) (3,7) (3,8) (3,9) (4,1) (4,2) (4,5) (4,6) (4,7) (4,8) (4,9) (5,1) (5,2) (5,6) (5,7) (5,8) (5,9) (6,1) (7,2) (7,8) (7,9) (8,2) (8,9) (9,2)
rf: (0,8) (9,6)
dp: 
ppo: (0,1) (0,2) (0,3) (0,4) (0,5) (0,6) (0,7) (0,8) (0,9) (3,1) (3,2) (3,6) (3,9) (4,1) (4,2) (4,7) (5,1) (5,2) (6,1) (7,2) (8,2) (9,2)
rmw: 
phi: (a != x) ; (a != y) ; (a != z) ; (x != y) ; (x != z) ; (y != z) ; (α != 1) ; (α = ε) ; (β = 1) ; (γ != 2) ; (γ = 0) ; (ε < 10)
--- execution 31 ---
E: 0=t-:I@ 1=t-:T@ 2=t-:T@ 3=t0:W@a 4=t0:W@x 5=t0:W@y 6=t0:R@a 7=t0:W@x 8=t0:R@z 9=t0:W@y
po: (0,1) (0,2) (0,3) (0,4) (0,5) (0,6) (0,7) (0,8) (0,9) (3,1) (3,2) (3,4) (3,5) (3,6) (3,7) (3,8) (3,9) (4,1) (4,2) (4,5) (4,6) (4,7) (4,8) (4,9) (5,1) (5,2) (5,6) (5,7) (5,8) (5,9) (6,1) (7,2) (7,8) (7,9) (8,2) (8,9) (9,2)
rf: (0,8) (3,6)
dp: 
ppo: (0,1) (0,2) (0,3) (0,4) (0,5) (0,6) (0,7) (0,8) (0,9) (3,1) (3,2) (3,6) (4,1) (4,2) (4,7) (5,1) (5,2) (5,9) (6,1) (7,2) (8,2) (9,2)
rmw: 
phi: (a != x) ; (a != y) ; (a != z) ; (x != y) ; (x != z) ; (y != z) ; (α != 1) ; (α = 0) ; (β = 1) ; (γ != 2) ; (γ = 0) ; (ε >= 10)
--- execution 32 ---
E: 0=t-:I@ 1=t-:T@ 2=t-:T@ 3=t0:W@a 4=t0:W@x 5=t0:W@y 6=t0:R@a 7=t0:W@y 8=t0:W@x 9=t0:R@x 10=t0:R@y 11=t0:R@z 12=t0:W@a
po: (0,1) (0,2) (0,3) (0,4) (0,5) (0,6) (0,7) (0,8) (0,9) (0,10) (0,11) (0,12) (3,1) (3,2) (3,4) (3,5) (3,6) (3,7) (3,8) (3,9) (3,10) (3,11) (3,12) (4,1) (4,2) (4,5) (4,6) (4,7) (4,8) (4,9) (4,10) (4,11) (4,12) (5,1) (5,2) (5,6) (5,7) (5,8) (5,9) (5,10) (5,11) (5,12) (6,1) (6,7) (7,1) (8,2) (8,9) (8,10) (8,11) (8,12) (9,2) (9,10) (9,11) (9,12) (10,2) (10,11) (10,12) (11,2) (11,12) (12,2)
rf: (0,11) (5,10) (8,9) (12,6)
dp: 
ppo: (0,1) (0,2) (0,3) (0,4) (0,5) (0,6) (0,7) (0,8) (0,9) (0,10) (0,11) (0,12) (3,1) (3,2) (3,6) (3,12) (4,1) (4,2) (4,8) (4,9) (5,1) (5,2) (5,7) (5,10) (6,1) (7,1) (8,2) (8,9) (9,2) (10,2) (11,2) (12,2)
rmw: 
phi: (a != x) ; (a != y) ; (a != z) ; (x != y) ; (x != z) ; (y != z) ; (α = 1) ; (α = ε) ; (β = 1) ; (γ != 2) ; (γ = 0) ; (ε < 10)
--- execution 33 ---
E: 0=t-:I@ 1=t-:T@ 2=t-:T@ 3=t0:W@a 4=t0:W@x 5=t0:W@y 6=t0:R@a 7=t0:W@y 8=t0:W@x 9=t0:R@x 10=t0:R@y 11=t0:R@z 12=t0:W@a
po: (0,1) (0,2) (0,3) (0,4) (0,5) (0,6) (0,7) (0,8) (0,9) (0,10) (0,11) (0,12) (3,1) (3,2) (3,4) (3,5) (3,6) (3,7) (3,8) (3,9) (3,10) (3,11) (3,12) (4,1) (4,2) (4,5) (4,6) (4,7) (4,8) (4,9) (4,10) (4,11) (4,12) (5,1) (5,2) (5,6) (5,7) (5,8) (5,9) (5,10) (5,11) (5,12) (6,1) (6,7) (7,1) (8,2) (8,9) (8,10) (8,11) (8,12) (9,2) (9,10) (9,11) (9,12) (10,2) (10,11) (10,12) (11,2) (11,12) (12,2)
rf: (0,11) (7,10) (8,9) (12,6)
dp: (9,12)
ppo: (0,1) (0,2) (0,3) (0,4) (0,5) (0,6) (0,7) (0,8) (0,9) (0,10) (0,11) (0,12) (3,1) (3,2) (3,6) (3,12) (4,1) (4,2) (4,8) (4,9) (5,1) (5,2) (5,7) (5,10) (6,1) (7,1) (8,2) (8,9) (9,2) (10,2) (11,2) (12,2)
rmw: 
phi: (a != x) ; (a != y) ; (a != z) ; (x != y) ; (x != z) ; (y != z) ; (α = 1) ; (α = β) ; (β = 1) ; (γ = 2) ; (δ < 10)
--- execution 34 ---
E: 0=t-:I@ 1=t-:T@ 2=t-:T@ 3=t0:W@a 4=t0:W@x 5=t0:W@y 6=t0:R@a 7=t0:W@y 8=t0:W@x 9=t0:R@x 10=t0:R@z 11=t0:W@a
po: (0,1) (0,2) (0,3) (0,4) (0,5) (0,6) (0,7) (0,8) (0,9) (0,10) (0,11) (3,1) (3,2) (3,4) (3,5) (3,6) (3,7) (3,8) (3,9) (3,10) (3,11) (4,1) (4,2) (4,5) (4,6) (4,7) (4,8) (4,9) (4,10) (4,11) (5,1) (5,2) (5,6) (5,7) (5,8) (5,9) (5,10) (5,11) (6,1) (6,7) (7,1) (8,2) (8,9) (8,10) (8,11) (9,2) (9,10) (9,11) (10,2) (10,11) (11,2)
rf: (0,10) (8,9) (11,6)
dp: 
ppo: (0,1) (0,2) (0,3) (0,4) (0,5) (0,6) (0,7) (0,8) (0,9) (0,10) (0,11) (3,1) (3,2) (3,6) (3,11) (4,1) (4,2) (4,8) (4,9) (5,1) (5,2) (5,7) (6,1) (7,1) (8,2) (8,9) (9,2) (10,2) (11,2)
rmw: 
phi: (a != x) ; (a != y) ; (a != z) ; (x != y) ; (x != z) ; (y != z) ; (α = 1) ; (α = ε) ; (β = 1) ; (γ != 2) ; (γ = 0) ; (ε < 10)
--- execution 35 ---
E: 0=t-:I@ 1=t-:T@ 2=t-:T@ 3=t0:W@a 4=t0:W@x 5=t0:W@y 6=t0:R@a 7=t0:W@y 8=t0:W@x 9=t0:R@y 10=t0:R@z 11=t0:W@a
po: (0,1) (0,2) (0,3) (0,4) (0,5) (0,6) (0,7) (0,8) (0,9) (0,10) (0,11) (3,1) (3,2) (3,4) (3,5) (3,6) (3,7) (3,8) (3,9) (3,10) (3,11) (4,1) (4,2) (4,5) (4,6) (4,7) (4,8) (4,9) (4,10) (4,11) (5,1) (5,2) (5,6) (5,7) (5,8) (5,9) (5,10) (5,11) (6,1) (6,7) (7,1) (8,2) (8,9) (8,10) (8,11) (9,2) (9,10) (9,11) (10,2) (10,11) (11,2)
rf: (0,10) (5,9) (11,6)
dp: 
ppo: (0,1) (0,2) (0,3) (0,4) (0,5) (0,6) (0,7) (0,8) (0,9) (0,10) (0,11) (3,1) (3,2) (3,6) (3,11) (4,1) (4,2) (4,8) (5,1) (5,2) (5,7) (5,9) (6,1) (7,1) (8,2) (9,2) (10,2) (11,2)
rmw: 
phi: (a != x) ; (a != y) ; (a != z) ; (x != y) ; (x != z) ; (y != z) ; (α = 1) ; (α = ε) ; (β = 1) ; (γ != 2) ; (γ = 0) ; (ε < 10)
--- execution 36 ---
E: 0=t-:I@ 1=t-:T@ 2=t-:T@ 3=t0:W@a 4=t0:W@x 5=t0:W@y 6=t0:R@a 7=t0:W@y 8=t0:W@x 9=t0:R@y 10=t0:R@z 11=t0:W@a
po: (0,1) (0,2) (0,3) (0,4) (0,5) (0,6) (0,7) (0,8) (0,9) (0,10) (0,11) (3,1) (3,2) (3,4) (3,5) (3,6) (3,7) (3,8) (3,9) (3,10) (3,11) (4,1) (4,2) (4,5) (4,6) (4,7) (4,8) (4,9) (4,10) (4,11) (5,1) (5,2) (5,6) (5,7) (5,8) (5,9) (5,10) (5,11) (6,1) (6,7) (7,1) (8,2) (8,9) (8,10) (8,11) (9,2) (9,10) (9,11) (10,2) (10,11) (11,2)
rf: (0,10) (7,9) (11,6)
dp: 
ppo: (0,1) (0,2) (0,3) (0,4) (0,5) (0,6) (0,7) (0,8) (0,9) (0,10) (0,11) (3,1) (3,2) (3,6) (3,11) (4,1) (4,2) (4,8) (5,1) (5,2) (5,7) (5,9) (6,1) (7,1) (8,2) (9,2) (10,2) (11,2)
rmw: 
phi: (a != x) ; (a != y) ; (a != z) ; (x != y) ; (x != z) ; (y != z) ; (α = 1) ; (α = β) ; (β = 1) ; (γ = 2) ; (δ < 10)
--- execution 37 ---
E: 0=t-:I@ 1=t-:T@ 2=t-:T@ 3=t0:W@a 4=t0:W@x 5=t0:W@y 6=t0:R@a 7=t0:W@y 8=t0:W@x 9=t0:R@z 10=t0:W@a
po: (0,1) (0,2) (0,3) (0,4) (0,5) (0,6) (0,7) (0,8) (0,9) (0,10) (3,1) (3,2) (3,4) (3,5) (3,6) (3,7) (3,8) (3,9) (3,10) (4,1) (4,2) (4,5) (4,6) (4,7) (4,8) (4,9) (4,10) (5,1) (5,2) (5,6) (5,7) (5,8) (5,9) (5,10) (6,1) (6,7) (7,1) (8,2) (8,9) (8,10) (9,2) (9,10) (10,2)
rf: (0,9) (10,6)
dp: 
ppo: (0,1) (0,2) (0,3) (0,4) (0,5) (0,6) (0,7) (0,8) (0,9) (0,10) (3,1) (3,2) (3,6) (3,10) (4,1) (4,2) (4,8) (5,1) (5,2) (5,7) (6,1) (7,1) (8,2) (9,2) (10,2)
rmw: 
phi: (a != x) ; (a != y) ; (a != z) ; (x != y) ; (x != z) ; (y != z) ; (α = 1) ; (α = ε) ; (β = 1) ; (γ != 2) ; (γ = 0) ; (ε < 10)
--- execution 38 ---
E: 0=t-:I@ 1=t-:T@ 2=t-:T@ 3=t0:W@a 4=t0:W@y 5=t0:R@a 6=t0:W@x 7=t0:R@x 8=t0:R@y 9=t0:R@z
po: (0,1) (0,2) (0,3) (0,4) (0,5) (0,6) (0,7) (0,8) (0,9) (3,1) (3,2) (3,4) (3,5) (3,6) (3,7) (3,8) (3,9) (4,1) (4,2) (4,5) (4,6) (4,7) (4,8) (4,9) (5,1) (6,2) (6,7) (6,8) (6,9) (7,2) (7,8) (7,9) (8,2) (8,9) (9,2)
rf: (0,9) (3,5) (4,8) (6,7)
dp: 
ppo: (0,1) (0,2) (0,3) (0,4) (0,5) (0,6) (0,7) (0,8) (0,9) (3,1) (3,2) (3,5) (4,1) (4,2) (4,8) (5,1) (6,2) (6,7) (7,2) (8,2) (9,2)
rmw: 
phi: (a != x) ; (a != y) ; (a != z) ; (x != y) ; (x != z) ; (y != z) ; (α != 1) ; (α = 0) ; (β = 1) ; (γ != 2) ; (γ = 0) ; (ε < 10) ; (ε = 0)
--- execution 39 ---
E: 0=t-:I@ 1=t-:T@ 2=t-:T@ 3=t0:W@a 4=t0:W@y 5=t0:R@a 6=t0:W@x 7=t0:R@x 8=t0:R@y 9=t0:R@z 10=t0:W@a
po: (0,1) (0,2) (0,3) (0,4) (0,5) (0,6) (0,7) (0,8) (0,9) (0,10) (3,1) (3,2) (3,4) (3,5) (3,6) (3,7) (3,8) (3,9) (3,10) (4,1) (4,2) (4,5) (4,6) (4,7) (4,8) (4,9) (4,10) (5,1) (6,2) (6,7) (6,8) (6,9) (6,10) (7,2) (7,8) (7,9) (7,10) (8,2) (8,9) (8,10) (9,2) (9,10) (10,2)
rf: (0,9) (3,5) (4,8) (6,7)
dp: 
ppo: (0,1) (0,2) (0,3) (0,4) (0,5) (0,6) (0,7) (0,8) (0,9) (0,10) (3,1) (3,2) (3,5) (3,10) (4,1) (4,2) (4,8) (5,1) (6,2) (6,7) (7,2) (8,2) (9,2) (10,2)
rmw: 
phi: (a != x) ; (a != y) ; (a != z) ; (x != y) ; (x != z) ; (y != z) ; (α != 1) ; (α = 0) ; (β = 1) ; (γ != 2) ; (γ = 0) ; (ε < 10)
--- execution 40 ---
E: 0=t-:I@ 1=t-:T@ 2=t-:T@ 3=t0:W@a 4=t0:W@y 5=t0:R@a 6=t0:W@x 7=t0:R@x 8=t0:R@y 9=t0:R@z 10=t0:W@a
po: (0,1) (0,2) (0,3) (0,4) (0,5) (0,6) (0,7) (0,8) (0,9) (0,10) (3,1) (3,2) (3,4) (3,5) (3,6) (3,7) (3,8) (3,9) (3,10) (4,1) (4,2) (4,5) (4,6) (4,7) (4,8) (4,9) (4,10) (5,1) (6,2) (6,7) (6,8) (6,9) (6,10) (7,2) (7,8) (7,9) (7,10) (8,2) (8,9) (8,10) (9,2) (9,10) (10,2)
rf: (0,9) (4,8) (6,7) (10,5)
dp: 
ppo: (0,1) (0,2) (0,3) (0,4) (0,5) (0,6) (0,7) (0,8) (0,9) (0,10) (3,1) (3,2) (3,5) (3,10) (4,1) (4,2) (4,8) (5,1) (6,2) (6,7) (7,2) (8,2) (9,2) (10,2)
rmw: 
phi: (a != x) ; (a != y) ; (a != z) ; (x != y) ; (x != z) ; (y != z) ; (α != 1) ; (α = ε) ; (β = 1) ; (γ != 2) ; (γ = 0) ; (ε < 10)
--- execution 41 ---
E: 0=t-:I@ 1=t-:T@ 2=t-:T@ 3=t0:W@a 4=t0:W@y 5=t0:R@a 6=t0:W@x 7=t0:R@x 8=t0:R@y 9=t0:R@z 10=t0:W@y
po: (0,1) (0,2) (0,3) (0,4) (0,5) (0,6) (0,7) (0,8) (0,9) (0,10) (3,1) (3,2) (3,4) (3,5) (3,6) (3,7) (3,8) (3,9) (3,10) (4,1) (4,2) (4,5) (4,6) (4,7) (4,8) (4,9) (4,10) (5,1) (6,2) (6,7) (6,8) (6,9) (6,10) (7,2) (7,8) (7,9) (7,10) (8,2) (8,9) (8,10) (9,2) (9,10) (10,2)
rf: (0,9) (3,5) (4,8) (6,7)
dp: 
ppo: (0,1) (0,2) (0,3) (0,4) (0,5) (0,6) (0,7) (0,8) (0,9) (0,10) (3,1) (3,2) (3,5) (4,1) (4,2) (4,8) (4,10) (5,1) (6,2) (6,7) (7,2) (8,2) (8,10) (9,2) (10,2)
rmw: 
phi: (a != x) ; (a != y) ; (a != z) ; (x != y) ; (x != z) ; (y != z) ; (α != 1) ; (α = 0) ; (β = 1) ; (γ != 2) ; (γ = 0) ; (ε >= 10)
--- execution 42 ---
E: 0=t-:I@ 1=t-:T@ 2=t-:T@ 3=t0:W@a 4=t0:W@y 5=t0:R@a 6=t0:W@x 7=t0:R@x 8=t0:R@z
po: (0,1) (0,2) (0,3) (0,4) (0,5) (0,6) (0,7) (0,8) (3,1) (3,2) (3,4) (3,5) (3,6) (3,7) (3,8) (4,1) (4,2) (4,5) (4,6) (4,7) (4,8) (5,1) (6,2) (6,7) (6,8) (7,2) (7,8) (8,2)
rf: (0,8) (3,5) (6,7)
dp: 
ppo: (0,1) (0,2) (0,3) (0,4) (0,5) (0,6) (0,7) (0,8) (3,1) (3,2) (3,5) (4,1) (4,2) (5,1) (6,2) (6,7) (7,2) (8,2)
rmw: 
phi: (a != x) ; (a != y) ; (a != z) ; (x != y) ; (x != z) ; (y != z) ; (α != 1) ; (α = 0) ; (β = 1) ; (γ != 2) ; (γ = 0) ; (ε < 10) ; (ε = 0)
--- execution 43 ---
E: 0=t-:I@ 1=t-:T@ 2=t-:T@ 3=t0:W@a 4=t0:W@y 5=t0:R@a 6=t0:W@x 7=t0:R@x 8=t0:R@z 9=t0:W@a
po: (0,1) (0,2) (0,3) (0,4) (0,5) (0,6) (0,7) (0,8) (0,9) (3,1) (3,2) (3,4) (3,5) (3,6) (3,7) (3,8) (3,9) (4,1) (4,2) (4,5) (4,6) (4,7) (4,8) (4,9) (5,1) (6,2) (6,7) (6,8) (6,9) (7,2) (7,8) (7,9) (8,2) (8,9) (9,2)
rf: (0,8) (3,5) (6,7)
dp: 
ppo: (0,1) (0,2) (0,3) (0,4) (0,5) (0,6) (0,7) (0,8) (0,9) (3,1) (3,2) (3,5) (3,9) (4,1) (4,2) (5,1) (6,2) (6,7) (7,2) (8,2) (9,2)
rmw: 
phi: (a != x) ; (a != y) ; (a != z) ; (x != y) ; (x != z) ; (y != z) ; (α != 1) ; (α = 0) ; (β = 1) ; (γ != 2) ; (γ = 0) ; (ε < 10)
--- execution 44 ---
E: 0=t-:I@ 1=t-:T@ 2=t-:T@ 3=t0:W@a 4=t0:W@y 5=t0:R@a 6=t0:W@x 7=t0:R@x 8=t0:R@z 9=t0:W@a
po: (0,1) (0,2) (0,3) (0,4) (0,5) (0,6) (0,7) (0,8) (0,9) (3,1) (3,2) (3,4) (3,5) (3,6) (3,7) (3,8) (3,9) (4,1) (4,2) (4,5) (4,6) (4,7) (4,8) (4,9) (5,1) (6,2) (6,7) (6,8) (6,9) (7,2) (7,8) (7,9) (8,2) (8,9) (9,2)
rf: (0,8) (6,7) (9,5)
dp: 
ppo: (0,1) (0,2) (0,3) (0,4) (0,5) (0,6) (0,7) (0,8) (0,9) (3,1) (3,2) (3,5) (3,9) (4,1) (4,2) (5,1) (6,2) (6,7) (7,2) (8,2) (9,2)
rmw: 
phi: (a != x) ; (a != y) ; (a != z) ; (x != y) ; (x != z) ; (y != z) ; (α != 1) ; (α = ε) ; (β = 1) ; (γ != 2) ; (γ = 0) ; (ε < 10)
--- execution 45 ---
E: 0=t-:I@ 1=t-:T@ 2=t-:T@ 3=t0:W@a 4=t0:W@y 5=t0:R@a 6=t0:W@x 7=t0:R@x 8=t0:R@z 9=t0:W@y
po: (0,1) (0,2) (0,3) (0,4) (0,5) (0,6) (0,7) (0,8) (0,9) (3,1) (3,2) (3,4) (3,5) (3,6) (3,7) (3,8) (3,9) (4,1) (4,2) (4,5) (4,6) (4,7) (4,8) (4,9) (5,1) (6,2) (6,7) (6,8) (6,9) (7,2) (7,8) (7,9) (8,2) (8,9) (9,2)
rf: (0,8) (3,5) (6,7)
dp: 
ppo: (0,1) (0,2) (0,3) (0,4) (0,5) (0,6) (0,7) (0,8) (0,9) (3,1) (3,2) (3,5) (4,1) (4,2) (4,9) (5,1) (6,2) (6,7) (7,2) (8,2) (9,2)
rmw: 
phi: (a != x) ; (a != y) ; (a != z) ; (x != y) ; (x != z) ; (y != z) ; (α != 1) ; (α = 0) ; (β = 1) ; (γ != 2) ; (γ = 0) ; (ε >= 10)
--- execution 46 ---
E: 0=t-:I@ 1=t-:T@ 2=t-:T@ 3=t0:W@a 4=t0:W@y 5=t0:R@a 6=t0:W@x 7=t0:R@y 8=t0:R@z
po: (0,1) (0,2) (0,3) (0,4) (0,5) (0,6) (0,7) (0,8) (3,1) (3,2) (3,4) (3,5) (3,6) (3,7) (3,8) (4,1) (4,2) (4,5) (4,6) (4,7) (4,8) (5,1) (6,2) (6,7) (6,8) (7,2) (7,8) (8,2)
rf: (0,8) (3,5) (4,7)
dp: 
ppo: (0,1) (0,2) (0,3) (0,4) (0,5) (0,6) (0,7) (0,8) (3,1) (3,2) (3,5) (4,1) (4,2) (4,7) (5,1) (6,2) (7,2) (8,2)
rmw: 
phi: (a != x) ; (a != y) ; (a != z) ; (x != y) ; (x != z) ; (y != z) ; (α != 1) ; (α = 0) ; (β = 1) ; (γ != 2) ; (γ = 0) ; (ε < 10) ; (ε = 0)
--- execution 47 ---
E: 0=t-:I@ 1=t-:T@ 2=t-:T@ 3=t0:W@a 4=t0:W@y 5=t0:R@a 6=t0:W@x 7=t0:R@y 8=t0:R@z 9=t0:W@a
po: (0,1) (0,2) (0,3) (0,4) (0,5) (0,6) (0,7) (0,8) (0,9) (3,1) (3,2) (3,4) (3,5) (3,6) (3,7) (3,8) (3,9) (4,1) (4,2) (4,5) (4,6) (4,7) (4,8) (4,9) (5,1) (6,2) (6,7) (6,8) (6,9) (7,2) (7,8) (7,9) (8,2) (8,9) (9,2)
rf: (0,8) (3,5) (4,7)
dp: 
ppo: (0,1) (0,2) (0,3) (0,4) (0,5) (0,6) (0,7) (0,8) (0,9) (3,1) (3,2) (3,5) (3,9) (4,1) (4,2) (4,7) (5,1) (6,2) (7,2) (8,2) (9,2)
rmw: 
phi: (a != x) ; (a != y) ; (a != z) ; (x != y) ; (x != z) ; (y != z) ; (α != 1) ; (α = 0) ; (β = 1) ; (γ != 2) ; (γ = 0) ; (ε < 10)
--- execution 48 ---
E: 0=t-:I@ 1=t-:T@ 2=t-:T@ 3=t0:W@a 4=t0:W@y 5=t0:R@a 6=t0:W@x 7=t0:R@y 8=t0:R@z 9=t0:W@a
po: (0,1) (0,2) (0,3) (0,4) (0,5) (0,6) (0,7) (0,8) (0,9) (3,1) (3,2) (3,4) (3,5) (3,6) (3,7) (3,8) (3,9) (4,1) (4,2) (4,5) (4,6) (4,7) (4,8) (4,9) (5,1) (6,2) (6,7) (6,8) (6,9) (7,2) (7,8) (7,9) (8,2) (8,9) (9,2)
rf: (0,8) (4,7) (9,5)
dp: 
ppo: (0,1) (0,2) (0,3) (0,4) (0,5) (0,6) (0,7) (0,8) (0,9) (3,1) (3,2) (3,5) (3,9) (4,1) (4,2) (4,7) (5,1) (6,2) (7,2) (8,2) (9,2)
rmw: 
phi: (a != x) ; (a != y) ; (a != z) ; (x != y) ; (x != z) ; (y != z) ; (α != 1) ; (α = ε) ; (β = 1) ; (γ != 2) ; (γ = 0) ; (ε < 10)
--- execution 49 ---
E: 0=t-:I@ 1=t-:T@ 2=t-:T@ 3=t0:W@a 4=t0:W@y 5=t0:R@a 6=t0:W@x 7=t0:R@y 8=t0:R@z 9=t0:W@y
po: (0,1) (0,2) (0,3) (0,4) (0,5) (0,6) (0,7) (0,8) (0,9) (3,1) (3,2) (3,4) (3,5) (3,6) (3,7) (3,8) (3,9) (4,1) (4,2) (4,5) (4,6) (4,7) (4,8) (4,9) (5,1) (6,2) (6,7) (6,8) (6,9) (7,2) (7,8) (7,9) (8,2) (8,9) (9,2)
rf: (0,8) (3,5) (4,7)
dp: 
ppo: (0,1) (0,2) (0,3) (0,4) (0,5) (0,6) (0,7) (0,8) (0,9) (3,1) (3,2) (3,5) (4,1) (4,2) (4,7) (4,9) (5,1) (6,2) (7,2) (7,9) (8,2) (9,2)
rmw: 
phi: (a != x) ; (a != y) ; (a != z) ; (x != y) ; (x != z) ; (y != z) ; (α != 1) ; (α = 0) ; (β = 1) ; (γ != 2) ; (γ = 0) ; (ε >= 10)
--- execution 50 ---
E: 0=t-:I@ 1=t-:T@ 2=t-:T@ 3=t0:W@a 4=t0:W@y 5=t0:R@a 6=t0:W@x 7=t0:R@z
po: (0,1) (0,2) (0,3) (0,4) (0,5) (0,6) (0,7) (3,1) (3,2) (3,4) (3,5) (3,6) (3,7) (4,1) (4,2) (4,5) (4,6) (4,7) (5,1) (6,2) (6,7) (7,2)
rf: (0,7) (3,5)
dp: 
ppo: (0,1) (0,2) (0,3) (0,4) (0,5) (0,6) (0,7) (3,1) (3,2) (3,5) (4,1) (4,2) (5,1) (6,2) (7,2)
rmw: 
phi: (a != x) ; (a != y) ; (a != z) ; (x != y) ; (x != z) ; (y != z) ; (α != 1) ; (α = 0) ; (β = 1) ; (γ != 2) ; (γ = 0) ; (ε < 10) ; (ε = 0)
--- execution 51 ---
E: 0=t-:I@ 1=t-:T@ 2=t-:T@ 3=t0:W@a 4=t0:W@y 5=t0:R@a 6=t0:W@x 7=t0:R@z 8=t0:W@a
po: (0,1) (0,2) (0,3) (0,4) (0,5) (0,6) (0,7) (0,8) (3,1) (3,2) (3,4) (3,5) (3,6) (3,7) (3,8) (4,1) (4,2) (4,5) (4,6) (4,7) (4,8) (5,1) (6,2) (6,7) (6,8) (7,2) (7,8) (8,2)
rf: (0,7) (3,5)
dp: 
ppo: (0,1) (0,2) (0,3) (0,4) (0,5) (0,6) (0,7) (0,8) (3,1) (3,2) (3,5) (3,8) (4,1) (4,2) (5,1) (6,2) (7,2) (8,2)
rmw: 
phi: (a != x) ; (a != y) ; (a != z) ; (x != y) ; (x != z) ; (y != z) ; (α != 1) ; (α = 0) ; (β = 1) ; (γ != 2) ; (γ = 0) ; (ε < 10)
--- execution 52 ---
E: 0=t-:I@ 1=t-:T@ 2=t-:T@ 3=t0:W@a 4=t0:W@y 5=t0:R@a 6=t0:W@x 7=t0:R@z 8=t0:W@a
po: (0,1) (0,2) (0,3) (0,4) (0,5) (0,6) (0,7) (0,8) (3,1) (3,2) (3,4) (3,5) (3,6) (3,7) (3,8) (4,1) (4,2) (4,5) (4,6) (4,7) (4,8) (5,1) (6,2) (6,7) (6,8) (7,2) (7,8) (8,2)
rf: (0,7) (8,5)
dp: 
ppo: (0,1) (0,2) (0,3) (0,4) (0,5) (0,6) (0,7) (0,8) (3,1) (3,2) (3,5) (3,8) (4,1) (4,2) (5,1) (6,2) (7,2) (8,2)
rmw: 
phi: (a != x) ; (a != y) ; (a != z) ; (x != y) ; (x != z) ; (y != z) ; (α != 1) ; (α = ε) ; (β = 1) ; (γ != 2) ; (γ = 0) ; (ε < 10)
--- execution 53 ---
E: 0=t-:I@ 1=t-:T@ 2=t-:T@ 3=t0:W@a 4=t0:W@y 5=t0:R@a 6=t0:W@x 7=t0:R@z 8=t0:W@y
po: (0,1) (0,2) (0,3) (0,4) (0,5) (0,6) (0,7) (0,8) (3,1) (3,2) (3,4) (3,5) (3,6) (3,7) (3,8) (4,1) (4,2) (4,5) (4,6) (4,7) (4,8) (5,1) (6,2) (6,7) (6,8) (7,2) (7,8) (8,2)
rf: (0,7) (3,5)
dp: 
ppo: (0,1) (0,2) (0,3) (0,4) (0,5) (0,6) (0,7) (0,8) (3,1) (3,2) (3,5) (4,1) (4,2) (4,8) (5,1) (6,2) (7,2) (8,2)
rmw: 
phi: (a != x) ; (a != y) ; (a != z) ; (x != y) ; (x != z) ; (y != z) ; (α != 1) ; (α = 0) ; (β = 1) ; (γ != 2) ; (γ = 0) ; (ε >= 10)
--- execution 54 ---
E: 0=t-:I@ 1=t-:T@ 2=t-:T@ 3=t0:W@a 4=t0:W@y 5=t0:R@a 6=t0:W@y 7=t0:W@x 8=t0:R@x 9=t0:R@y 10=t0:R@z 11=t0:W@a
po: (0,1) (0,2) (0,3) (0,4) (0,5) (0,6) (0,7) (0,8) (0,9) (0,10) (0,11) (3,1) (3,2) (3,4) (3,5) (3,6) (3,7) (3,8) (3,9) (3,10) (3,11) (4,1) (4,2) (4,5) (4,6) (4,7) (4,8) (4,9) (4,10) (4,11) (5,1) (5,6) (6,1) (7,2) (7,8) (7,9) (7,10) (7,11) (8,2) (8,9) (8,10) (8,11) (9,2) (9,10) (9,11) (10,2) (10,11) (11,2)
rf: (0,10) (4,9) (7,8) (11,5)
dp: 
ppo: (0,1) (0,2) (0,3) (0,4) (0,5) (0,6) (0,7) (0,8) (0,9) (0,10) (0,11) (3,1) (3,2) (3,5) (3,11) (4,1) (4,2) (4,6) (4,9) (5,1) (6,1) (7,2) (7,8) (8,2) (9,2) (10,2) (11,2)
rmw: 
phi: (a != x) ; (a != y) ; (a != z) ; (x != y) ; (x != z) ; (y != z) ; (α = 1) ; (α = ε) ; (β = 1) ; (γ != 2) ; (γ = 0) ; (ε < 10)
--- execution 55 ---
E: 0=t-:I@ 1=t-:T@ 2=t-:T@ 3=t0:W@a 4=t0:W@y 5=t0:R@a 6=t0:W@y 7=t0:W@x 8=t0:R@x 9=t0:R@y 10=t0:R@z 11=t0:W@a
po: (0,1) (0,2) (0,3) (0,4) (0,5) (0,6) (0,7) (0,8) (0,9) (0,10) (0,11) (3,1) (3,2) (3,4) (3,5) (3,6) (3,7) (3,8) (3,9) (3,10) (3,11) (4,1) (4,2) (4,5) (4,6) (4,7) (4,8) (4,9) (4,10) (4,11) (5,1) (5,6) (6,1) (7,2) (7,8) (7,9) (7,10) (7,11) (8,2) (8,9) (8,10) (8,11) (9,2) (9,10) (9,11) (10,2) (10,11) (11,2)
rf: (0,10) (6,9) (7,8) (11,5)
dp: (8,11)
ppo: (0,1) (0,2) (0,3) (0,4) (0,5) (0,6) (0,7) (0,8) (0,9) (0,10) (0,11) (3,1) (3,2) (3,5) (3,11) (4,1) (4,2) (4,6) (4,9) (5,1) (6,1) (7,2) (7,8) (8,2) (9,2) (10,2) (11,2)
rmw: 
phi: (a != x) ; (a != y) ; (a != z) ; (x != y) ; (x != z) ; (y != z) ; (α = 1) ; (α = β) ; (β = 1) ; (γ = 2) ; (δ < 10)
--- execution 56 ---
E: 0=t-:I@ 1=t-:T@ 2=t-:T@ 3=t0:W@a 4=t0:W@y 5=t0:R@a 6=t0:W@y 7=t0:W@x 8=t0:R@x 9=t0:R@z 10=t0:W@a
po: (0,1) (0,2) (0,3) (0,4) (0,5) (0,6) (0,7) (0,8) (0,9) (0,10) (3,1) (3,2) (3,4) (3,5) (3,6) (3,7) (3,8) (3,9) (3,10) (4,1) (4,2) (4,5) (4,6) (4,7) (4,8) (4,9) (4,10) (5,1) (5,6) (6,1) (7,2) (7,8) (7,9) (7,10) (8,2) (8,9) (8,10) (9,2) (9,10) (10,2)
rf: (0,9) (7,8) (10,5)
dp: 
ppo: (0,1) (0,2) (0,3) (0,4) (0,5) (0,6) (0,7) (0,8) (0,9) (0,10) (3,1) (3,2) (3,5) (3,10) (4,1) (4,2) (4,6) (5,1) (6,1) (7,2) (7,8) (8,2) (9,2) (10,2)
rmw: 
phi: (a != x) ; (a != y) ; (a != z) ; (x != y) ; (x != z) ; (y != z) ; (α = 1) ; (α = ε) ; (β = 1) ; (γ != 2) ; (γ = 0) ; (ε < 10)
--- execution 57 ---
E: 0=t-:I@ 1=t-:T@ 2=t-:T@ 3=t0:W@a 4=t0:W@y 5=t0:R@a 6=t0:W@y 7=t0:W@x 8=t0:R@y 9=t0:R@z 10=t0:W@a
po: (0,1) (0,2) (0,3) (0,4) (0,5) (0,6) (0,7) (0,8) (0,9) (0,10) (3,1) (3,2) (3,4) (3,5) (3,6) (3,7) (3,8) (3,9) (3,10) (4,1) (4,2) (4,5) (4,6) (4,7) (4,8) (4,9) (4,10) (5,1) (5,6) (6,1) (7,2) (7,8) (7,9) (7,10) (8,2) (8,9) (8,10) (9,2) (9,10) (10,2)
rf: (0,9) (4,8) (10,5)
dp: 
ppo: (0,1) (0,2) (0,3) (0,4) (0,5) (0,6) (0,7) (0,8) (0,9) (0,10) (3,1) (3,2) (3,5) (3,10) (4,1) (4,2) (4,6) (4,8) (5,1) (6,1) (7,2) (8,2) (9,2) (10,2)
rmw: 
phi: (a != x) ; (a != y) ; (a != z) ; (x != y) ; (x != z) ; (y != z) ; (α = 1) ; (α = ε) ; (β = 1) ; (γ != 2) ; (γ = 0) ; (ε < 10)
--- execution 58 ---
E: 0=t-:I@ 1=t-:T@ 2=t-:T@ 3=t0:W@a 4=t0:W@y 5=t0:R@a 6=t0:W@y 7=t0:W@x 8=t0:R@y 9=t0:R@z 10=t0:W@a
po: (0,1) (0,2) (0,3) (0,4) (0,5) (0,6) (0,7) (0,8) (0,9) (0,10) (3,1) (3,2) (3,4) (3,5) (3,6) (3,7) (3,8) (3,9) (3,10) (4,1) (4,2) (4,5) (4,6) (4,7) (4,8) (4,9) (4,10) (5,1) (5,6) (6,1) (7,2) (7,8) (7,9) (7,10) (8,2) (8,9) (8,10) (9,2) (9,10) (10,2)
rf: (0,9) (6,8) (10,5)
dp: 
ppo: (0,1) (0,2) (0,3) (0,4) (0,5) (0,6) (0,7) (0,8) (0,9) (0,10) (3,1) (3,2) (3,5) (3,10) (4,1) (4,2) (4,6) (4,8) (5,1) (6,1) (7,2) (8,2) (9,2) (10,2)
rmw: 
phi: (a != x) ; (a != y) ; (a != z) ; (x != y) ; (x != z) ; (y != z) ; (α = 1) ; (α = β) ; (β = 1) ; (γ = 2) ; (δ < 10)
--- execution 59 ---
E: 0=t-:I@ 1=t-:T@ 2=t-:T@ 3=t0:W@a 4=t0:W@y 5=t0:R@a 6=t0:W@y 7=t0:W@x 8=t0:R@z 9=t0:W@a
po: (0,1) (0,2) (0,3) (0,4) (0,5) (0,6) (0,7) (0,8) (0,9) (3,1) (3,2) (3,4) (3,5) (3,6) (3,7) (3,8) (3,9) (4,1) (4,2) (4,5) (4,6) (4,7) (4,8) (4,9) (5,1) (5,6) (6,1) (7,2) (7,8) (7,9) (8,2) (8,9) (9,2)
rf: (0,8) (9,5)
dp: 
ppo: (0,1) (0,2) (0,3) (0,4) (0,5) (0,6) (0,7) (0,8) (0,9) (3,1) (3,2) (3,5) (3,9) (4,1) (4,2) (4,6) (5,1) (6,1) (7,2) (8,2) (9,2)
rmw: 
phi: (a != x) ; (a != y) ; (a != z) ; (x != y) ; (x != z) ; (y != z) ; (α = 1) ; (α = ε) ; (β = 1) ; (γ != 2) ; (γ = 0) ; (ε < 10)
--- execution 60 ---
E: 0=t-:I@ 1=t-:T@ 2=t-:T@ 3=t0:W@x 4=t0:R@a 5=t0:W@y 6=t0:W@x 7=t0:R@x 8=t0:R@y 9=t0:R@z 10=t0:W@a
po: (0,1) (0,2) (0,3) (0,4) (0,5) (0,6) (0,7) (0,8) (0,9) (0,10) (3,1) (3,2) (3,4) (3,5) (3,6) (3,7) (3,8) (3,9) (3,10) (4,1) (4,5) (5,1) (6,2) (6,7) (6,8) (6,9) (6,10) (7,2) (7,8) (7,9) (7,10) (8,2) (8,9) (8,10) (9,2) (9,10) (10,2)
rf: (0,9) (5,8) (6,7) (10,4)
dp: (7,10)
ppo: (0,1) (0,2) (0,3) (0,4) (0,5) (0,6) (0,7) (0,8) (0,9) (0,10) (3,1) (3,2) (3,6) (3,7) (4,1) (5,1) (5,2) (5,8) (6,2) (6,7) (7,2) (8,2) (9,2) (10,1) (10,2) (10,4)
rmw: 
phi: (a != x) ; (a != y) ; (a != z) ; (x != y) ; (x != z) ; (y != z) ; (α = 1) ; (α = β) ; (β = 1) ; (γ = 2) ; (δ < 10)
--- execution 61 ---
E: 0=t-:I@ 1=t-:T@ 2=t-:T@ 3=t0:W@x 4=t0:R@a 5=t0:W@y 6=t0:W@x 7=t0:R@x 8=t0:R@z 9=t0:W@a
po: (0,1) (0,2) (0,3) (0,4) (0,5) (0,6) (0,7) (0,8) (0,9) (3,1) (3,2) (3,4) (3,5) (3,6) (3,7) (3,8) (3,9) (4,1) (4,5) (5,1) (6,2) (6,7) (6,8) (6,9) (7,2) (7,8) (7,9) (8,2) (8,9) (9,2)
rf: (0,8) (6,7) (9,4)
dp: 
ppo: (0,1) (0,2) (0,3) (0,4) (0,5) (0,6) (0,7) (0,8) (0,9) (3,1) (3,2) (3,6) (3,7) (4,1) (5,1) (6,2) (6,7) (7,2) (8,2) (9,1) (9,2) (9,4)
rmw: 
phi: (a != x) ; (a != y) ; (a != z) ; (x != y) ; (x != z) ; (y != z) ; (α = 1) ; (α = ε) ; (β = 1) ; (γ != 2) ; (γ = 0) ; (ε < 10)
--- execution 62 ---
E: 0=t-:I@ 1=t-:T@ 2=t-:T@ 3=t0:W@x 4=t0:R@a 5=t0:W@y 6=t0:W@x 7=t0:R@y 8=t0:R@z 9=t0:W@a
po: (0,1) (0,2) (0,3) (0,4) (0,5) (0,6) (0,7) (0,8) (0,9) (3,1) (3,2) (3,4) (3,5) (3,6) (3,7) (3,8) (3,9) (4,1) (4,5) (5,1) (6,2) (6,7) (6,8) (6,9) (7,2) (7,8) (7,9) (8,2) (8,9) (9,2)
rf: (0,8) (5,7) (9,4)
dp: 
ppo: (0,1) (0,2) (0,3) (0,4) (0,5) (0,6) (0,7) (0,8) (0,9) (3,1) (3,2) (3,6) (4,1) (5,1) (5,2) (5,7) (6,2) (7,2) (8,2) (9,1) (9,2) (9,4)
rmw: 
phi: (a != x) ; (a != y) ; (a != z) ; (x != y) ; (x != z) ; (y != z) ; (α = 1) ; (α = β) ; (β = 1) ; (γ = 2) ; (δ < 10)
--- execution 63 ---
E: 0=t-:I@ 1=t-:T@ 2=t-:T@ 3=t0:W@x 4=t0:R@a 5=t0:W@y 6=t0:W@x 7=t0:R@z 8=t0:W@a
po: (0,1) (0,2) (0,3) (0,4) (0,5) (0,6) (0,7) (0,8) (3,1) (3,2) (3,4) (3,5) (3,6) (3,7) (3,8) (4,1) (4,5) (5,1) (6,2) (6,7) (6,8) (7,2) (7,8) (8,2)
rf: (0,7) (8,4)
dp: 
ppo: (0,1) (0,2) (0,3) (0,4) (0,5) (0,6) (0,7) (0,8) (3,1) (3,2) (3,6) (4,1) (5,1) (6,2) (7,2) (8,1) (8,2) (8,4)
rmw: 
phi: (a != x) ; (a != y) ; (a != z) ; (x != y) ; (x != z) ; (y != z) ; (α = 1) ; (α = ε) ; (β = 1) ; (γ != 2) ; (γ = 0) ; (ε < 10)
--- execution 64 ---
E: 0=t-:I@ 1=t-:T@ 2=t-:T@ 3=t0:W@x 4=t0:W@y 5=t0:R@a 6=t0:W@x 7=t0:R@x 8=t0:R@y 9=t0:R@z 10=t0:W@a
po: (0,1) (0,2) (0,3) (0,4) (0,5) (0,6) (0,7) (0,8) (0,9) (0,10) (3,1) (3,2) (3,4) (3,5) (3,6) (3,7) (3,8) (3,9) (3,10) (4,1) (4,2) (4,5) (4,6) (4,7) (4,8) (4,9) (4,10) (5,1) (6,2) (6,7) (6,8) (6,9) (6,10) (7,2) (7,8) (7,9) (7,10) (8,2) (8,9) (8,10) (9,2) (9,10) (10,2)
rf: (0,9) (4,8) (6,7) (10,5)
dp: 
ppo: (0,1) (0,2) (0,3) (0,4) (0,5) (0,6) (0,7) (0,8) (0,9) (0,10) (3,1) (3,2) (3,6) (3,7) (4,1) (4,2) (4,8) (5,1) (6,2) (6,7) (7,2) (8,2) (9,2) (10,1) (10,2) (10,5)
rmw: 
phi: (a != x) ; (a != y) ; (a != z) ; (x != y) ; (x != z) ; (y != z) ; (α != 1) ; (α = ε) ; (β = 1) ; (γ != 2) ; (γ = 0) ; (ε < 10)
--- execution 65 ---
E: 0=t-:I@ 1=t-:T@ 2=t-:T@ 3=t0:W@x 4=t0:W@y 5=t0:R@a 6=t0:W@x 7=t0:R@x 8=t0:R@z 9=t0:W@a
po: (0,1) (0,2) (0,3) (0,4) (0,5) (0,6) (0,7) (0,8) (0,9) (3,1) (3,2) (3,4) (3,5) (3,6) (3,7) (3,8) (3,9) (4,1) (4,2) (4,5) (4,6) (4,7) (4,8) (4,9) (5,1) (6,2) (6,7) (6,8) (6,9) (7,2) (7,8) (7,9) (8,2) (8,9) (9,2)
rf: (0,8) (6,7) (9,5)
dp: 
ppo: (0,1) (0,2) (0,3) (0,4) (0,5) (0,6) (0,7) (0,8) (0,9) (3,1) (3,2) (3,6) (3,7) (4,1) (4,2) (5,1) (6,2) (6,7) (7,2) (8,2) (9,1) (9,2) (9,5)
rmw: 
phi: (a != x) ; (a != y) ; (a != z) ; (x != y) ; (x != z) ; (y != z) ; (α != 1) ; (α = ε) ; (β = 1) ; (γ != 2) ; (γ = 0) ; (ε < 10)
--- execution 66 ---
E: 0=t-:I@ 1=t-:T@ 2=t-:T@ 3=t0:W@x 4=t0:W@y 5=t0:R@a 6=t0:W@x 7=t0:R@y 8=t0:R@z 9=t0:W@a
po: (0,1) (0,2) (0,3) (0,4) (0,5) (0,6) (0,7) (0,8) (0,9) (3,1) (3,2) (3,4) (3,5) (3,6) (3,7) (3,8) (3,9) (4,1) (4,2) (4,5) (4,6) (4,7) (4,8) (4,9) (5,1) (6,2) (6,7) (6,8) (6,9) (7,2) (7,8) (7,9) (8,2) (8,9) (9,2)
rf: (0,8) (4,7) (9,5)
dp: 
ppo: (0,1) (0,2) (0,3) (0,4) (0,5) (0,6) (0,7) (0,8) (0,9) (3,1) (3,2) (3,6) (4,1) (4,2) (4,7) (5,1) (6,2) (7,2) (8,2) (9,1) (9,2) (9,5)
rmw: 
phi: (a != x) ; (a != y) ; (a != z) ; (x != y) ; (x != z) ; (y != z) ; (α != 1) ; (α = ε) ; (β = 1) ; (γ != 2) ; (γ = 0) ; (ε < 10)
--- execution 67 ---
E: 0=t-:I@ 1=t-:T@ 2=t-:T@ 3=t0:W@x 4=t0:W@y 5=t0:R@a 6=t0:W@x 7=t0:R@z 8=t0:W@a
po: (0,1) (0,2) (0,3) (0,4) (0,5) (0,6) (0,7) (0,8) (3,1) (3,2) (3,4) (3,5) (3,6) (3,7) (3,8) (4,1) (4,2) (4,5) (4,6) (4,7) (4,8) (5,1) (6,2) (6,7) (6,8) (7,2) (7,8) (8,2)
rf: (0,7) (8,5)
dp: 
ppo: (0,1) (0,2) (0,3) (0,4) (0,5) (0,6) (0,7) (0,8) (3,1) (3,2) (3,6) (4,1) (4,2) (5,1) (6,2) (7,2) (8,1) (8,2) (8,5)
rmw: 
phi: (a != x) ; (a != y) ; (a != z) ; (x != y) ; (x != z) ; (y != z) ; (α != 1) ; (α = ε) ; (β = 1) ; (γ != 2) ; (γ = 0) ; (ε < 10)
--- execution 68 ---
E: 0=t-:I@ 1=t-:T@ 2=t-:T@ 3=t0:W@x 4=t0:W@y 5=t0:R@a 6=t0:W@y 7=t0:W@x 8=t0:R@x 9=t0:R@y 10=t0:R@z 11=t0:W@a
po: (0,1) (0,2) (0,3) (0,4) (0,5) (0,6) (0,7) (0,8) (0,9) (0,10) (0,11) (3,1) (3,2) (3,4) (3,5) (3,6) (3,7) (3,8) (3,9) (3,10) (3,11) (4,1) (4,2) (4,5) (4,6) (4,7) (4,8) (4,9) (4,10) (4,11) (5,1) (5,6) (6,1) (7,2) (7,8) (7,9) (7,10) (7,11) (8,2) (8,9) (8,10) (8,11) (9,2) (9,10) (9,11) (10,2) (10,11) (11,2)
rf: (0,10) (4,9) (7,8) (11,5)
dp: 
ppo: (0,1) (0,2) (0,3) (0,4) (0,5) (0,6) (0,7) (0,8) (0,9) (0,10) (0,11) (3,1) (3,2) (3,7) (3,8) (4,1) (4,2) (4,6) (4,9) (5,1) (6,1) (7,2) (7,8) (8,2) (9,2) (10,2) (11,1) (11,2) (11,5)
rmw: 
phi: (a != x) ; (a != y) ; (a != z) ; (x != y) ; (x != z) ; (y != z) ; (α = 1) ; (α = ε) ; (β = 1) ; (γ != 2) ; (γ = 0) ; (ε < 10)
--- execution 69 ---
E: 0=t-:I@ 1=t-:T@ 2=t-:T@ 3=t0:W@x 4=t0:W@y 5=t0:R@a 6=t0:W@y 7=t0:W@x 8=t0:R@x 9=t0:R@y 10=t0:R@z 11=t0:W@a
po: (0,1) (0,2) (0,3) (0,4) (0,5) (0,6) (0,7) (0,8) (0,9) (0,10) (0,11) (3,1) (3,2) (3,4) (3,5) (3,6) (3,7) (3,8) (3,9) (3,10) (3,11) (4,1) (4,2) (4,5) (4,6) (4,7) (4,8) (4,9) (4,10) (4,11) (5,1) (5,6) (6,1) (7,2) (7,8) (7,9) (7,10) (7,11) (8,2) (8,9) (8,10) (8,11) (9,2) (9,10) (9,11) (10,2) (10,11) (11,2)
rf: (0,10) (6,9) (7,8) (11,5)
dp: (8,11)
ppo: (0,1) (0,2) (0,3) (0,4) (0,5) (0,6) (0,7) (0,8) (0,9) (0,10) (0,11) (3,1) (3,2) (3,7) (3,8) (4,1) (4,2) (4,6) (4,9) (5,1) (6,1) (7,2) (7,8) (8,2) (9,2) (10,2) (11,1) (11,2) (11,5)
rmw: 
phi: (a != x) ; (a != y) ; (a != z) ; (x != y) ; (x != z) ; (y != z) ; (α = 1) ; (α = β) ; (β = 1) ; (γ = 2) ; (δ < 10)
--- execution 70 ---
E: 0=t-:I@ 1=t-:T@ 2=t-:T@ 3=t0:W@x 4=t0:W@y 5=t0:R@a 6=t0:W@y 7=t0:W@x 8=t0:R@x 9=t0:R@z 10=t0:W@a
po: (0,1) (0,2) (0,3) (0,4) (0,5) (0,6) (0,7) (0,8) (0,9) (0,10) (3,1) (3,2) (3,4) (3,5) (3,6) (3,7) (3,8) (3,9) (3,10) (4,1) (4,2) (4,5) (4,6) (4,7) (4,8) (4,9) (4,10) (5,1) (5,6) (6,1) (7,2) (7,8) (7,9) (7,10) (8,2) (8,9) (8,10) (9,2) (9,10) (10,2)
rf: (0,9) (7,8) (10,5)
dp: 
ppo: (0,1) (0,2) (0,3) (0,4) (0,5) (0,6) (0,7) (0,8) (0,9) (0,10) (3,1) (3,2) (3,7) (3,8) (4,1) (4,2) (4,6) (5,1) (6,1) (7,2) (7,8) (8,2) (9,2) (10,1) (10,2) (10,5)
rmw: 
phi: (a != x) ; (a != y) ; (a != z) ; (x != y) ; (x != z) ; (y != z) ; (α = 1) ; (α = ε) ; (β = 1) ; (γ != 2) ; (γ = 0) ; (ε < 10)
--- execution 71 ---
E: 0=t-:I@ 1=t-:T@ 2=t-:T@ 3=t0:W@x 4=t0:W@y 5=t0:R@a 6=t0:W@y 7=t0:W@x 8=t0:R@y 9=t0:R@z 10=t0:W@a
po: (0,1) (0,2) (0,3) (0,4) (0,5) (0,6) (0,7) (0,8) (0,9) (0,10) (3,1) (3,2) (3,4) (3,5) (3,6) (3,7) (3,8) (3,9) (3,10) (4,1) (4,2) (4,5) (4,6) (4,7) (4,8) (4,9) (4,10) (5,1) (5,6) (6,1) (7,2) (7,8) (7,9) (7,10) (8,2) (8,9) (8,10) (9,2) (9,10) (10,2)
rf: (0,9) (4,8) (10,5)
dp: 
ppo: (0,1) (0,2) (0,3) (0,4) (0,5) (0,6) (0,7) (0,8) (0,9) (0,10) (3,1) (3,2) (3,7) (4,1) (4,2) (4,6) (4,8) (5,1) (6,1) (7,2) (8,2) (9,2) (10,1) (10,2) (10,5)
rmw: 
phi: (a != x) ; (a != y) ; (a != z) ; (x != y) ; (x != z) ; (y != z) ; (α = 1) ; (α = ε) ; (β = 1) ; (γ != 2) ; (γ = 0) ; (ε < 10)
--- execution 72 ---
E: 0=t-:I@ 1=t-:T@ 2=t-:T@ 3=t0:W@x 4=t0:W@y 5=t0:R@a 6=t0:W@y 7=t0:W@x 8=t0:R@y 9=t0:R@z 10=t0:W@a
po: (0,1) (0,2) (0,3) (0,4) (0,5) (0,6) (0,7) (0,8) (0,9) (0,10) (3,1) (3,2) (3,4) (3,5) (3,6) (3,7) (3,8) (3,9) (3,10) (4,1) (4,2) (4,5) (4,6) (4,7) (4,8) (4,9) (4,10) (5,1) (5,6) (6,1) (7,2) (7,8) (7,9) (7,10) (8,2) (8,9) (8,10) (9,2) (9,10) (10,2)
rf: (0,9) (6,8) (10,5)
dp: 
ppo: (0,1) (0,2) (0,3) (0,4) (0,5) (0,6) (0,7) (0,8) (0,9) (0,10) (3,1) (3,2) (3,7) (4,1) (4,2) (4,6) (4,8) (5,1) (6,1) (7,2) (8,2) (9,2) (10,1) (10,2) (10,5)
rmw: 
phi: (a != x) ; (a != y) ; (a != z) ; (x != y) ; (x != z) ; (y != z) ; (α = 1) ; (α = β) ; (β = 1) ; (γ = 2) ; (δ < 10)
--- execution 73 ---
E: 0=t-:I@ 1=t-:T@ 2=t-:T@ 3=t0:W@x 4=t0:W@y 5=t0:R@a 6=t0:W@y 7=t0:W@x 8=t0:R@z 9=t0:W@a
po: (0,1) (0,2) (0,3) (0,4) (0,5) (0,6) (0,7) (0,8) (0,9) (3,1) (3,2) (3,4) (3,5) (3,6) (3,7) (3,8) (3,9) (4,1) (4,2) (4,5) (4,6) (4,7) (4,8) (4,9) (5,1) (5,6) (6,1) (7,2) (7,8) (7,9) (8,2) (8,9) (9,2)
rf: (0,8) (9,5)
dp: 
ppo: (0,1) (0,2) (0,3) (0,4) (0,5) (0,6) (0,7) (0,8) (0,9) (3,1) (3,2) (3,7) (4,1) (4,2) (4,6) (5,1) (6,1) (7,2) (8,2) (9,1) (9,2) (9,5)
rmw: 
phi: (a != x) ; (a != y) ; (a != z) ; (x != y) ; (x != z) ; (y != z) ; (α = 1) ; (α = ε) ; (β = 1) ; (γ != 2) ; (γ = 0) ; (ε < 10)
--- execution 74 ---
E: 0=t-:I@ 1=t-:T@ 2=t-:T@ 3=t0:W@y 4=t0:R@a 5=t0:W@x 6=t0:R@x 7=t0:R@y 8=t0:R@z 9=t0:W@a
po: (0,1) (0,2) (0,3) (0,4) (0,5) (0,6) (0,7) (0,8) (0,9) (3,1) (3,2) (3,4) (3,5) (3,6) (3,7) (3,8) (3,9) (4,1) (5,2) (5,6) (5,7) (5,8) (5,9) (6,2) (6,7) (6,8) (6,9) (7,2) (7,8) (7,9) (8,2) (8,9) (9,2)
rf: (0,8) (3,7) (5,6) (9,4)
dp: 
ppo: (0,1) (0,2) (0,3) (0,4) (0,5) (0,6) (0,7) (0,8) (0,9) (3,1) (3,2) (3,7) (4,1) (5,2) (5,6) (6,2) (7,2) (8,2) (9,1) (9,2) (9,4)
rmw: 
phi: (a != x) ; (a != y) ; (a != z) ; (x != y) ; (x != z) ; (y != z) ; (α != 1) ; (α = ε) ; (β = 1) ; (γ != 2) ; (γ = 0) ; (ε < 10)
--- execution 75 ---
E: 0=t-:I@ 1=t-:T@ 2=t-:T@ 3=t0:W@y 4=t0:R@a 5=t0:W@x 6=t0:R@x 7=t0:R@z 8=t0:W@a
po: (0,1) (0,2) (0,3) (0,4) (0,5) (0,6) (0,7) (0,8) (3,1) (3,2) (3,4) (3,5) (3,6) (3,7) (3,8) (4,1) (5,2) (5,6) (5,7) (5,8) (6,2) (6,7) (6,8) (7,2) (7,8) (8,2)
rf: (0,7) (5,6) (8,4)
dp: 
ppo: (0,1) (0,2) (0,3) (0,4) (0,5) (0,6) (0,7) (0,8) (3,1) (3,2) (4,1) (5,2) (5,6) (6,2) (7,2) (8,1) (8,2) (8,4)
rmw: 
phi: (a != x) ; (a != y) ; (a != z) ; (x != y) ; (x != z) ; (y != z) ; (α != 1) ; (α = ε) ; (β = 1) ; (γ != 2) ; (γ = 0) ; (ε < 10)
--- execution 76 ---
E: 0=t-:I@ 1=t-:T@ 2=t-:T@ 3=t0:W@y 4=t0:R@a 5=t0:W@x 6=t0:R@y 7=t0:R@z 8=t0:W@a
po: (0,1) (0,2) (0,3) (0,4) (0,5) (0,6) (0,7) (0,8) (3,1) (3,2) (3,4) (3,5) (3,6) (3,7) (3,8) (4,1) (5,2) (5,6) (5,7) (5,8) (6,2) (6,7) (6,8) (7,2) (7,8) (8,2)
rf: (0,7) (3,6) (8,4)
dp: 
ppo: (0,1) (0,2) (0,3) (0,4) (0,5) (0,6) (0,7) (0,8) (3,1) (3,2) (3,6) (4,1) (5,2) (6,2) (7,2) (8,1) (8,2) (8,4)
rmw: 
phi: (a != x) ; (a != y) ; (a != z) ; (x != y) ; (x != z) ; (y != z) ; (α != 1) ; (α = ε) ; (β = 1) ; (γ != 2) ; (γ = 0) ; (ε < 10)
--- execution 77 ---
E: 0=t-:I@ 1=t-:T@ 2=t-:T@ 3=t0:W@y 4=t0:R@a 5=t0:W@x 6=t0:R@z 7=t0:W@a
po: (0,1) (0,2) (0,3) (0,4) (0,5) (0,6) (0,7) (3,1) (3,2) (3,4) (3,5) (3,6) (3,7) (4,1) (5,2) (5,6) (5,7) (6,2) (6,7) (7,2)
rf: (0,6) (7,4)
dp: 
ppo: (0,1) (0,2) (0,3) (0,4) (0,5) (0,6) (0,7) (3,1) (3,2) (4,1) (5,2) (6,2) (7,1) (7,2) (7,4)
rmw: 
phi: (a != x) ; (a != y) ; (a != z) ; (x != y) ; (x != z) ; (y != z) ; (α != 1) ; (α = ε) ; (β = 1) ; (γ != 2) ; (γ = 0) ; (ε < 10)
--- execution 78 ---
E: 0=t-:I@ 1=t-:T@ 2=t-:T@ 3=t0:W@y 4=t0:R@a 5=t0:W@y 6=t0:W@x 7=t0:R@x 8=t0:R@y 9=t0:R@z 10=t0:W@a
po: (0,1) (0,2) (0,3) (0,4) (0,5) (0,6) (0,7) (0,8) (0,9) (0,10) (3,1) (3,2) (3,4) (3,5) (3,6) (3,7) (3,8) (3,9) (3,10) (4,1) (4,5) (5,1) (6,2) (6,7) (6,8) (6,9) (6,10) (7,2) (7,8) (7,9) (7,10) (8,2) (8,9) (8,10) (9,2) (9,10) (10,2)
rf: (0,9) (3,8) (6,7) (10,4)
dp: 
ppo: (0,1) (0,2) (0,3) (0,4) (0,5) (0,6) (0,7) (0,8) (0,9) (0,10) (3,1) (3,2) (3,5) (3,8) (4,1) (5,1) (6,2) (6,7) (7,2) (8,2) (9,2) (10,1) (10,2) (10,4)
rmw: 
phi: (a != x) ; (a != y) ; (a != z) ; (x != y) ; (x != z) ; (y != z) ; (α = 1) ; (α = ε) ; (β = 1) ; (γ != 2) ; (γ = 0) ; (ε < 10)
--- execution 79 ---
E: 0=t-:I@ 1=t-:T@ 2=t-:T@ 3=t0:W@y 4=t0:R@a 5=t0:W@y 6=t0:W@x 7=t0:R@x 8=t0:R@y 9=t0:R@z 10=t0:W@a
po: (0,1) (0,2) (0,3) (0,4) (0,5) (0,6) (0,7) (0,8) (0,9) (0,10) (3,1) (3,2) (3,4) (3,5) (3,6) (3,7) (3,8) (3,9) (3,10) (4,1) (4,5) (5,1) (6,2) (6,7) (6,8) (6,9) (6,10) (7,2) (7,8) (7,9) (7,10) (8,2) (8,9) (8,10) (9,2) (9,10) (10,2)
rf: (0,9) (5,8) (6,7) (10,4)
dp: (7,10)
ppo: (0,1) (0,2) (0,3) (0,4) (0,5) (0,6) (0,7) (0,8) (0,9) (0,10) (3,1) (3,2) (3,5) (3,8) (4,1) (5,1) (6,2) (6,7) (7,2) (8,2) (9,2) (10,1) (10,2) (10,4)
rmw: 
phi: (a != x) ; (a != y) ; (a != z) ; (x != y) ; (x != z) ; (y != z) ; (α = 1) ; (α = β) ; (β = 1) ; (γ = 2) ; (δ < 10)
--- execution 80 ---
E: 0=t-:I@ 1=t-:T@ 2=t-:T@ 3=t0:W@y 4=t0:R@a 5=t0:W@y 6=t0:W@x 7=t0:R@x 8=t0:R@z 9=t0:W@a
po: (0,1) (0,2) (0,3) (0,4) (0,5) (0,6) (0,7) (0,8) (0,9) (3,1) (3,2) (3,4) (3,5) (3,6) (3,7) (3,8) (3,9) (4,1) (4,5) (5,1) (6,2) (6,7) (6,8) (6,9) (7,2) (7,8) (7,9) (8,2) (8,9) (9,2)
rf: (0,8) (6,7) (9,4)
dp: 
ppo: (0,1) (0,2) (0,3) (0,4) (0,5) (0,6) (0,7) (0,8) (0,9) (3,1) (3,2) (3,5) (4,1) (5,1) (6,2) (6,7) (7,2) (8,2) (9,1) (9,2) (9,4)
rmw: 
phi: (a != x) ; (a != y) ; (a != z) ; (x != y) ; (x != z) ; (y != z) ; (α = 1) ; (α = ε) ; (β = 1) ; (γ != 2) ; (γ = 0) ; (ε < 10)
--- execution 81 ---
E: 0=t-:I@ 1=t-:T@ 2=t-:T@ 3=t0:W@y 4=t0:R@a 5=t0:W@y 6=t0:W@x 7=t0:R@y 8=t0:R@z 9=t0:W@a
po: (0,1) (0,2) (0,3) (0,4) (0,5) (0,6) (0,7) (0,8) (0,9) (3,1) (3,2) (3,4) (3,5) (3,6) (3,7) (3,8) (3,9) (4,1) (4,5) (5,1) (6,2) (6,7) (6,8) (6,9) (7,2) (7,8) (7,9) (8,2) (8,9) (9,2)
rf: (0,8) (3,7) (9,4)
dp: 
ppo: (0,1) (0,2) (0,3) (0,4) (0,5) (0,6) (0,7) (0,8) (0,9) (3,1) (3,2) (3,5) (3,7) (4,1) (5,1) (6,2) (7,2) (8,2) (9,1) (9,2) (9,4)
rmw: 
phi: (a != x) ; (a != y) ; (a != z) ; (x != y) ; (x != z) ; (y != z) ; (α = 1) ; (α = ε) ; (β = 1) ; (γ != 2) ; (γ = 0) ; (ε < 10)
--- execution 82 ---
E: 0=t-:I@ 1=t-:T@ 2=t-:T@ 3=t0:W@y 4=t0:R@a 5=t0:W@y 6=t0:W@x 7=t0:R@y 8=t0:R@z 9=t0:W@a
po: (0,1) (0,2) (0,3) (0,4) (0,5) (0,6) (0,7) (0,8) (0,9) (3,1) (3,2) (3,4) (3,5) (3,6) (3,7) (3,8) (3,9) (4,1) (4,5) (5,1) (6,2) (6,7) (6,8) (6,9) (7,2) (7,8) (7,9) (8,2) (8,9) (9,2)
rf: (0,8) (5,7) (9,4)
dp: 
ppo: (0,1) (0,2) (0,3) (0,4) (0,5) (0,6) (0,7) (0,8) (0,9) (3,1) (3,2) (3,5) (3,7) (4,1) (5,1) (6,2) (7,2) (8,2) (9,1) (9,2) (9,4)
rmw: 
phi: (a != x) ; (a != y) ; (a != z) ; (x != y) ; (x != z) ; (y != z) ; (α = 1) ; (α = β) ; (β = 1) ; (γ = 2) ; (δ < 10)
--- execution 83 ---
E: 0=t-:I@ 1=t-:T@ 2=t-:T@ 3=t0:W@y 4=t0:R@a 5=t0:W@y 6=t0:W@x 7=t0:R@z 8=t0:W@a
po: (0,1) (0,2) (0,3) (0,4) (0,5) (0,6) (0,7) (0,8) (3,1) (3,2) (3,4) (3,5) (3,6) (3,7) (3,8) (4,1) (4,5) (5,1) (6,2) (6,7) (6,8) (7,2) (7,8) (8,2)
rf: (0,7) (8,4)
dp: 
ppo: (0,1) (0,2) (0,3) (0,4) (0,5) (0,6) (0,7) (0,8) (3,1) (3,2) (3,5) (4,1) (5,1) (6,2) (7,2) (8,1) (8,2) (8,4)
rmw: 
phi: (a != x) ; (a != y) ; (a != z) ; (x != y) ; (x != z) ; (y != z) ; (α = 1) ; (α = ε) ; (β = 1) ; (γ != 2) ; (γ = 0) ; (ε < 10)
