verdict: valid
executions: 10
--- execution 0 ---
E: 0=t-:I@ 1=t-:T@ 2=t0:W@x
po: (0,1) (0,2) (2,1)
rf: 
dp: 
ppo: (0,1) (0,2) (2,1)
rmw: 
phi: (α = 1) ; (α = β) ; (α = γ)
--- execution 1 ---
E: 0=t-:I@ 1=t-:T@ 2=t0:W@x
po: (0,1) (0,2) (2,1)
rf: 
dp: 
ppo: (0,1) (0,2) (2,1)
rmw: 
phi: (α = 1) ; (α = β) ; (α = γ) ; (γ = 1)
--- execution 2 ---
E: 0=t-:I@ 1=t-:T@ 2=t0:W@x 3=t0:R@x 4=t0:R@x 5=t0:R@x 6=t0:W@x
po: (0,1) (0,2) (0,3) (0,4) (0,5) (0,6) (2,1) (2,3) (2,4) (2,5) (2,6) (3,1) (3,4) (3,5) (3,6) (4,1) (4,5) (4,6) (5,1) (5,6) (6,1)
rf: (2,3) (2,4) (2,5)
dp: (5,6)
ppo: (0,1) (0,2) (0,3) (0,4) (0,5) (0,6) (2,1) (2,3) (2,4) (2,5) (2,6) (3,1) (3,4) (3,5) (3,6) (4,1) (4,5) (4,6) (5,1) (5,6) (6,1)
rmw: 
phi: (α = 1) ; (β = 1) ; (γ = 1)
--- execution 3 ---
E: 0=t-:I@ 1=t-:T@ 2=t0:W@x 3=t0:R@x 4=t0:R@x 5=t0:W@x
po: (0,1) (0,2) (0,3) (0,4) (0,5) (2,1) (2,3) (2,4) (2,5) (3,1) (3,4) (3,5) (4,1) (4,5) (5,1)
rf: (2,3) (2,4)
dp: 
ppo: (0,1) (0,2) (0,3) (0,4) (0,5) (2,1) (2,3) (2,4) (2,5) (3,1) (3,4) (3,5) (4,1) (4,5) (5,1)
rmw: 
phi: (α = 1) ; (β = 1) ; (β = γ)
--- execution 4 ---
E: 0=t-:I@ 1=t-:T@ 2=t0:W@x 3=t0:R@x 4=t0:R@x 5=t0:W@x
po: (0,1) (0,2) (0,3) (0,4) (0,5) (2,1) (2,3) (2,4) (2,5) (3,1) (3,4) (3,5) (4,1) (4,5) (5,1)
rf: (2,3) (2,4)
dp: (4,5)
ppo: (0,1) (0,2) (0,3) (0,4) (0,5) (2,1) (2,3) (2,4) (2,5) (3,1) (3,4) (3,5) (4,1) (4,5) (5,1)
rmw: 
phi: (α = 1) ; (α = β) ; (γ = 1)
--- execution 5 ---
E: 0=t-:I@ 1=t-:T@ 2=t0:W@x 3=t0:R@x 4=t0:R@x 5=t0:W@x
po: (0,1) (0,2) (0,3) (0,4) (0,5) (2,1) (2,3) (2,4) (2,5) (3,1) (3,4) (3,5) (4,1) (4,5) (5,1)
rf: (2,3) (2,4)
dp: (4,5)
ppo: (0,1) (0,2) (0,3) (0,4) (0,5) (2,1) (2,3) (2,4) (2,5) (3,1) (3,4) (3,5) (4,1) (4,5) (5,1)
rmw: 
phi: (α = 1) ; (β = 1) ; (γ = 1)
--- execution 6 ---
E: 0=t-:I@ 1=t-:T@ 2=t0:W@x 3=t0:R@x 4=t0:W@x
po: (0,1) (0,2) (0,3) (0,4) (2,1) (2,3) (2,4) (3,1) (3,4) (4,1)
rf: (2,3)
dp: 
ppo: (0,1) (0,2) (0,3) (0,4) (2,1) (2,3) (2,4) (3,1) (3,4) (4,1)
rmw: 
phi: (α = 1) ; (α = β) ; (α = γ)
--- execution 7 ---
E: 0=t-:I@ 1=t-:T@ 2=t0:W@x 3=t0:R@x 4=t0:W@x
po: (0,1) (0,2) (0,3) (0,4) (2,1) (2,3) (2,4) (3,1) (3,4) (4,1)
rf: (2,3)
dp: 
ppo: (0,1) (0,2) (0,3) (0,4) (2,1) (2,3) (2,4) (3,1) (3,4) (4,1)
rmw: 
phi: (α = 1) ; (β = 1) ; (β = γ)
--- execution 8 ---
E: 0=t-:I@ 1=t-:T@ 2=t0:W@x 3=t0:R@x 4=t0:W@x
po: (0,1) (0,2) (0,3) (0,4) (2,1) (2,3) (2,4) (3,1) (3,4) (4,1)
rf: (2,3)
dp: (3,4)
ppo: (0,1) (0,2) (0,3) (0,4) (2,1) (2,3) (2,4) (3,1) (3,4) (4,1)
rmw: 
phi: (α = 1) ; (β = 1) ; (γ = 1)
--- execution 9 ---
E: 0=t-:I@ 1=t-:T@ 2=t0:W@x 3=t0:W@x
po: (0,1) (0,2) (0,3) (2,1) (2,3) (3,1)
rf: 
dp: 
ppo: (0,1) (0,2) (0,3) (2,1) (2,3) (3,1)
rmw: 
phi: (α = 1) ; (α = β) ; (β = γ)
