verdict: valid
executions: 1
--- execution 0 ---
E: 0=t-:I@ 1=t-:T@ 2=t-:T@ 3=t-:T@ 4=t0:R@x 5=t0:W@x 6=t0:W@y 7=t2:R@y 8=t2:W@x
po: (0,1) (0,2) (0,3) (0,4) (0,5) (0,6) (0,7) (0,8) (4,1) (4,5) (5,1) (6,2) (7,3) (7,8) (8,3)
rf: (6,7) (8,4)
dp: (7,8)
ppo: (0,1) (0,2) (0,3) (0,4) (0,5) (0,6) (0,7) (0,8) (4,1) (4,5) (5,1) (6,2) (7,3) (8,3)
rmw: 
phi: (x != y) ; (α = β) ; (β = 1)
